Archive member included to satisfy reference by file (symbol)

libdrivers.a(stm32h7xx_hal.c.obj)
                              CMakeFiles/hw1.dir/Core/Src/main.c.obj (HAL_Init)
libdrivers.a(stm32h7xx_hal_cortex.c.obj)
                              libdrivers.a(stm32h7xx_hal.c.obj) (HAL_NVIC_SetPriorityGrouping)
libdrivers.a(stm32h7xx_hal_gpio.c.obj)
                              CMakeFiles/hw1.dir/Core/Src/gpio.c.obj (HAL_GPIO_Init)
libdrivers.a(stm32h7xx_hal_i2c.c.obj)
                              CMakeFiles/hw1.dir/Core/Src/i2c.c.obj (HAL_I2C_Init)
libdrivers.a(stm32h7xx_hal_i2c_ex.c.obj)
                              CMakeFiles/hw1.dir/Core/Src/i2c.c.obj (HAL_I2CEx_ConfigAnalogFilter)
libdrivers.a(stm32h7xx_hal_pwr_ex.c.obj)
                              CMakeFiles/hw1.dir/Core/Src/main.c.obj (HAL_PWREx_ConfigSupply)
libdrivers.a(stm32h7xx_hal_rcc.c.obj)
                              CMakeFiles/hw1.dir/Core/Src/main.c.obj (HAL_RCC_OscConfig)
libdrivers.a(stm32h7xx_hal_rcc_ex.c.obj)
                              CMakeFiles/hw1.dir/Core/Src/i2c.c.obj (HAL_RCCEx_PeriphCLKConfig)
libdrivers.a(stm32h7xx_hal_tim.c.obj)
                              CMakeFiles/hw1.dir/Core/Src/tim.c.obj (HAL_TIM_Base_Init)
libdrivers.a(stm32h7xx_hal_tim_ex.c.obj)
                              libdrivers.a(stm32h7xx_hal_tim.c.obj) (TIMEx_DMACommutationCplt)
libdrivers.a(stm32h7xx_hal_uart.c.obj)
                              CMakeFiles/hw1.dir/Core/Src/usart.c.obj (HAL_UART_Init)
libdrivers.a(stm32h7xx_hal_uart_ex.c.obj)
                              libdrivers.a(stm32h7xx_hal_uart.c.obj) (HAL_UARTEx_WakeupCallback)
libdrivers.a(stm32h7xx_hal_dma.c.obj)
                              libdrivers.a(stm32h7xx_hal_i2c.c.obj) (HAL_DMA_Start_IT)
libdrivers.a(stm32h7xx_hal_pwr.c.obj)
                              libdrivers.a(stm32h7xx_hal_pwr_ex.c.obj) (HAL_PWR_PVDCallback)
D:/arm-gnu/bin/../lib/gcc/arm-none-eabi/13.3.1/thumb/v7e-m+dp/hard\libstdc++_nano.a(new_op.o)
                              CMakeFiles/hw1.dir/Tasks/Src/main_task.cpp.obj (operator new(unsigned int))
D:/arm-gnu/bin/../lib/gcc/arm-none-eabi/13.3.1/thumb/v7e-m+dp/hard\libstdc++_nano.a(new_handler.o)
                              D:/arm-gnu/bin/../lib/gcc/arm-none-eabi/13.3.1/thumb/v7e-m+dp/hard\libstdc++_nano.a(new_op.o) (std::get_new_handler())
D:/arm-gnu/bin/../lib/gcc/arm-none-eabi/13.3.1/thumb/v7e-m+dp/hard\libc_nano.a(libc_a-abort.o)
                              D:/arm-gnu/bin/../lib/gcc/arm-none-eabi/13.3.1/thumb/v7e-m+dp/hard\libstdc++_nano.a(new_op.o) (abort)
D:/arm-gnu/bin/../lib/gcc/arm-none-eabi/13.3.1/thumb/v7e-m+dp/hard\libc_nano.a(libc_a-exit.o)
                              D:/arm-gnu/bin/../lib/gcc/arm-none-eabi/13.3.1/thumb/v7e-m+dp/hard/crt0.o (exit)
D:/arm-gnu/bin/../lib/gcc/arm-none-eabi/13.3.1/thumb/v7e-m+dp/hard\libc_nano.a(libc_a-malloc.o)
                              D:/arm-gnu/bin/../lib/gcc/arm-none-eabi/13.3.1/thumb/v7e-m+dp/hard\libstdc++_nano.a(new_op.o) (malloc)
D:/arm-gnu/bin/../lib/gcc/arm-none-eabi/13.3.1/thumb/v7e-m+dp/hard\libc_nano.a(libc_a-mallocr.o)
                              D:/arm-gnu/bin/../lib/gcc/arm-none-eabi/13.3.1/thumb/v7e-m+dp/hard\libc_nano.a(libc_a-malloc.o) (_malloc_r)
D:/arm-gnu/bin/../lib/gcc/arm-none-eabi/13.3.1/thumb/v7e-m+dp/hard\libc_nano.a(libc_a-mlock.o)
                              D:/arm-gnu/bin/../lib/gcc/arm-none-eabi/13.3.1/thumb/v7e-m+dp/hard\libc_nano.a(libc_a-mallocr.o) (__malloc_lock)
D:/arm-gnu/bin/../lib/gcc/arm-none-eabi/13.3.1/thumb/v7e-m+dp/hard\libc_nano.a(libc_a-findfp.o)
                              D:/arm-gnu/bin/../lib/gcc/arm-none-eabi/13.3.1/thumb/v7e-m+dp/hard\libc_nano.a(libc_a-exit.o) (__stdio_exit_handler)
D:/arm-gnu/bin/../lib/gcc/arm-none-eabi/13.3.1/thumb/v7e-m+dp/hard\libc_nano.a(libc_a-fwalk.o)
                              D:/arm-gnu/bin/../lib/gcc/arm-none-eabi/13.3.1/thumb/v7e-m+dp/hard\libc_nano.a(libc_a-findfp.o) (_fwalk_sglue)
D:/arm-gnu/bin/../lib/gcc/arm-none-eabi/13.3.1/thumb/v7e-m+dp/hard\libc_nano.a(libc_a-stdio.o)
                              D:/arm-gnu/bin/../lib/gcc/arm-none-eabi/13.3.1/thumb/v7e-m+dp/hard\libc_nano.a(libc_a-findfp.o) (__sread)
D:/arm-gnu/bin/../lib/gcc/arm-none-eabi/13.3.1/thumb/v7e-m+dp/hard\libc_nano.a(libc_a-memset.o)
                              D:/arm-gnu/bin/../lib/gcc/arm-none-eabi/13.3.1/thumb/v7e-m+dp/hard/crt0.o (memset)
D:/arm-gnu/bin/../lib/gcc/arm-none-eabi/13.3.1/thumb/v7e-m+dp/hard\libc_nano.a(libc_a-signal.o)
                              D:/arm-gnu/bin/../lib/gcc/arm-none-eabi/13.3.1/thumb/v7e-m+dp/hard\libc_nano.a(libc_a-abort.o) (raise)
D:/arm-gnu/bin/../lib/gcc/arm-none-eabi/13.3.1/thumb/v7e-m+dp/hard\libc_nano.a(libc_a-closer.o)
                              D:/arm-gnu/bin/../lib/gcc/arm-none-eabi/13.3.1/thumb/v7e-m+dp/hard\libc_nano.a(libc_a-stdio.o) (_close_r)
D:/arm-gnu/bin/../lib/gcc/arm-none-eabi/13.3.1/thumb/v7e-m+dp/hard\libc_nano.a(libc_a-reent.o)
[...]
Memory Configuration

Name             Origin             Length             Attributes
DTCMRAM          0x20000000         0x00020000         xrw
RAM              0x24000000         0x00020000         xrw
RAM_D2           0x30000000         0x00008000         xrw
RAM_D3           0x38000000         0x00004000         xrw
ITCMRAM          0x00000000         0x00010000         xrw
FLASH            0x08000000         0x00100000         xr
*default*        0x00000000         0xffffffff

Linker script and memory map

LOAD D:/arm-gnu/bin/../lib/gcc/arm-none-eabi/13.3.1/thumb/v7e-m+dp/hard/crti.o
LOAD D:/arm-gnu/bin/../lib/gcc/arm-none-eabi/13.3.1/thumb/v7e-m+dp/hard/crtbegin.o
LOAD D:/arm-gnu/bin/../lib/gcc/arm-none-eabi/13.3.1/thumb/v7e-m+dp/hard/crt0.o
START GROUP
END GROUP
START GROUP
LOAD D:/arm-gnu/bin/../lib/gcc/arm-none-eabi/13.3.1/thumb/v7e-m+dp/hard\libstdc++_nano.a
LOAD D:/arm-gnu/bin/../lib/gcc/arm-none-eabi/13.3.1/thumb/v7e-m+dp/hard\libsupc++_nano.a
END GROUP
LOAD CMakeFiles/hw1.dir/Core/Src/gpio.c.obj
LOAD CMakeFiles/hw1.dir/Core/Src/i2c.c.obj
LOAD CMakeFiles/hw1.dir/Core/Src/main.c.obj
LOAD CMakeFiles/hw1.dir/Core/Src/memorymap.c.obj
LOAD CMakeFiles/hw1.dir/Core/Src/stm32h7xx_hal_msp.c.obj
LOAD CMakeFiles/hw1.dir/Core/Src/stm32h7xx_it.c.obj
LOAD CMakeFiles/hw1.dir/Core/Src/syscalls.c.obj
LOAD CMakeFiles/hw1.dir/Core/Src/sysmem.c.obj
LOAD CMakeFiles/hw1.dir/Core/Src/system_stm32h7xx.c.obj
LOAD CMakeFiles/hw1.dir/Core/Src/tim.c.obj
LOAD CMakeFiles/hw1.dir/Core/Src/usart.c.obj
LOAD CMakeFiles/hw1.dir/Resources/Src/CommHostComputer.cpp.obj
LOAD CMakeFiles/hw1.dir/Resources/Src/DeepSensor.cpp.obj
LOAD CMakeFiles/hw1.dir/Resources/Src/DistanceSensor.cpp.obj
LOAD CMakeFiles/hw1.dir/Resources/Src/Imu.cpp.obj
LOAD CMakeFiles/hw1.dir/Resources/Src/Motor.cpp.obj
LOAD CMakeFiles/hw1.dir/Tasks/Src/main_task.cpp.obj
LOAD CMakeFiles/hw1.dir/Bsp/Src/MS5837.c.obj
LOAD CMakeFiles/hw1.dir/startup_stm32h723xx.s.obj
LOAD libdrivers.a
LOAD D:/arm-gnu/bin/../lib/gcc/arm-none-eabi/13.3.1/thumb/v7e-m+dp/hard\libstdc++_nano.a
LOAD D:/arm-gnu/bin/../lib/gcc/arm-none-eabi/13.3.1/thumb/v7e-m+dp/hard\libm.a
LOAD D:/arm-gnu/bin/../lib/gcc/arm-none-eabi/13.3.1/thumb/v7e-m+dp/hard\libc_nano.a
START GROUP
LOAD D:/arm-gnu/bin/../lib/gcc/arm-none-eabi/13.3.1/thumb/v7e-m+dp/hard\libgcc.a
LOAD D:/arm-gnu/bin/../lib/gcc/arm-none-eabi/13.3.1/thumb/v7e-m+dp/hard\libg_nano.a
LOAD D:/arm-gnu/bin/../lib/gcc/arm-none-eabi/13.3.1/thumb/v7e-m+dp/hard\libc_nano.a
END GROUP
START GROUP
LOAD D:/arm-gnu/bin/../lib/gcc/arm-none-eabi/13.3.1/thumb/v7e-m+dp/hard\libgcc.a
LOAD D:/arm-gnu/bin/../lib/gcc/arm-none-eabi/13.3.1/thumb/v7e-m+dp/hard\libc_nano.a
END GROUP
LOAD D:/arm-gnu/bin/../lib/gcc/arm-none-eabi/13.3.1/thumb/v7e-m+dp/hard/crtend.o
LOAD D:/arm-gnu/bin/../lib/gcc/arm-none-eabi/13.3.1/thumb/v7e-m+dp/hard/crtn.o
                0x20020000                        _estack = (ORIGIN (DTCMRAM) + LENGTH (DTCMRAM))
                0x00000200                        _Min_Heap_Size = 0x200
                0x00000400                        _Min_Stack_Size = 0x400

.isr_vector     0x08000000      0x2cc
                0x08000000                        . = ALIGN (0x4)
 *(.isr_vector)
 .isr_vector    0x08000000      0x2cc CMakeFiles/hw1.dir/startup_stm32h723xx.s.obj
                0x08000000                g_pfnVectors
                0x080002cc                        . = ALIGN (0x4)

.text           0x080002cc     0x9304
                0x080002cc                        . = ALIGN (0x4)
 *(.text)
 .text          0x080002cc       0x30 D:/arm-gnu/bin/../lib/gcc/arm-none-eabi/13.3.1/thumb/v7e-m+dp/hard\libgcc.a(_aeabi_uldivmod.o)
                0x080002cc                __aeabi_uldivmod
 .text          0x080002fc        0x4 D:/arm-gnu/bin/../lib/gcc/arm-none-eabi/13.3.1/thumb/v7e-m+dp/hard\libgcc.a(_dvmd_tls.o)
                0x080002fc                __aeabi_idiv0
                0x080002fc                __aeabi_ldiv0
 *(.text*)
 .text.deregister_tm_clones
                0x08000300       0x1c D:/arm-gnu/bin/../lib/gcc/arm-none-eabi/13.3.1/thumb/v7e-m+dp/hard/crtbegin.o
 .text.register_tm_clones
                0x0800031c       0x24 D:/arm-gnu/bin/../lib/gcc/arm-none-eabi/13.3.1/thumb/v7e-m+dp/hard/crtbegin.o
 .text.__do_global_dtors_aux
                0x08000340       0x28 D:/arm-gnu/bin/../lib/gcc/arm-none-eabi/13.3.1/thumb/v7e-m+dp/hard/crtbegin.o
 .text.frame_dummy
                0x08000368       0x24 D:/arm-gnu/bin/../lib/gcc/arm-none-eabi/13.3.1/thumb/v7e-m+dp/hard/crtbegin.o
 .text.MX_GPIO_Init
                0x0800038c      0x158 CMakeFiles/hw1.dir/Core/Src/gpio.c.obj
                0x0800038c                MX_GPIO_Init
 .text.MX_I2C1_Init
                0x080004e4       0x80 CMakeFiles/hw1.dir/Core/Src/i2c.c.obj
                0x080004e4                MX_I2C1_Init
 .text.HAL_I2C_MspInit
                0x08000564       0xd0 CMakeFiles/hw1.dir/Core/Src/i2c.c.obj
                0x08000564                HAL_I2C_MspInit
 .text.main     0x08000634       0x36 CMakeFiles/hw1.dir/Core/Src/main.c.obj
                0x08000634                main
 *fill*         0x0800066a        0x2 
 .text.SystemClock_Config
                0x0800066c       0xdc CMakeFiles/hw1.dir/Core/Src/main.c.obj
                0x0800066c                SystemClock_Config
 .text.MPU_Config
                0x08000748       0x58 CMakeFiles/hw1.dir/Core/Src/main.c.obj
 .text.Error_Handler
                0x080007a0        0xc CMakeFiles/hw1.dir/Core/Src/main.c.obj
                0x080007a0                Error_Handler
 .text.HAL_MspInit
                0x080007ac       0x34 CMakeFiles/hw1.dir/Core/Src/stm32h7xx_hal_msp.c.obj
                0x080007ac                HAL_MspInit
 .text.NMI_Handler
                0x080007e0        0x8 CMakeFiles/hw1.dir/Core/Src/stm32h7xx_it.c.obj
                0x080007e0                NMI_Handler
 .text.HardFault_Handler
                0x080007e8        0x8 CMakeFiles/hw1.dir/Core/Src/stm32h7xx_it.c.obj
                0x080007e8                HardFault_Handler
 .text.MemManage_Handler
                0x080007f0        0x8 CMakeFiles/hw1.dir/Core/Src/stm32h7xx_it.c.obj
                0x080007f0                MemManage_Handler
 .text.BusFault_Handler
                0x080007f8        0x8 CMakeFiles/hw1.dir/Core/Src/stm32h7xx_it.c.obj
                0x080007f8                BusFault_Handler
 .text.UsageFault_Handler
                0x08000800        0x8 CMakeFiles/hw1.dir/Core/Src/stm32h7xx_it.c.obj
                0x08000800                UsageFault_Handler
 .text.SVC_Handler
                0x08000808        0xe CMakeFiles/hw1.dir/Core/Src/stm32h7xx_it.c.obj
                0x08000808                SVC_Handler
 .text.DebugMon_Handler
                0x08000816        0xe CMakeFiles/hw1.dir/Core/Src/stm32h7xx_it.c.obj
                0x08000816                DebugMon_Handler
 .text.PendSV_Handler
                0x08000824        0xe CMakeFiles/hw1.dir/Core/Src/stm32h7xx_it.c.obj
                0x08000824                PendSV_Handler
 .text.SysTick_Handler
                0x08000832        0xc CMakeFiles/hw1.dir/Core/Src/stm32h7xx_it.c.obj
                0x08000832                SysTick_Handler
 *fill*         0x0800083e        0x2 
 .text.USART1_IRQHandler
                0x08000840       0x14 CMakeFiles/hw1.dir/Core/Src/stm32h7xx_it.c.obj
                0x08000840                USART1_IRQHandler
 .text.USART2_IRQHandler
                0x08000854       0x14 CMakeFiles/hw1.dir/Core/Src/stm32h7xx_it.c.obj
                0x08000854                USART2_IRQHandler
 .text.UART4_IRQHandler
                0x08000868       0x14 CMakeFiles/hw1.dir/Core/Src/stm32h7xx_it.c.obj
                0x08000868                UART4_IRQHandler
 .text._getpid  0x0800087c       0x10 CMakeFiles/hw1.dir/Core/Src/syscalls.c.obj
                0x0800087c                _getpid
 .text._kill    0x0800088c       0x20 CMakeFiles/hw1.dir/Core/Src/syscalls.c.obj
                0x0800088c                _kill
 .text._exit    0x080008ac       0x16 CMakeFiles/hw1.dir/Core/Src/syscalls.c.obj
                0x080008ac                _exit
 *fill*         0x080008c2        0x2 
 .text._sbrk    0x080008c4       0x6c CMakeFiles/hw1.dir/Core/Src/sysmem.c.obj
                0x080008c4                _sbrk
 .text.SystemInit
                0x08000930      0x120 CMakeFiles/hw1.dir/Core/Src/system_stm32h7xx.c.obj
                0x08000930                SystemInit
 .text.ExitRun0Mode
                0x08000a50       0x30 CMakeFiles/hw1.dir/Core/Src/system_stm32h7xx.c.obj
                0x08000a50                ExitRun0Mode
 .text.MX_TIM3_Init
                0x08000a80       0xf0 CMakeFiles/hw1.dir/Core/Src/tim.c.obj
                0x08000a80                MX_TIM3_Init
 .text.MX_TIM24_Init
                0x08000b70      0x134 CMakeFiles/hw1.dir/Core/Src/tim.c.obj
                0x08000b70                MX_TIM24_Init
 .text.HAL_TIM_Base_MspInit
                0x08000ca4       0x74 CMakeFiles/hw1.dir/Core/Src/tim.c.obj
                0x08000ca4                HAL_TIM_Base_MspInit
 .text.HAL_TIM_MspPostInit
                0x08000d18       0xc8 CMakeFiles/hw1.dir/Core/Src/tim.c.obj
                0x08000d18                HAL_TIM_MspPostInit
 .text.MX_UART4_Init
                0x08000de0       0x98 CMakeFiles/hw1.dir/Core/Src/usart.c.obj
                0x08000de0                MX_UART4_Init
 .text.MX_USART1_UART_Init
                0x08000e78       0x98 CMakeFiles/hw1.dir/Core/Src/usart.c.obj
                0x08000e78                MX_USART1_UART_Init
 .text.MX_USART2_UART_Init
                0x08000f10       0x98 CMakeFiles/hw1.dir/Core/Src/usart.c.obj
                0x08000f10                MX_USART2_UART_Init
 .text.HAL_UART_MspInit
                0x08000fa8      0x28c CMakeFiles/hw1.dir/Core/Src/usart.c.obj
                0x08000fa8                HAL_UART_MspInit
 .text._ZN16CommHostComputer4InitEP20__UART_HandleTypeDef
                0x08001234       0x40 CMakeFiles/hw1.dir/Resources/Src/CommHostComputer.cpp.obj
                0x08001234                CommHostComputer::Init(__UART_HandleTypeDef*)
 .text._ZN16CommHostComputer6DecodeEv
                0x08001274      0x274 CMakeFiles/hw1.dir/Resources/Src/CommHostComputer.cpp.obj
                0x08001274                CommHostComputer::Decode()
 .text._ZN10DeepSensorC2Ev
                0x080014e8       0x3c CMakeFiles/hw1.dir/Tasks/Src/main_task.cpp.obj
                0x080014e8                DeepSensor::DeepSensor()
                0x080014e8                DeepSensor::DeepSensor()
 .text._ZN3ImuC2Ev
                0x08001524       0x84 CMakeFiles/hw1.dir/Tasks/Src/main_task.cpp.obj
                0x08001524                Imu::Imu()
                0x08001524                Imu::Imu()
 .text._ZN16CommHostComputer3CmdC2Ev
                0x080015a8       0x42 CMakeFiles/hw1.dir/Tasks/Src/main_task.cpp.obj
                0x080015a8                CommHostComputer::Cmd::Cmd()
                0x080015a8                CommHostComputer::Cmd::Cmd()
 .text._ZN16CommHostComputerC2Ev
                0x080015ea       0x2e CMakeFiles/hw1.dir/Tasks/Src/main_task.cpp.obj
                0x080015ea                CommHostComputer::CommHostComputer()
                0x080015ea                CommHostComputer::CommHostComputer()
 .text._ZN5MotorC2Ev
                0x08001618       0x40 CMakeFiles/hw1.dir/Tasks/Src/main_task.cpp.obj
                0x08001618                Motor::Motor()
                0x08001618                Motor::Motor()
 .text.MainInit
                0x08001658       0x34 CMakeFiles/hw1.dir/Tasks/Src/main_task.cpp.obj
                0x08001658                MainInit
 .text.MainTask
                0x0800168c       0x34 CMakeFiles/hw1.dir/Tasks/Src/main_task.cpp.obj
                0x0800168c                MainTask
 .text.HAL_UART_RxCpltCallback
                0x080016c0       0x3c CMakeFiles/hw1.dir/Tasks/Src/main_task.cpp.obj
                0x080016c0                HAL_UART_RxCpltCallback
 .text._Z41__static_initialization_and_destruction_0v
                0x080016fc       0x68 CMakeFiles/hw1.dir/Tasks/Src/main_task.cpp.obj
 .text._GLOBAL__sub_I_deep_sensor_ptr
                0x08001764        0xa CMakeFiles/hw1.dir/Tasks/Src/main_task.cpp.obj
 *fill*         0x0800176e        0x2 
 .text.Reset_Handler
                0x08001770       0x54 CMakeFiles/hw1.dir/startup_stm32h723xx.s.obj
                0x08001770                Reset_Handler
 .text.Default_Handler
                0x080017c4        0x2 CMakeFiles/hw1.dir/startup_stm32h723xx.s.obj
                0x080017c4                RTC_Alarm_IRQHandler
                0x080017c4                EXTI2_IRQHandler
                0x080017c4                TIM8_CC_IRQHandler
                0x080017c4                UART8_IRQHandler
                0x080017c4                SPI4_IRQHandler
                0x080017c4                FDCAN3_IT0_IRQHandler
                0x080017c4                TIM1_CC_IRQHandler
                0x080017c4                BDMA_Channel6_IRQHandler
                0x080017c4                DMA2_Stream5_IRQHandler
                0x080017c4                DMA1_Stream5_IRQHandler
                0x080017c4                CORDIC_IRQHandler
                0x080017c4                BDMA_Channel1_IRQHandler
                0x080017c4                TAMP_STAMP_IRQHandler
                0x080017c4                EXTI3_IRQHandler
                0x080017c4                LPTIM4_IRQHandler
                0x080017c4                TIM8_TRG_COM_TIM14_IRQHandler
                0x080017c4                LPTIM2_IRQHandler
                0x080017c4                DFSDM1_FLT1_IRQHandler
                0x080017c4                DMAMUX2_OVR_IRQHandler
                0x080017c4                TIM8_UP_TIM13_IRQHandler
                0x080017c4                I2C3_ER_IRQHandler
                0x080017c4                DFSDM1_FLT2_IRQHandler
                0x080017c4                I2C5_EV_IRQHandler
                0x080017c4                USART10_IRQHandler
                0x080017c4                MDMA_IRQHandler
                0x080017c4                LPTIM3_IRQHandler
                0x080017c4                HSEM1_IRQHandler
                0x080017c4                EXTI0_IRQHandler
                0x080017c4                I2C2_EV_IRQHandler
                0x080017c4                DMA1_Stream2_IRQHandler
                0x080017c4                FPU_IRQHandler
                0x080017c4                OTG_HS_WKUP_IRQHandler
                0x080017c4                FDCAN1_IT1_IRQHandler
                0x080017c4                LTDC_ER_IRQHandler
                0x080017c4                DMA2_Stream2_IRQHandler
                0x080017c4                SPI1_IRQHandler
                0x080017c4                OCTOSPI1_IRQHandler
                0x080017c4                TIM6_DAC_IRQHandler
                0x080017c4                DMA2_Stream3_IRQHandler
                0x080017c4                OCTOSPI2_IRQHandler
                0x080017c4                DFSDM1_FLT3_IRQHandler
                0x080017c4                TIM23_IRQHandler
                0x080017c4                USART6_IRQHandler
                0x080017c4                TIM17_IRQHandler
                0x080017c4                USART3_IRQHandler
                0x080017c4                BDMA_Channel7_IRQHandler
                0x080017c4                LPTIM5_IRQHandler
                0x080017c4                UART5_IRQHandler
                0x080017c4                ADC3_IRQHandler
                0x080017c4                DMA2_Stream0_IRQHandler
                0x080017c4                TIM4_IRQHandler
                0x080017c4                BDMA_Channel2_IRQHandler
                0x080017c4                I2C1_EV_IRQHandler
                0x080017c4                DMA1_Stream6_IRQHandler
                0x080017c4                DMAMUX1_OVR_IRQHandler
                0x080017c4                DMA1_Stream1_IRQHandler
                0x080017c4                TIM16_IRQHandler
                0x080017c4                BDMA_Channel5_IRQHandler
                0x080017c4                TIM3_IRQHandler
                0x080017c4                RCC_IRQHandler
                0x080017c4                UART9_IRQHandler
                0x080017c4                TIM8_BRK_TIM12_IRQHandler
                0x080017c4                TIM1_TRG_COM_IRQHandler
                0x080017c4                Default_Handler
                0x080017c4                ECC_IRQHandler
                0x080017c4                FMAC_IRQHandler
                0x080017c4                CEC_IRQHandler
                0x080017c4                EXTI15_10_IRQHandler
                0x080017c4                BDMA_Channel0_IRQHandler
                0x080017c4                ADC_IRQHandler
                0x080017c4                I2C5_ER_IRQHandler
                0x080017c4                DMA1_Stream7_IRQHandler
                0x080017c4                SPI5_IRQHandler
                0x080017c4                TIM7_IRQHandler
                0x080017c4                FDCAN3_IT1_IRQHandler
                0x080017c4                SDMMC1_IRQHandler
                0x080017c4                TIM5_IRQHandler
                0x080017c4                DMA2_Stream7_IRQHandler
                0x080017c4                TIM15_IRQHandler
                0x080017c4                PVD_AVD_IRQHandler
                0x080017c4                I2C3_EV_IRQHandler
                0x080017c4                EXTI9_5_IRQHandler
                0x080017c4                RTC_WKUP_IRQHandler
                0x080017c4                LTDC_IRQHandler
                0x080017c4                ETH_WKUP_IRQHandler
                0x080017c4                SPDIF_RX_IRQHandler
                0x080017c4                SPI2_IRQHandler
                0x080017c4                OTG_HS_EP1_IN_IRQHandler
                0x080017c4                DMA1_Stream0_IRQHandler
                0x080017c4                TIM24_IRQHandler
                0x080017c4                CRS_IRQHandler
                0x080017c4                EXTI4_IRQHandler
                0x080017c4                RNG_IRQHandler
                0x080017c4                FDCAN2_IT1_IRQHandler
                0x080017c4                ETH_IRQHandler
                0x080017c4                TIM1_UP_IRQHandler
                0x080017c4                BDMA_Channel4_IRQHandler
                0x080017c4                OTG_HS_EP1_OUT_IRQHandler
                0x080017c4                WWDG_IRQHandler
                0x080017c4                SPI6_IRQHandler
                0x080017c4                MDIOS_IRQHandler
                0x080017c4                I2C4_EV_IRQHandler
                0x080017c4                FDCAN2_IT0_IRQHandler
                0x080017c4                LPUART1_IRQHandler
                0x080017c4                FDCAN1_IT0_IRQHandler
                0x080017c4                TIM2_IRQHandler
                0x080017c4                OTG_HS_IRQHandler
                0x080017c4                DMA2D_IRQHandler
                0x080017c4                TIM1_BRK_IRQHandler
                0x080017c4                EXTI1_IRQHandler
                0x080017c4                SDMMC2_IRQHandler
                0x080017c4                BDMA_Channel3_IRQHandler
                0x080017c4                DTS_IRQHandler
                0x080017c4                UART7_IRQHandler
                0x080017c4                MDIOS_WKUP_IRQHandler
                0x080017c4                DFSDM1_FLT0_IRQHandler
                0x080017c4                SAI4_IRQHandler
                0x080017c4                I2C2_ER_IRQHandler
                0x080017c4                DMA2_Stream1_IRQHandler
                0x080017c4                FLASH_IRQHandler
                0x080017c4                DMA2_Stream4_IRQHandler
                0x080017c4                SPI3_IRQHandler
                0x080017c4                WAKEUP_PIN_IRQHandler
                0x080017c4                DMA1_Stream4_IRQHandler
                0x080017c4                I2C1_ER_IRQHandler
                0x080017c4                FMC_IRQHandler
                0x080017c4                FDCAN_CAL_IRQHandler
                0x080017c4                SWPMI1_IRQHandler
                0x080017c4                COMP1_IRQHandler
                0x080017c4                LPTIM1_IRQHandler
                0x080017c4                DCMI_PSSI_IRQHandler
                0x080017c4                I2C4_ER_IRQHandler
                0x080017c4                DMA2_Stream6_IRQHandler
                0x080017c4                SAI1_IRQHandler
                0x080017c4                DMA1_Stream3_IRQHandler
 *fill*         0x080017c6        0x2 
 .text.HAL_Init
                0x080017c8       0x78 libdrivers.a(stm32h7xx_hal.c.obj)
                0x080017c8                HAL_Init
 .text.HAL_InitTick
                0x08001840       0x6c libdrivers.a(stm32h7xx_hal.c.obj)
                0x08001840                HAL_InitTick
 .text.HAL_IncTick
                0x080018ac       0x28 libdrivers.a(stm32h7xx_hal.c.obj)
                0x080018ac                HAL_IncTick
 .text.HAL_GetTick
                0x080018d4       0x18 libdrivers.a(stm32h7xx_hal.c.obj)
                0x080018d4                HAL_GetTick
 .text.HAL_Delay
                0x080018ec       0x48 libdrivers.a(stm32h7xx_hal.c.obj)
                0x080018ec                HAL_Delay
 .text.__NVIC_SetPriorityGrouping
                0x08001934       0x48 libdrivers.a(stm32h7xx_hal_cortex.c.obj)
 .text.__NVIC_GetPriorityGrouping
                0x0800197c       0x1c libdrivers.a(stm32h7xx_hal_cortex.c.obj)
 .text.__NVIC_EnableIRQ
                0x08001998       0x3c libdrivers.a(stm32h7xx_hal_cortex.c.obj)
 .text.__NVIC_SetPriority
                0x080019d4       0x54 libdrivers.a(stm32h7xx_hal_cortex.c.obj)
 .text.NVIC_EncodePriority
                0x08001a28       0x66 libdrivers.a(stm32h7xx_hal_cortex.c.obj)
 *fill*         0x08001a8e        0x2 
 .text.SysTick_Config
                0x08001a90       0x44 libdrivers.a(stm32h7xx_hal_cortex.c.obj)
 .text.HAL_NVIC_SetPriorityGrouping
                0x08001ad4       0x16 libdrivers.a(stm32h7xx_hal_cortex.c.obj)
                0x08001ad4                HAL_NVIC_SetPriorityGrouping
 .text.HAL_NVIC_SetPriority
                0x08001aea       0x34 libdrivers.a(stm32h7xx_hal_cortex.c.obj)
                0x08001aea                HAL_NVIC_SetPriority
 .text.HAL_NVIC_EnableIRQ
                0x08001b1e       0x1c libdrivers.a(stm32h7xx_hal_cortex.c.obj)
                0x08001b1e                HAL_NVIC_EnableIRQ
 .text.HAL_SYSTICK_Config
                0x08001b3a       0x18 libdrivers.a(stm32h7xx_hal_cortex.c.obj)
                0x08001b3a                HAL_SYSTICK_Config
 *fill*         0x08001b52        0x2 
 .text.HAL_MPU_Disable
                0x08001b54       0x30 libdrivers.a(stm32h7xx_hal_cortex.c.obj)
                0x08001b54                HAL_MPU_Disable
 .text.HAL_MPU_Enable
                0x08001b84       0x40 libdrivers.a(stm32h7xx_hal_cortex.c.obj)
                0x08001b84                HAL_MPU_Enable
 .text.HAL_MPU_ConfigRegion
                0x08001bc4       0x80 libdrivers.a(stm32h7xx_hal_cortex.c.obj)
                0x08001bc4                HAL_MPU_ConfigRegion
 .text.HAL_GPIO_Init
                0x08001c44      0x350 libdrivers.a(stm32h7xx_hal_gpio.c.obj)
                0x08001c44                HAL_GPIO_Init
 .text.HAL_GPIO_WritePin
                0x08001f94       0x32 libdrivers.a(stm32h7xx_hal_gpio.c.obj)
                0x08001f94                HAL_GPIO_WritePin
 *fill*         0x08001fc6        0x2 
 .text.HAL_I2C_Init
                0x08001fc8      0x138 libdrivers.a(stm32h7xx_hal_i2c.c.obj)
                0x08001fc8                HAL_I2C_Init
 .text.HAL_I2CEx_ConfigAnalogFilter
                0x08002100       0x96 libdrivers.a(stm32h7xx_hal_i2c_ex.c.obj)
                0x08002100                HAL_I2CEx_ConfigAnalogFilter
 .text.HAL_I2CEx_ConfigDigitalFilter
                0x08002196       0x98 libdrivers.a(stm32h7xx_hal_i2c_ex.c.obj)
                0x08002196                HAL_I2CEx_ConfigDigitalFilter
 *fill*         0x0800222e        0x2 
 .text.HAL_PWREx_ConfigSupply
                0x08002230       0x74 libdrivers.a(stm32h7xx_hal_pwr_ex.c.obj)
                0x08002230                HAL_PWREx_ConfigSupply
 .text.HAL_RCC_OscConfig
                0x080022a4      0x7b4 libdrivers.a(stm32h7xx_hal_rcc.c.obj)
                0x080022a4                HAL_RCC_OscConfig
 .text.HAL_RCC_ClockConfig
                0x08002a58      0x36c libdrivers.a(stm32h7xx_hal_rcc.c.obj)
                0x08002a58                HAL_RCC_ClockConfig
 .text.HAL_RCC_GetSysClockFreq
                0x08002dc4      0x2f4 libdrivers.a(stm32h7xx_hal_rcc.c.obj)
                0x08002dc4                HAL_RCC_GetSysClockFreq
 .text.HAL_RCC_GetHCLKFreq
                0x080030b8       0x60 libdrivers.a(stm32h7xx_hal_rcc.c.obj)
                0x080030b8                HAL_RCC_GetHCLKFreq
 .text.HAL_RCC_GetPCLK1Freq
                0x08003118       0x2c libdrivers.a(stm32h7xx_hal_rcc.c.obj)
                0x08003118                HAL_RCC_GetPCLK1Freq
 .text.HAL_RCC_GetPCLK2Freq
                0x08003144       0x2c libdrivers.a(stm32h7xx_hal_rcc.c.obj)
                0x08003144                HAL_RCC_GetPCLK2Freq
 .text.HAL_RCCEx_PeriphCLKConfig
                0x08003170     0x1340 libdrivers.a(stm32h7xx_hal_rcc_ex.c.obj)
                0x08003170                HAL_RCCEx_PeriphCLKConfig
 .text.HAL_RCCEx_GetD3PCLK1Freq
                0x080044b0       0x2c libdrivers.a(stm32h7xx_hal_rcc_ex.c.obj)
                0x080044b0                HAL_RCCEx_GetD3PCLK1Freq
 .text.HAL_RCCEx_GetPLL2ClockFreq
                0x080044dc      0x2a8 libdrivers.a(stm32h7xx_hal_rcc_ex.c.obj)
                0x080044dc                HAL_RCCEx_GetPLL2ClockFreq
 .text.HAL_RCCEx_GetPLL3ClockFreq
                0x08004784      0x2a8 libdrivers.a(stm32h7xx_hal_rcc_ex.c.obj)
                0x08004784                HAL_RCCEx_GetPLL3ClockFreq
 .text.RCCEx_PLL2_Config
                0x08004a2c      0x164 libdrivers.a(stm32h7xx_hal_rcc_ex.c.obj)
 .text.RCCEx_PLL3_Config
                0x08004b90      0x164 libdrivers.a(stm32h7xx_hal_rcc_ex.c.obj)
 .text.HAL_TIM_Base_Init
                0x08004cf4       0xae libdrivers.a(stm32h7xx_hal_tim.c.obj)
                0x08004cf4                HAL_TIM_Base_Init
 .text.HAL_TIM_PWM_Init
                0x08004da2       0xae libdrivers.a(stm32h7xx_hal_tim.c.obj)
                0x08004da2                HAL_TIM_PWM_Init
 .text.HAL_TIM_PWM_MspInit
                0x08004e50       0x14 libdrivers.a(stm32h7xx_hal_tim.c.obj)
                0x08004e50                HAL_TIM_PWM_MspInit
 .text.HAL_TIM_PWM_ConfigChannel
                0x08004e64      0x228 libdrivers.a(stm32h7xx_hal_tim.c.obj)
                0x08004e64                HAL_TIM_PWM_ConfigChannel
 .text.HAL_TIM_ConfigClockSource
                0x0800508c      0x1f0 libdrivers.a(stm32h7xx_hal_tim.c.obj)
                0x0800508c                HAL_TIM_ConfigClockSource
 .text.TIM_Base_SetConfig
                0x0800527c      0x158 libdrivers.a(stm32h7xx_hal_tim.c.obj)
                0x0800527c                TIM_Base_SetConfig
 .text.TIM_OC1_SetConfig
                0x080053d4      0x120 libdrivers.a(stm32h7xx_hal_tim.c.obj)
 .text.TIM_OC2_SetConfig
                0x080054f4      0x114 libdrivers.a(stm32h7xx_hal_tim.c.obj)
                0x080054f4                TIM_OC2_SetConfig
 .text.TIM_OC3_SetConfig
                0x08005608      0x110 libdrivers.a(stm32h7xx_hal_tim.c.obj)
 .text.TIM_OC4_SetConfig
                0x08005718       0xd4 libdrivers.a(stm32h7xx_hal_tim.c.obj)
 .text.TIM_OC5_SetConfig
                0x080057ec       0xc8 libdrivers.a(stm32h7xx_hal_tim.c.obj)
 .text.TIM_OC6_SetConfig
                0x080058b4       0xcc libdrivers.a(stm32h7xx_hal_tim.c.obj)
 .text.TIM_TI1_ConfigInputStage
                0x08005980       0x5e libdrivers.a(stm32h7xx_hal_tim.c.obj)
 .text.TIM_TI2_ConfigInputStage
                0x080059de       0x60 libdrivers.a(stm32h7xx_hal_tim.c.obj)
 *fill*         0x08005a3e        0x2 
 .text.TIM_ITRx_SetConfig
                0x08005a40       0x3c libdrivers.a(stm32h7xx_hal_tim.c.obj)
 .text.TIM_ETR_SetConfig
                0x08005a7c       0x40 libdrivers.a(stm32h7xx_hal_tim.c.obj)
                0x08005a7c                TIM_ETR_SetConfig
 .text.HAL_TIMEx_MasterConfigSynchronization
                0x08005abc      0x138 libdrivers.a(stm32h7xx_hal_tim_ex.c.obj)
                0x08005abc                HAL_TIMEx_MasterConfigSynchronization
 .text.HAL_UART_Init
                0x08005bf4       0xa0 libdrivers.a(stm32h7xx_hal_uart.c.obj)
                0x08005bf4                HAL_UART_Init
 .text.HAL_UART_Receive_IT
                0x08005c94       0x98 libdrivers.a(stm32h7xx_hal_uart.c.obj)
                0x08005c94                HAL_UART_Receive_IT
 .text.HAL_UART_IRQHandler
                0x08005d2c      0x7ac libdrivers.a(stm32h7xx_hal_uart.c.obj)
                0x08005d2c                HAL_UART_IRQHandler
 .text.HAL_UART_TxCpltCallback
                0x080064d8       0x14 libdrivers.a(stm32h7xx_hal_uart.c.obj)
                0x080064d8                HAL_UART_TxCpltCallback
 .text.HAL_UART_ErrorCallback
                0x080064ec       0x14 libdrivers.a(stm32h7xx_hal_uart.c.obj)
                0x080064ec                HAL_UART_ErrorCallback
 .text.HAL_UARTEx_RxEventCallback
                0x08006500       0x18 libdrivers.a(stm32h7xx_hal_uart.c.obj)
                0x08006500                HAL_UARTEx_RxEventCallback
 .text.UART_SetConfig
                0x08006518      0xcd8 libdrivers.a(stm32h7xx_hal_uart.c.obj)
                0x08006518                UART_SetConfig
 .text.UART_AdvFeatureConfig
                0x080071f0      0x144 libdrivers.a(stm32h7xx_hal_uart.c.obj)
                0x080071f0                UART_AdvFeatureConfig
 .text.UART_CheckIdleState
                0x08007334      0x154 libdrivers.a(stm32h7xx_hal_uart.c.obj)
                0x08007334                UART_CheckIdleState
 .text.UART_WaitOnFlagUntilTimeout
                0x08007488       0xda libdrivers.a(stm32h7xx_hal_uart.c.obj)
                0x08007488                UART_WaitOnFlagUntilTimeout
 *fill*         0x08007562        0x2 
 .text.UART_Start_Receive_IT
                0x08007564      0x244 libdrivers.a(stm32h7xx_hal_uart.c.obj)
                0x08007564                UART_Start_Receive_IT
 .text.UART_EndRxTransfer
                0x080077a8       0xcc libdrivers.a(stm32h7xx_hal_uart.c.obj)
 .text.UART_DMAAbortOnError
                0x08007874       0x24 libdrivers.a(stm32h7xx_hal_uart.c.obj)
 .text.UART_EndTransmit_IT
                0x08007898       0x56 libdrivers.a(stm32h7xx_hal_uart.c.obj)
 *fill*         0x080078ee        0x2 
 .text.UART_RxISR_8BIT
                0x080078f0      0x1b8 libdrivers.a(stm32h7xx_hal_uart.c.obj)
 .text.UART_RxISR_16BIT
                0x08007aa8      0x1b8 libdrivers.a(stm32h7xx_hal_uart.c.obj)
 .text.UART_RxISR_8BIT_FIFOEN
                0x08007c60      0x364 libdrivers.a(stm32h7xx_hal_uart.c.obj)
 .text.UART_RxISR_16BIT_FIFOEN
                0x08007fc4      0x36c libdrivers.a(stm32h7xx_hal_uart.c.obj)
 .text.HAL_UARTEx_WakeupCallback
                0x08008330       0x14 libdrivers.a(stm32h7xx_hal_uart_ex.c.obj)
                0x08008330                HAL_UARTEx_WakeupCallback
 .text.HAL_UARTEx_RxFifoFullCallback
                0x08008344       0x14 libdrivers.a(stm32h7xx_hal_uart_ex.c.obj)
                0x08008344                HAL_UARTEx_RxFifoFullCallback
 .text.HAL_UARTEx_TxFifoEmptyCallback
                0x08008358       0x14 libdrivers.a(stm32h7xx_hal_uart_ex.c.obj)
                0x08008358                HAL_UARTEx_TxFifoEmptyCallback
 .text.HAL_UARTEx_DisableFifoMode
                0x0800836c       0x72 libdrivers.a(stm32h7xx_hal_uart_ex.c.obj)
                0x0800836c                HAL_UARTEx_DisableFifoMode
 .text.HAL_UARTEx_SetTxFifoThreshold
                0x080083de       0x7c libdrivers.a(stm32h7xx_hal_uart_ex.c.obj)
                0x080083de                HAL_UARTEx_SetTxFifoThreshold
 .text.HAL_UARTEx_SetRxFifoThreshold
                0x0800845a       0x7c libdrivers.a(stm32h7xx_hal_uart_ex.c.obj)
                0x0800845a                HAL_UARTEx_SetRxFifoThreshold
 *fill*         0x080084d6        0x2 
 .text.UARTEx_SetNbDataToProcess
                0x080084d8       0x9c libdrivers.a(stm32h7xx_hal_uart_ex.c.obj)
 .text.HAL_DMA_Abort
                0x08008574      0x63c libdrivers.a(stm32h7xx_hal_dma.c.obj)
                0x08008574                HAL_DMA_Abort
 .text.HAL_DMA_Abort_IT
                0x08008bb0      0x48c libdrivers.a(stm32h7xx_hal_dma.c.obj)
                0x08008bb0                HAL_DMA_Abort_IT
 .text._Znwj    0x0800903c       0x22 D:/arm-gnu/bin/../lib/gcc/arm-none-eabi/13.3.1/thumb/v7e-m+dp/hard\libstdc++_nano.a(new_op.o)
                0x0800903c                operator new(unsigned int)
 *fill*         0x0800905e        0x2 
 .text._ZSt15get_new_handlerv
                0x08009060       0x10 D:/arm-gnu/bin/../lib/gcc/arm-none-eabi/13.3.1/thumb/v7e-m+dp/hard\libstdc++_nano.a(new_handler.o)
                0x08009060                std::get_new_handler()
 .text.abort    0x08009070        0xe D:/arm-gnu/bin/../lib/gcc/arm-none-eabi/13.3.1/thumb/v7e-m+dp/hard\libc_nano.a(libc_a-abort.o)
                0x08009070                abort
 *fill*         0x0800907e        0x2 
 .text.malloc   0x08009080       0x10 D:/arm-gnu/bin/../lib/gcc/arm-none-eabi/13.3.1/thumb/v7e-m+dp/hard\libc_nano.a(libc_a-malloc.o)
                0x08009080                malloc
 .text.sbrk_aligned
                0x08009090       0x44 D:/arm-gnu/bin/../lib/gcc/arm-none-eabi/13.3.1/thumb/v7e-m+dp/hard\libc_nano.a(libc_a-mallocr.o)
 .text._malloc_r
                0x080090d4      0x100 D:/arm-gnu/bin/../lib/gcc/arm-none-eabi/13.3.1/thumb/v7e-m+dp/hard\libc_nano.a(libc_a-mallocr.o)
                0x080090d4                _malloc_r
 .text.__malloc_lock
                0x080091d4        0xc D:/arm-gnu/bin/../lib/gcc/arm-none-eabi/13.3.1/thumb/v7e-m+dp/hard\libc_nano.a(libc_a-mlock.o)
                0x080091d4                __malloc_lock
 .text.__malloc_unlock
                0x080091e0        0xc D:/arm-gnu/bin/../lib/gcc/arm-none-eabi/13.3.1/thumb/v7e-m+dp/hard\libc_nano.a(libc_a-mlock.o)
                0x080091e0                __malloc_unlock
 .text.memset   0x080091ec       0x10 D:/arm-gnu/bin/../lib/gcc/arm-none-eabi/13.3.1/thumb/v7e-m+dp/hard\libc_nano.a(libc_a-memset.o)
                0x080091ec                memset
 .text._raise_r
                0x080091fc       0x50 D:/arm-gnu/bin/../lib/gcc/arm-none-eabi/13.3.1/thumb/v7e-m+dp/hard\libc_nano.a(libc_a-signal.o)
                0x080091fc                _raise_r
 .text.raise    0x0800924c       0x10 D:/arm-gnu/bin/../lib/gcc/arm-none-eabi/13.3.1/thumb/v7e-m+dp/hard\libc_nano.a(libc_a-signal.o)
                0x0800924c                raise
 .text._kill_r  0x0800925c       0x24 D:/arm-gnu/bin/../lib/gcc/arm-none-eabi/13.3.1/thumb/v7e-m+dp/hard\libc_nano.a(libc_a-signalr.o)
                0x0800925c                _kill_r
 .text._getpid_r
                0x08009280        0x4 D:/arm-gnu/bin/../lib/gcc/arm-none-eabi/13.3.1/thumb/v7e-m+dp/hard\libc_nano.a(libc_a-signalr.o)
                0x08009280                _getpid_r
 .text._sbrk_r  0x08009284       0x20 D:/arm-gnu/bin/../lib/gcc/arm-none-eabi/13.3.1/thumb/v7e-m+dp/hard\libc_nano.a(libc_a-sbrkr.o)
                0x08009284                _sbrk_r
 .text.__errno  0x080092a4        0xc D:/arm-gnu/bin/../lib/gcc/arm-none-eabi/13.3.1/thumb/v7e-m+dp/hard\libc_nano.a(libc_a-errno.o)
                0x080092a4                __errno
 .text.__libc_init_array
                0x080092b0       0x48 D:/arm-gnu/bin/../lib/gcc/arm-none-eabi/13.3.1/thumb/v7e-m+dp/hard\libc_nano.a(libc_a-init.o)
                0x080092b0                __libc_init_array
 .text.__retarget_lock_acquire_recursive
                0x080092f8        0x2 D:/arm-gnu/bin/../lib/gcc/arm-none-eabi/13.3.1/thumb/v7e-m+dp/hard\libc_nano.a(libc_a-lock.o)
                0x080092f8                __retarget_lock_acquire_recursive
 .text.__retarget_lock_release_recursive
                0x080092fa        0x2 D:/arm-gnu/bin/../lib/gcc/arm-none-eabi/13.3.1/thumb/v7e-m+dp/hard\libc_nano.a(libc_a-lock.o)
                0x080092fa                __retarget_lock_release_recursive
 .text.__udivmoddi4
                0x080092fc      0x2bc D:/arm-gnu/bin/../lib/gcc/arm-none-eabi/13.3.1/thumb/v7e-m+dp/hard\libgcc.a(_udivmoddi4.o)
                0x080092fc                __udivmoddi4
 *(.glue_7)
 .glue_7        0x080095b8        0x0 linker stubs
 *(.glue_7t)
 .glue_7t       0x080095b8        0x0 linker stubs
 *(.eh_frame)
 .eh_frame      0x080095b8        0x0 D:/arm-gnu/bin/../lib/gcc/arm-none-eabi/13.3.1/thumb/v7e-m+dp/hard/crtbegin.o
 *(.init)
 .init          0x080095b8        0x4 D:/arm-gnu/bin/../lib/gcc/arm-none-eabi/13.3.1/thumb/v7e-m+dp/hard/crti.o
                0x080095b8                _init
 .init          0x080095bc        0x8 D:/arm-gnu/bin/../lib/gcc/arm-none-eabi/13.3.1/thumb/v7e-m+dp/hard/crtn.o
 *(.fini)
 .fini          0x080095c4        0x4 D:/arm-gnu/bin/../lib/gcc/arm-none-eabi/13.3.1/thumb/v7e-m+dp/hard/crti.o
                0x080095c4                _fini
 .fini          0x080095c8        0x8 D:/arm-gnu/bin/../lib/gcc/arm-none-eabi/13.3.1/thumb/v7e-m+dp/hard/crtn.o
                0x080095d0                        . = ALIGN (0x4)
                0x080095d0                        _etext = .

.vfp11_veneer   0x080095d0        0x0
 .vfp11_veneer  0x080095d0        0x0 linker stubs

.v4_bx          0x080095d0        0x0
 .v4_bx         0x080095d0        0x0 linker stubs

.iplt           0x080095d0        0x0
 .iplt          0x080095d0        0x0 D:/arm-gnu/bin/../lib/gcc/arm-none-eabi/13.3.1/thumb/v7e-m+dp/hard/crtbegin.o

.rodata         0x080095d0       0x38
                0x080095d0                        . = ALIGN (0x4)
 *(.rodata)
 *(.rodata*)
 .rodata.D1CorePrescTable
                0x080095d0       0x10 CMakeFiles/hw1.dir/Core/Src/system_stm32h7xx.c.obj
                0x080095d0                D1CorePrescTable
 .rodata.UARTPrescTable
                0x080095e0       0x18 libdrivers.a(stm32h7xx_hal_uart.c.obj)
                0x080095e0                UARTPrescTable
 .rodata.numerator.1
                0x080095f8        0x8 libdrivers.a(stm32h7xx_hal_uart_ex.c.obj)
 .rodata.denominator.0
                0x08009600        0x8 libdrivers.a(stm32h7xx_hal_uart_ex.c.obj)
                0x08009608                        . = ALIGN (0x4)

.ARM.extab
 *(.ARM.extab* .gnu.linkonce.armextab.*)

.ARM            0x08009608        0x8
                0x08009608                        __exidx_start = .
 *(.ARM.exidx*)
 .ARM.exidx.text.__udivmoddi4
                0x08009608        0x8 D:/arm-gnu/bin/../lib/gcc/arm-none-eabi/13.3.1/thumb/v7e-m+dp/hard\libgcc.a(_udivmoddi4.o)
                0x08009610                        __exidx_end = .

.rel.dyn        0x08009610        0x0
 .rel.iplt      0x08009610        0x0 D:/arm-gnu/bin/../lib/gcc/arm-none-eabi/13.3.1/thumb/v7e-m+dp/hard/crtbegin.o

.preinit_array  0x08009610        0x0
                0x08009610                        PROVIDE (__preinit_array_start = .)
 *(.preinit_array*)
                0x08009610                        PROVIDE (__preinit_array_end = .)

.init_array     0x08009610        0x8
                0x08009610                        PROVIDE (__init_array_start = .)
 *(SORT_BY_NAME(.init_array.*))
 *(.init_array*)
 .init_array    0x08009610        0x4 D:/arm-gnu/bin/../lib/gcc/arm-none-eabi/13.3.1/thumb/v7e-m+dp/hard/crtbegin.o
 .init_array    0x08009614        0x4 CMakeFiles/hw1.dir/Tasks/Src/main_task.cpp.obj
                0x08009618                        PROVIDE (__init_array_end = .)

.fini_array     0x08009618        0x4
                [!provide]                        PROVIDE (__fini_array_start = .)
 *(SORT_BY_NAME(.fini_array.*))
 *(.fini_array*)
 .fini_array    0x08009618        0x4 D:/arm-gnu/bin/../lib/gcc/arm-none-eabi/13.3.1/thumb/v7e-m+dp/hard/crtbegin.o
                [!provide]                        PROVIDE (__fini_array_end = .)
                0x0800961c                        _sidata = LOADADDR (.data)

.data           0x20000000       0x60 load address 0x0800961c
                0x20000000                        . = ALIGN (0x4)
                0x20000000                        _sdata = .
 *(.data)
 *(.data*)
 .data.SystemCoreClock
                0x20000000        0x4 CMakeFiles/hw1.dir/Core/Src/system_stm32h7xx.c.obj
                0x20000000                SystemCoreClock
 .data.SystemD2Clock
                0x20000004        0x4 CMakeFiles/hw1.dir/Core/Src/system_stm32h7xx.c.obj
                0x20000004                SystemD2Clock
 .data.uwTickPrio
                0x20000008        0x4 libdrivers.a(stm32h7xx_hal.c.obj)
                0x20000008                uwTickPrio
 .data.uwTickFreq
                0x2000000c        0x1 libdrivers.a(stm32h7xx_hal.c.obj)
                0x2000000c                uwTickFreq
 *fill*         0x2000000d        0x3 
 .data._impure_ptr
                0x20000010        0x4 D:/arm-gnu/bin/../lib/gcc/arm-none-eabi/13.3.1/thumb/v7e-m+dp/hard\libc_nano.a(libc_a-impure.o)
                0x20000010                _impure_ptr
 .data._impure_data
                0x20000014       0x4c D:/arm-gnu/bin/../lib/gcc/arm-none-eabi/13.3.1/thumb/v7e-m+dp/hard\libc_nano.a(libc_a-impure.o)
                0x20000014                _impure_data
                0x20000060                        . = ALIGN (0x4)
                0x20000060                        _edata = .

.tm_clone_table
                0x20000060        0x0 load address 0x0800967c
 .tm_clone_table
                0x20000060        0x0 D:/arm-gnu/bin/../lib/gcc/arm-none-eabi/13.3.1/thumb/v7e-m+dp/hard/crtbegin.o
 .tm_clone_table
                0x20000060        0x0 D:/arm-gnu/bin/../lib/gcc/arm-none-eabi/13.3.1/thumb/v7e-m+dp/hard/crtend.o

.igot.plt       0x20000060        0x0 load address 0x0800967c
 .igot.plt      0x20000060        0x0 D:/arm-gnu/bin/../lib/gcc/arm-none-eabi/13.3.1/thumb/v7e-m+dp/hard/crtbegin.o
                0x20000060                        . = ALIGN (0x4)

.bss            0x20000060      0x428 load address 0x0800967c
                0x20000060                        _sbss = .
                0x20000060                        __bss_start__ = _sbss
 *(.bss)
 *(.bss*)
 .bss.completed.1
                0x20000060        0x1 D:/arm-gnu/bin/../lib/gcc/arm-none-eabi/13.3.1/thumb/v7e-m+dp/hard/crtbegin.o
 *fill*         0x20000061        0x3 
 .bss.object.0  0x20000064       0x18 D:/arm-gnu/bin/../lib/gcc/arm-none-eabi/13.3.1/thumb/v7e-m+dp/hard/crtbegin.o
 .bss.hi2c1     0x2000007c       0x54 CMakeFiles/hw1.dir/Core/Src/i2c.c.obj
                0x2000007c                hi2c1
 .bss.__sbrk_heap_end
                0x200000d0        0x4 CMakeFiles/hw1.dir/Core/Src/sysmem.c.obj
 .bss.htim3     0x200000d4       0x4c CMakeFiles/hw1.dir/Core/Src/tim.c.obj
                0x200000d4                htim3
 .bss.htim24    0x20000120       0x4c CMakeFiles/hw1.dir/Core/Src/tim.c.obj
                0x20000120                htim24
 .bss.huart4    0x2000016c       0x94 CMakeFiles/hw1.dir/Core/Src/usart.c.obj
                0x2000016c                huart4
 .bss.huart1    0x20000200       0x94 CMakeFiles/hw1.dir/Core/Src/usart.c.obj
                0x20000200                huart1
 .bss.huart2    0x20000294       0x94 CMakeFiles/hw1.dir/Core/Src/usart.c.obj
                0x20000294                huart2
 .bss.deep_sensor_ptr
                0x20000328        0x4 CMakeFiles/hw1.dir/Tasks/Src/main_task.cpp.obj
                0x20000328                deep_sensor_ptr
 .bss.imu_ptr   0x2000032c        0x4 CMakeFiles/hw1.dir/Tasks/Src/main_task.cpp.obj
                0x2000032c                imu_ptr
 .bss.motor_ptr
                0x20000330        0x4 CMakeFiles/hw1.dir/Tasks/Src/main_task.cpp.obj
                0x20000330                motor_ptr
 .bss.lora_ptr  0x20000334        0x4 CMakeFiles/hw1.dir/Tasks/Src/main_task.cpp.obj
                0x20000334                lora_ptr
 .bss.uwTick    0x20000338        0x4 libdrivers.a(stm32h7xx_hal.c.obj)
                0x20000338                uwTick
 .bss._ZN12_GLOBAL__N_113__new_handlerE
                0x2000033c        0x4 D:/arm-gnu/bin/../lib/gcc/arm-none-eabi/13.3.1/thumb/v7e-m+dp/hard\libstdc++_nano.a(new_handler.o)
 .bss.__malloc_sbrk_start
                0x20000340        0x4 D:/arm-gnu/bin/../lib/gcc/arm-none-eabi/13.3.1/thumb/v7e-m+dp/hard\libc_nano.a(libc_a-mallocr.o)
                0x20000340                __malloc_sbrk_start
 .bss.__malloc_free_list
                0x20000344        0x4 D:/arm-gnu/bin/../lib/gcc/arm-none-eabi/13.3.1/thumb/v7e-m+dp/hard\libc_nano.a(libc_a-mallocr.o)
                0x20000344                __malloc_free_list
 .bss.__sf      0x20000348      0x138 D:/arm-gnu/bin/../lib/gcc/arm-none-eabi/13.3.1/thumb/v7e-m+dp/hard\libc_nano.a(libc_a-findfp.o)
                0x20000348                __sf
 .bss.errno     0x20000480        0x4 D:/arm-gnu/bin/../lib/gcc/arm-none-eabi/13.3.1/thumb/v7e-m+dp/hard\libc_nano.a(libc_a-reent.o)
                0x20000480                errno
 .bss.__lock___malloc_recursive_mutex
                0x20000484        0x1 D:/arm-gnu/bin/../lib/gcc/arm-none-eabi/13.3.1/thumb/v7e-m+dp/hard\libc_nano.a(libc_a-lock.o)
                0x20000484                __lock___malloc_recursive_mutex
 *(COMMON)
                0x20000488                        . = ALIGN (0x4)
 *fill*         0x20000485        0x3 
                0x20000488                        _ebss = .
                0x20000488                        __bss_end__ = _ebss

._user_heap_stack
                0x20000488      0x600 load address 0x0800967c
                0x20000488                        . = ALIGN (0x8)
                [!provide]                        PROVIDE (end = .)
                0x20000488                        PROVIDE (_end = .)
                0x20000688                        . = (. + _Min_Heap_Size)
 *fill*         0x20000488      0x200 
                0x20000a88                        . = (. + _Min_Stack_Size)
 *fill*         0x20000688      0x400 
                0x20000a88                        . = ALIGN (0x8)

/DISCARD/
 libc.a(*)
 libm.a(*)
 libgcc.a(*)
OUTPUT(E:\2025UnderWaterRobot\Code\stm32h7test\build\hw1.elf elf32-littlearm)
LOAD linker stubs
LOAD D:/arm-gnu/bin/../lib/gcc/arm-none-eabi/13.3.1/thumb/v7e-m+dp/hard\libc.a
LOAD D:/arm-gnu/bin/../lib/gcc/arm-none-eabi/13.3.1/thumb/v7e-m+dp/hard\libm.a
LOAD D:/arm-gnu/bin/../lib/gcc/arm-none-eabi/13.3.1/thumb/v7e-m+dp/hard\libgcc.a

.ARM.attributes
                0x00000000       0x2e
 .ARM.attributes
                0x00000000       0x20 D:/arm-gnu/bin/../lib/gcc/arm-none-eabi/13.3.1/thumb/v7e-m+dp/hard/crti.o
 .ARM.attributes
                0x00000020       0x32 D:/arm-gnu/bin/../lib/gcc/arm-none-eabi/13.3.1/thumb/v7e-m+dp/hard/crtbegin.o
 .ARM.attributes
                0x00000052       0x32 CMakeFiles/hw1.dir/Core/Src/gpio.c.obj
 .ARM.attributes
                0x00000084       0x32 CMakeFiles/hw1.dir/Core/Src/i2c.c.obj
 .ARM.attributes
                0x000000b6       0x32 CMakeFiles/hw1.dir/Core/Src/main.c.obj
 .ARM.attributes
                0x000000e8       0x32 CMakeFiles/hw1.dir/Core/Src/stm32h7xx_hal_msp.c.obj
 .ARM.attributes
                0x0000011a       0x32 CMakeFiles/hw1.dir/Core/Src/stm32h7xx_it.c.obj
 .ARM.attributes
                0x0000014c       0x32 CMakeFiles/hw1.dir/Core/Src/syscalls.c.obj
 .ARM.attributes
                0x0000017e       0x32 CMakeFiles/hw1.dir/Core/Src/sysmem.c.obj
 .ARM.attributes
                0x000001b0       0x32 CMakeFiles/hw1.dir/Core/Src/system_stm32h7xx.c.obj
 .ARM.attributes
                0x000001e2       0x32 CMakeFiles/hw1.dir/Core/Src/tim.c.obj
 .ARM.attributes
                0x00000214       0x32 CMakeFiles/hw1.dir/Core/Src/usart.c.obj
 .ARM.attributes
                0x00000246       0x32 CMakeFiles/hw1.dir/Resources/Src/CommHostComputer.cpp.obj
 .ARM.attributes
                0x00000278       0x32 CMakeFiles/hw1.dir/Tasks/Src/main_task.cpp.obj
 .ARM.attributes
                0x000002aa       0x21 CMakeFiles/hw1.dir/startup_stm32h723xx.s.obj
 .ARM.attributes
                0x000002cb       0x32 libdrivers.a(stm32h7xx_hal.c.obj)
 .ARM.attributes
                0x000002fd       0x32 libdrivers.a(stm32h7xx_hal_cortex.c.obj)
 .ARM.attributes
                0x0000032f       0x32 libdrivers.a(stm32h7xx_hal_gpio.c.obj)
 .ARM.attributes
                0x00000361       0x32 libdrivers.a(stm32h7xx_hal_i2c.c.obj)
 .ARM.attributes
                0x00000393       0x32 libdrivers.a(stm32h7xx_hal_i2c_ex.c.obj)
 .ARM.attributes
                0x000003c5       0x32 libdrivers.a(stm32h7xx_hal_pwr_ex.c.obj)
 .ARM.attributes
                0x000003f7       0x32 libdrivers.a(stm32h7xx_hal_rcc.c.obj)
 .ARM.attributes
                0x00000429       0x32 libdrivers.a(stm32h7xx_hal_rcc_ex.c.obj)
 .ARM.attributes
                0x0000045b       0x32 libdrivers.a(stm32h7xx_hal_tim.c.obj)
 .ARM.attributes
                0x0000048d       0x32 libdrivers.a(stm32h7xx_hal_tim_ex.c.obj)
 .ARM.attributes
                0x000004bf       0x32 libdrivers.a(stm32h7xx_hal_uart.c.obj)
 .ARM.attributes
                0x000004f1       0x32 libdrivers.a(stm32h7xx_hal_uart_ex.c.obj)
 .ARM.attributes
                0x00000523       0x32 libdrivers.a(stm32h7xx_hal_dma.c.obj)
 .ARM.attributes
                0x00000555       0x32 D:/arm-gnu/bin/../lib/gcc/arm-none-eabi/13.3.1/thumb/v7e-m+dp/hard\libstdc++_nano.a(new_op.o)
 .ARM.attributes
                0x00000587       0x32 D:/arm-gnu/bin/../lib/gcc/arm-none-eabi/13.3.1/thumb/v7e-m+dp/hard\libstdc++_nano.a(new_handler.o)
 .ARM.attributes
                0x000005b9       0x32 D:/arm-gnu/bin/../lib/gcc/arm-none-eabi/13.3.1/thumb/v7e-m+dp/hard\libc_nano.a(libc_a-abort.o)
 .ARM.attributes
                0x000005eb       0x32 D:/arm-gnu/bin/../lib/gcc/arm-none-eabi/13.3.1/thumb/v7e-m+dp/hard\libc_nano.a(libc_a-malloc.o)
 .ARM.attributes
                0x0000061d       0x32 D:/arm-gnu/bin/../lib/gcc/arm-none-eabi/13.3.1/thumb/v7e-m+dp/hard\libc_nano.a(libc_a-mallocr.o)
 .ARM.attributes
                0x0000064f       0x32 D:/arm-gnu/bin/../lib/gcc/arm-none-eabi/13.3.1/thumb/v7e-m+dp/hard\libc_nano.a(libc_a-mlock.o)
 .ARM.attributes
                0x00000681       0x32 D:/arm-gnu/bin/../lib/gcc/arm-none-eabi/13.3.1/thumb/v7e-m+dp/hard\libc_nano.a(libc_a-findfp.o)
 .ARM.attributes
                0x000006b3       0x32 D:/arm-gnu/bin/../lib/gcc/arm-none-eabi/13.3.1/thumb/v7e-m+dp/hard\libc_nano.a(libc_a-memset.o)
 .ARM.attributes
                0x000006e5       0x32 D:/arm-gnu/bin/../lib/gcc/arm-none-eabi/13.3.1/thumb/v7e-m+dp/hard\libc_nano.a(libc_a-signal.o)
 .ARM.attributes
                0x00000717       0x32 D:/arm-gnu/bin/../lib/gcc/arm-none-eabi/13.3.1/thumb/v7e-m+dp/hard\libc_nano.a(libc_a-reent.o)
 .ARM.attributes
                0x00000749       0x32 D:/arm-gnu/bin/../lib/gcc/arm-none-eabi/13.3.1/thumb/v7e-m+dp/hard\libc_nano.a(libc_a-impure.o)
 .ARM.attributes
                0x0000077b       0x32 D:/arm-gnu/bin/../lib/gcc/arm-none-eabi/13.3.1/thumb/v7e-m+dp/hard\libc_nano.a(libc_a-signalr.o)
 .ARM.attributes
                0x000007ad       0x32 D:/arm-gnu/bin/../lib/gcc/arm-none-eabi/13.3.1/thumb/v7e-m+dp/hard\libc_nano.a(libc_a-sbrkr.o)
 .ARM.attributes
                0x000007df       0x32 D:/arm-gnu/bin/../lib/gcc/arm-none-eabi/13.3.1/thumb/v7e-m+dp/hard\libc_nano.a(libc_a-errno.o)
 .ARM.attributes
                0x00000811       0x32 D:/arm-gnu/bin/../lib/gcc/arm-none-eabi/13.3.1/thumb/v7e-m+dp/hard\libc_nano.a(libc_a-init.o)
 .ARM.attributes
                0x00000843       0x32 D:/arm-gnu/bin/../lib/gcc/arm-none-eabi/13.3.1/thumb/v7e-m+dp/hard\libc_nano.a(libc_a-lock.o)
 .ARM.attributes
                0x00000875       0x20 D:/arm-gnu/bin/../lib/gcc/arm-none-eabi/13.3.1/thumb/v7e-m+dp/hard\libgcc.a(_aeabi_uldivmod.o)
 .ARM.attributes
                0x00000895       0x32 D:/arm-gnu/bin/../lib/gcc/arm-none-eabi/13.3.1/thumb/v7e-m+dp/hard\libgcc.a(_udivmoddi4.o)
 .ARM.attributes
                0x000008c7       0x20 D:/arm-gnu/bin/../lib/gcc/arm-none-eabi/13.3.1/thumb/v7e-m+dp/hard\libgcc.a(_dvmd_tls.o)
 .ARM.attributes
                0x000008e7       0x32 D:/arm-gnu/bin/../lib/gcc/arm-none-eabi/13.3.1/thumb/v7e-m+dp/hard/crtend.o
 .ARM.attributes
                0x00000919       0x20 D:/arm-gnu/bin/../lib/gcc/arm-none-eabi/13.3.1/thumb/v7e-m+dp/hard/crtn.o

.comment        0x00000000       0x45
 .comment       0x00000000       0x45 CMakeFiles/hw1.dir/Core/Src/gpio.c.obj
                                 0x46 (size before relaxing)
 .comment       0x00000045       0x46 CMakeFiles/hw1.dir/Core/Src/i2c.c.obj
 .comment       0x00000045       0x46 CMakeFiles/hw1.dir/Core/Src/main.c.obj
 .comment       0x00000045       0x46 CMakeFiles/hw1.dir/Core/Src/stm32h7xx_hal_msp.c.obj
 .comment       0x00000045       0x46 CMakeFiles/hw1.dir/Core/Src/stm32h7xx_it.c.obj
 .comment       0x00000045       0x46 CMakeFiles/hw1.dir/Core/Src/syscalls.c.obj
 .comment       0x00000045       0x46 CMakeFiles/hw1.dir/Core/Src/sysmem.c.obj
 .comment       0x00000045       0x46 CMakeFiles/hw1.dir/Core/Src/system_stm32h7xx.c.obj
 .comment       0x00000045       0x46 CMakeFiles/hw1.dir/Core/Src/tim.c.obj
 .comment       0x00000045       0x46 CMakeFiles/hw1.dir/Core/Src/usart.c.obj
 .comment       0x00000045       0x46 CMakeFiles/hw1.dir/Resources/Src/CommHostComputer.cpp.obj
 .comment       0x00000045       0x46 CMakeFiles/hw1.dir/Tasks/Src/main_task.cpp.obj
 .comment       0x00000045       0x46 libdrivers.a(stm32h7xx_hal.c.obj)
 .comment       0x00000045       0x46 libdrivers.a(stm32h7xx_hal_cortex.c.obj)
 .comment       0x00000045       0x46 libdrivers.a(stm32h7xx_hal_gpio.c.obj)
 .comment       0x00000045       0x46 libdrivers.a(stm32h7xx_hal_i2c.c.obj)
 .comment       0x00000045       0x46 libdrivers.a(stm32h7xx_hal_i2c_ex.c.obj)
 .comment       0x00000045       0x46 libdrivers.a(stm32h7xx_hal_pwr_ex.c.obj)
 .comment       0x00000045       0x46 libdrivers.a(stm32h7xx_hal_rcc.c.obj)
 .comment       0x00000045       0x46 libdrivers.a(stm32h7xx_hal_rcc_ex.c.obj)
 .comment       0x00000045       0x46 libdrivers.a(stm32h7xx_hal_tim.c.obj)
 .comment       0x00000045       0x46 libdrivers.a(stm32h7xx_hal_tim_ex.c.obj)
 .comment       0x00000045       0x46 libdrivers.a(stm32h7xx_hal_uart.c.obj)
 .comment       0x00000045       0x46 libdrivers.a(stm32h7xx_hal_uart_ex.c.obj)
 .comment       0x00000045       0x46 libdrivers.a(stm32h7xx_hal_dma.c.obj)

.debug_info     0x00000000    0x1e82f
 .debug_info    0x00000000      0x66c CMakeFiles/hw1.dir/Core/Src/gpio.c.obj
 .debug_info    0x0000066c      0xfdc CMakeFiles/hw1.dir/Core/Src/i2c.c.obj
 .debug_info    0x00001648      0x570 CMakeFiles/hw1.dir/Core/Src/main.c.obj
 .debug_info    0x00001bb8      0x464 CMakeFiles/hw1.dir/Core/Src/stm32h7xx_hal_msp.c.obj
 .debug_info    0x0000201c      0x862 CMakeFiles/hw1.dir/Core/Src/stm32h7xx_it.c.obj
 .debug_info    0x0000287e      0x6a3 CMakeFiles/hw1.dir/Core/Src/syscalls.c.obj
 .debug_info    0x00002f21      0x168 CMakeFiles/hw1.dir/Core/Src/sysmem.c.obj
 .debug_info    0x00003089      0xbf0 CMakeFiles/hw1.dir/Core/Src/system_stm32h7xx.c.obj
 .debug_info    0x00003c79      0xfbe CMakeFiles/hw1.dir/Core/Src/tim.c.obj
 .debug_info    0x00004c37     0x1548 CMakeFiles/hw1.dir/Core/Src/usart.c.obj
 .debug_info    0x0000617f     0x20d5 CMakeFiles/hw1.dir/Resources/Src/CommHostComputer.cpp.obj
 .debug_info    0x00008254     0x298e CMakeFiles/hw1.dir/Tasks/Src/main_task.cpp.obj
 .debug_info    0x0000abe2       0x30 CMakeFiles/hw1.dir/startup_stm32h723xx.s.obj
 .debug_info    0x0000ac12     0x1698 libdrivers.a(stm32h7xx_hal.c.obj)
 .debug_info    0x0000c2aa     0x10a5 libdrivers.a(stm32h7xx_hal_cortex.c.obj)
 .debug_info    0x0000d34f      0xc6b libdrivers.a(stm32h7xx_hal_gpio.c.obj)
 .debug_info    0x0000dfba     0x22c9 libdrivers.a(stm32h7xx_hal_i2c.c.obj)
 .debug_info    0x00010283      0xd95 libdrivers.a(stm32h7xx_hal_i2c_ex.c.obj)
 .debug_info    0x00011018      0xdce libdrivers.a(stm32h7xx_hal_pwr_ex.c.obj)
 .debug_info    0x00011de6      0xd82 libdrivers.a(stm32h7xx_hal_rcc.c.obj)
 .debug_info    0x00012b68     0x120b libdrivers.a(stm32h7xx_hal_rcc_ex.c.obj)
 .debug_info    0x00013d73     0x2bae libdrivers.a(stm32h7xx_hal_tim.c.obj)
 .debug_info    0x00016921     0x18c1 libdrivers.a(stm32h7xx_hal_tim_ex.c.obj)
 .debug_info    0x000181e2     0x4b1d libdrivers.a(stm32h7xx_hal_uart.c.obj)
 .debug_info    0x0001ccff      0xfbf libdrivers.a(stm32h7xx_hal_uart_ex.c.obj)
 .debug_info    0x0001dcbe      0xb71 libdrivers.a(stm32h7xx_hal_dma.c.obj)

.debug_abbrev   0x00000000     0x39d1
 .debug_abbrev  0x00000000      0x189 CMakeFiles/hw1.dir/Core/Src/gpio.c.obj
 .debug_abbrev  0x00000189      0x24c CMakeFiles/hw1.dir/Core/Src/i2c.c.obj
 .debug_abbrev  0x000003d5      0x1fe CMakeFiles/hw1.dir/Core/Src/main.c.obj
 .debug_abbrev  0x000005d3       0xdb CMakeFiles/hw1.dir/Core/Src/stm32h7xx_hal_msp.c.obj
 .debug_abbrev  0x000006ae      0x172 CMakeFiles/hw1.dir/Core/Src/stm32h7xx_it.c.obj
 .debug_abbrev  0x00000820      0x1b6 CMakeFiles/hw1.dir/Core/Src/syscalls.c.obj
 .debug_abbrev  0x000009d6       0xbc CMakeFiles/hw1.dir/Core/Src/sysmem.c.obj
 .debug_abbrev  0x00000a92      0x153 CMakeFiles/hw1.dir/Core/Src/system_stm32h7xx.c.obj
 .debug_abbrev  0x00000be5      0x249 CMakeFiles/hw1.dir/Core/Src/tim.c.obj
 .debug_abbrev  0x00000e2e      0x28a CMakeFiles/hw1.dir/Core/Src/usart.c.obj
 .debug_abbrev  0x000010b8      0x370 CMakeFiles/hw1.dir/Resources/Src/CommHostComputer.cpp.obj
 .debug_abbrev  0x00001428      0x445 CMakeFiles/hw1.dir/Tasks/Src/main_task.cpp.obj
 .debug_abbrev  0x0000186d       0x24 CMakeFiles/hw1.dir/startup_stm32h723xx.s.obj
 .debug_abbrev  0x00001891      0x29e libdrivers.a(stm32h7xx_hal.c.obj)
 .debug_abbrev  0x00001b2f      0x339 libdrivers.a(stm32h7xx_hal_cortex.c.obj)
 .debug_abbrev  0x00001e68      0x205 libdrivers.a(stm32h7xx_hal_gpio.c.obj)
 .debug_abbrev  0x0000206d      0x25d libdrivers.a(stm32h7xx_hal_i2c.c.obj)
 .debug_abbrev  0x000022ca      0x1f5 libdrivers.a(stm32h7xx_hal_i2c_ex.c.obj)
 .debug_abbrev  0x000024bf      0x295 libdrivers.a(stm32h7xx_hal_pwr_ex.c.obj)
 .debug_abbrev  0x00002754      0x2b1 libdrivers.a(stm32h7xx_hal_rcc.c.obj)
 .debug_abbrev  0x00002a05      0x269 libdrivers.a(stm32h7xx_hal_rcc_ex.c.obj)
 .debug_abbrev  0x00002c6e      0x276 libdrivers.a(stm32h7xx_hal_tim.c.obj)
 .debug_abbrev  0x00002ee4      0x296 libdrivers.a(stm32h7xx_hal_tim_ex.c.obj)
 .debug_abbrev  0x0000317a      0x33d libdrivers.a(stm32h7xx_hal_uart.c.obj)
 .debug_abbrev  0x000034b7      0x2d2 libdrivers.a(stm32h7xx_hal_uart_ex.c.obj)
 .debug_abbrev  0x00003789      0x248 libdrivers.a(stm32h7xx_hal_dma.c.obj)

.debug_aranges  0x00000000     0x1558
 .debug_aranges
                0x00000000       0x20 CMakeFiles/hw1.dir/Core/Src/gpio.c.obj
 .debug_aranges
                0x00000020       0x30 CMakeFiles/hw1.dir/Core/Src/i2c.c.obj
 .debug_aranges
                0x00000050       0x38 CMakeFiles/hw1.dir/Core/Src/main.c.obj
 .debug_aranges
                0x00000088       0x20 CMakeFiles/hw1.dir/Core/Src/stm32h7xx_hal_msp.c.obj
 .debug_aranges
                0x000000a8       0x78 CMakeFiles/hw1.dir/Core/Src/stm32h7xx_it.c.obj
 .debug_aranges
                0x00000120       0xa8 CMakeFiles/hw1.dir/Core/Src/syscalls.c.obj
 .debug_aranges
                0x000001c8       0x20 CMakeFiles/hw1.dir/Core/Src/sysmem.c.obj
 .debug_aranges
                0x000001e8       0x30 CMakeFiles/hw1.dir/Core/Src/system_stm32h7xx.c.obj
 .debug_aranges
                0x00000218       0x40 CMakeFiles/hw1.dir/Core/Src/tim.c.obj
 .debug_aranges
                0x00000258       0x40 CMakeFiles/hw1.dir/Core/Src/usart.c.obj
 .debug_aranges
                0x00000298       0x28 CMakeFiles/hw1.dir/Resources/Src/CommHostComputer.cpp.obj
 .debug_aranges
                0x000002c0       0x68 CMakeFiles/hw1.dir/Tasks/Src/main_task.cpp.obj
 .debug_aranges
                0x00000328       0x28 CMakeFiles/hw1.dir/startup_stm32h723xx.s.obj
 .debug_aranges
                0x00000350      0x1c8 libdrivers.a(stm32h7xx_hal.c.obj)
 .debug_aranges
                0x00000518      0x130 libdrivers.a(stm32h7xx_hal_cortex.c.obj)
 .debug_aranges
                0x00000648       0x58 libdrivers.a(stm32h7xx_hal_gpio.c.obj)
 .debug_aranges
                0x000006a0      0x2a0 libdrivers.a(stm32h7xx_hal_i2c.c.obj)
 .debug_aranges
                0x00000940       0x48 libdrivers.a(stm32h7xx_hal_i2c_ex.c.obj)
 .debug_aranges
                0x00000988      0x148 libdrivers.a(stm32h7xx_hal_pwr_ex.c.obj)
 .debug_aranges
                0x00000ad0       0x88 libdrivers.a(stm32h7xx_hal_rcc.c.obj)
 .debug_aranges
                0x00000b58       0xf8 libdrivers.a(stm32h7xx_hal_rcc_ex.c.obj)
 .debug_aranges
                0x00000c50      0x3e0 libdrivers.a(stm32h7xx_hal_tim.c.obj)
 .debug_aranges
                0x00001030      0x198 libdrivers.a(stm32h7xx_hal_tim_ex.c.obj)
 .debug_aranges
                0x000011c8      0x248 libdrivers.a(stm32h7xx_hal_uart.c.obj)
 .debug_aranges
                0x00001410       0xa8 libdrivers.a(stm32h7xx_hal_uart_ex.c.obj)
 .debug_aranges
                0x000014b8       0xa0 libdrivers.a(stm32h7xx_hal_dma.c.obj)

.debug_rnglists
                0x00000000     0x10ab
 .debug_rnglists
                0x00000000       0x14 CMakeFiles/hw1.dir/Core/Src/gpio.c.obj
 .debug_rnglists
                0x00000014       0x21 CMakeFiles/hw1.dir/Core/Src/i2c.c.obj
 .debug_rnglists
                0x00000035       0x26 CMakeFiles/hw1.dir/Core/Src/main.c.obj
 .debug_rnglists
                0x0000005b       0x13 CMakeFiles/hw1.dir/Core/Src/stm32h7xx_hal_msp.c.obj
 .debug_rnglists
                0x0000006e       0x55 CMakeFiles/hw1.dir/Core/Src/stm32h7xx_it.c.obj
 .debug_rnglists
                0x000000c3       0x79 CMakeFiles/hw1.dir/Core/Src/syscalls.c.obj
 .debug_rnglists
                0x0000013c       0x13 CMakeFiles/hw1.dir/Core/Src/sysmem.c.obj
 .debug_rnglists
                0x0000014f       0x21 CMakeFiles/hw1.dir/Core/Src/system_stm32h7xx.c.obj
 .debug_rnglists
                0x00000170       0x2e CMakeFiles/hw1.dir/Core/Src/tim.c.obj
 .debug_rnglists
                0x0000019e       0x30 CMakeFiles/hw1.dir/Core/Src/usart.c.obj
 .debug_rnglists
                0x000001ce       0x1a CMakeFiles/hw1.dir/Resources/Src/CommHostComputer.cpp.obj
 .debug_rnglists
                0x000001e8       0x4a CMakeFiles/hw1.dir/Tasks/Src/main_task.cpp.obj
 .debug_rnglists
                0x00000232       0x19 CMakeFiles/hw1.dir/startup_stm32h723xx.s.obj
 .debug_rnglists
                0x0000024b      0x155 libdrivers.a(stm32h7xx_hal.c.obj)
 .debug_rnglists
                0x000003a0       0xe0 libdrivers.a(stm32h7xx_hal_cortex.c.obj)
 .debug_rnglists
                0x00000480       0x3f libdrivers.a(stm32h7xx_hal_gpio.c.obj)
 .debug_rnglists
                0x000004bf      0x22a libdrivers.a(stm32h7xx_hal_i2c.c.obj)
 .debug_rnglists
                0x000006e9       0x35 libdrivers.a(stm32h7xx_hal_i2c_ex.c.obj)
 .debug_rnglists
                0x0000071e       0xf5 libdrivers.a(stm32h7xx_hal_pwr_ex.c.obj)
 .debug_rnglists
                0x00000813       0x68 libdrivers.a(stm32h7xx_hal_rcc.c.obj)
 .debug_rnglists
                0x0000087b       0xc0 libdrivers.a(stm32h7xx_hal_rcc_ex.c.obj)
 .debug_rnglists
                0x0000093b      0x328 libdrivers.a(stm32h7xx_hal_tim.c.obj)
 .debug_rnglists
                0x00000c63      0x14d libdrivers.a(stm32h7xx_hal_tim_ex.c.obj)
 .debug_rnglists
                0x00000db0      0x1fa libdrivers.a(stm32h7xx_hal_uart.c.obj)
 .debug_rnglists
                0x00000faa       0x7f libdrivers.a(stm32h7xx_hal_uart_ex.c.obj)
 .debug_rnglists
                0x00001029       0x82 libdrivers.a(stm32h7xx_hal_dma.c.obj)

.debug_macro    0x00000000    0x38f71
 .debug_macro   0x00000000      0x2ad CMakeFiles/hw1.dir/Core/Src/gpio.c.obj
 .debug_macro   0x000002ad      0xafc CMakeFiles/hw1.dir/Core/Src/gpio.c.obj
 .debug_macro   0x00000da9      0x238 CMakeFiles/hw1.dir/Core/Src/gpio.c.obj
 .debug_macro   0x00000fe1       0x2e CMakeFiles/hw1.dir/Core/Src/gpio.c.obj
 .debug_macro   0x0000100f       0x3b CMakeFiles/hw1.dir/Core/Src/gpio.c.obj
 .debug_macro   0x0000104a       0x22 CMakeFiles/hw1.dir/Core/Src/gpio.c.obj
 .debug_macro   0x0000106c       0x8e CMakeFiles/hw1.dir/Core/Src/gpio.c.obj
 .debug_macro   0x000010fa       0x51 CMakeFiles/hw1.dir/Core/Src/gpio.c.obj
 .debug_macro   0x0000114b      0x103 CMakeFiles/hw1.dir/Core/Src/gpio.c.obj
 .debug_macro   0x0000124e       0x6a CMakeFiles/hw1.dir/Core/Src/gpio.c.obj
 .debug_macro   0x000012b8      0x1df CMakeFiles/hw1.dir/Core/Src/gpio.c.obj
 .debug_macro   0x00001497       0x1c CMakeFiles/hw1.dir/Core/Src/gpio.c.obj
 .debug_macro   0x000014b3       0x22 CMakeFiles/hw1.dir/Core/Src/gpio.c.obj
 .debug_macro   0x000014d5       0xfb CMakeFiles/hw1.dir/Core/Src/gpio.c.obj
 .debug_macro   0x000015d0     0x1305 CMakeFiles/hw1.dir/Core/Src/gpio.c.obj
 .debug_macro   0x000028d5      0x11f CMakeFiles/hw1.dir/Core/Src/gpio.c.obj
 .debug_macro   0x000029f4       0x27 CMakeFiles/hw1.dir/Core/Src/gpio.c.obj
 .debug_macro   0x00002a1b    0x216c1 CMakeFiles/hw1.dir/Core/Src/gpio.c.obj
 .debug_macro   0x000240dc       0x6d CMakeFiles/hw1.dir/Core/Src/gpio.c.obj
 .debug_macro   0x00024149     0x3d64 CMakeFiles/hw1.dir/Core/Src/gpio.c.obj
 .debug_macro   0x00027ead      0x190 CMakeFiles/hw1.dir/Core/Src/gpio.c.obj
 .debug_macro   0x0002803d       0x7b CMakeFiles/hw1.dir/Core/Src/gpio.c.obj
 .debug_macro   0x000280b8       0x29 CMakeFiles/hw1.dir/Core/Src/gpio.c.obj
 .debug_macro   0x000280e1       0x3c CMakeFiles/hw1.dir/Core/Src/gpio.c.obj
 .debug_macro   0x0002811d       0x34 CMakeFiles/hw1.dir/Core/Src/gpio.c.obj
 .debug_macro   0x00028151      0x370 CMakeFiles/hw1.dir/Core/Src/gpio.c.obj
 .debug_macro   0x000284c1       0x16 CMakeFiles/hw1.dir/Core/Src/gpio.c.obj
 .debug_macro   0x000284d7       0x4a CMakeFiles/hw1.dir/Core/Src/gpio.c.obj
 .debug_macro   0x00028521       0x34 CMakeFiles/hw1.dir/Core/Src/gpio.c.obj
 .debug_macro   0x00028555       0x10 CMakeFiles/hw1.dir/Core/Src/gpio.c.obj
 .debug_macro   0x00028565       0x58 CMakeFiles/hw1.dir/Core/Src/gpio.c.obj
 .debug_macro   0x000285bd      0x1e5 CMakeFiles/hw1.dir/Core/Src/gpio.c.obj
 .debug_macro   0x000287a2      0x19b CMakeFiles/hw1.dir/Core/Src/gpio.c.obj
 .debug_macro   0x0002893d       0x5d CMakeFiles/hw1.dir/Core/Src/gpio.c.obj
 .debug_macro   0x0002899a     0x2462 CMakeFiles/hw1.dir/Core/Src/gpio.c.obj
 .debug_macro   0x0002adfc     0x1079 CMakeFiles/hw1.dir/Core/Src/gpio.c.obj
 .debug_macro   0x0002be75      0x154 CMakeFiles/hw1.dir/Core/Src/gpio.c.obj
 .debug_macro   0x0002bfc9      0x114 CMakeFiles/hw1.dir/Core/Src/gpio.c.obj
 .debug_macro   0x0002c0dd      0x3fc CMakeFiles/hw1.dir/Core/Src/gpio.c.obj
 .debug_macro   0x0002c4d9       0xac CMakeFiles/hw1.dir/Core/Src/gpio.c.obj
 .debug_macro   0x0002c585      0x788 CMakeFiles/hw1.dir/Core/Src/gpio.c.obj
 .debug_macro   0x0002cd0d      0x228 CMakeFiles/hw1.dir/Core/Src/gpio.c.obj
 .debug_macro   0x0002cf35       0x66 CMakeFiles/hw1.dir/Core/Src/gpio.c.obj
 .debug_macro   0x0002cf9b      0x3a6 CMakeFiles/hw1.dir/Core/Src/gpio.c.obj
 .debug_macro   0x0002d341      0x3f9 CMakeFiles/hw1.dir/Core/Src/gpio.c.obj
 .debug_macro   0x0002d73a      0x275 CMakeFiles/hw1.dir/Core/Src/gpio.c.obj
 .debug_macro   0x0002d9af      0x3ca CMakeFiles/hw1.dir/Core/Src/gpio.c.obj
 .debug_macro   0x0002dd79      0x45c CMakeFiles/hw1.dir/Core/Src/gpio.c.obj
 .debug_macro   0x0002e1d5       0x3c CMakeFiles/hw1.dir/Core/Src/gpio.c.obj
 .debug_macro   0x0002e211       0x4a CMakeFiles/hw1.dir/Core/Src/gpio.c.obj
 .debug_macro   0x0002e25b      0x22c CMakeFiles/hw1.dir/Core/Src/gpio.c.obj
 .debug_macro   0x0002e487       0x67 CMakeFiles/hw1.dir/Core/Src/gpio.c.obj
 .debug_macro   0x0002e4ee       0xa5 CMakeFiles/hw1.dir/Core/Src/gpio.c.obj
 .debug_macro   0x0002e593      0x1c4 CMakeFiles/hw1.dir/Core/Src/gpio.c.obj
 .debug_macro   0x0002e757      0x22a CMakeFiles/hw1.dir/Core/Src/gpio.c.obj
 .debug_macro   0x0002e981       0x35 CMakeFiles/hw1.dir/Core/Src/gpio.c.obj
 .debug_macro   0x0002e9b6      0xb24 CMakeFiles/hw1.dir/Core/Src/gpio.c.obj
 .debug_macro   0x0002f4da      0x29f CMakeFiles/hw1.dir/Core/Src/gpio.c.obj
 .debug_macro   0x0002f779      0x693 CMakeFiles/hw1.dir/Core/Src/gpio.c.obj
 .debug_macro   0x0002fe0c       0xa6 CMakeFiles/hw1.dir/Core/Src/gpio.c.obj
 .debug_macro   0x0002feb2      0x5f2 CMakeFiles/hw1.dir/Core/Src/gpio.c.obj
 .debug_macro   0x000304a4      0x2ad CMakeFiles/hw1.dir/Core/Src/i2c.c.obj
 .debug_macro   0x00030751      0x2e3 CMakeFiles/hw1.dir/Core/Src/main.c.obj
 .debug_macro   0x00030a34      0x2a3 CMakeFiles/hw1.dir/Core/Src/stm32h7xx_hal_msp.c.obj
 .debug_macro   0x00030cd7      0x2ad CMakeFiles/hw1.dir/Core/Src/stm32h7xx_it.c.obj
 .debug_macro   0x00030f84      0x265 CMakeFiles/hw1.dir/Core/Src/syscalls.c.obj
 .debug_macro   0x000311e9       0x75 CMakeFiles/hw1.dir/Core/Src/syscalls.c.obj
 .debug_macro   0x0003125e       0x94 CMakeFiles/hw1.dir/Core/Src/syscalls.c.obj
 .debug_macro   0x000312f2       0x57 CMakeFiles/hw1.dir/Core/Src/syscalls.c.obj
 .debug_macro   0x00031349       0x10 CMakeFiles/hw1.dir/Core/Src/syscalls.c.obj
 .debug_macro   0x00031359       0x3c CMakeFiles/hw1.dir/Core/Src/syscalls.c.obj
 .debug_macro   0x00031395       0x10 CMakeFiles/hw1.dir/Core/Src/syscalls.c.obj
 .debug_macro   0x000313a5       0x10 CMakeFiles/hw1.dir/Core/Src/syscalls.c.obj
 .debug_macro   0x000313b5       0x10 CMakeFiles/hw1.dir/Core/Src/syscalls.c.obj
 .debug_macro   0x000313c5       0x1c CMakeFiles/hw1.dir/Core/Src/syscalls.c.obj
 .debug_macro   0x000313e1       0x52 CMakeFiles/hw1.dir/Core/Src/syscalls.c.obj
 .debug_macro   0x00031433       0x22 CMakeFiles/hw1.dir/Core/Src/syscalls.c.obj
 .debug_macro   0x00031455       0x10 CMakeFiles/hw1.dir/Core/Src/syscalls.c.obj
 .debug_macro   0x00031465       0x52 CMakeFiles/hw1.dir/Core/Src/syscalls.c.obj
 .debug_macro   0x000314b7       0xcf CMakeFiles/hw1.dir/Core/Src/syscalls.c.obj
 .debug_macro   0x00031586       0x1c CMakeFiles/hw1.dir/Core/Src/syscalls.c.obj
 .debug_macro   0x000315a2       0x3d CMakeFiles/hw1.dir/Core/Src/syscalls.c.obj
 .debug_macro   0x000315df       0x35 CMakeFiles/hw1.dir/Core/Src/syscalls.c.obj
 .debug_macro   0x00031614      0x12c CMakeFiles/hw1.dir/Core/Src/syscalls.c.obj
 .debug_macro   0x00031740       0x16 CMakeFiles/hw1.dir/Core/Src/syscalls.c.obj
 .debug_macro   0x00031756       0x16 CMakeFiles/hw1.dir/Core/Src/syscalls.c.obj
 .debug_macro   0x0003176c       0x29 CMakeFiles/hw1.dir/Core/Src/syscalls.c.obj
 .debug_macro   0x00031795       0x10 CMakeFiles/hw1.dir/Core/Src/syscalls.c.obj
 .debug_macro   0x000317a5      0x242 CMakeFiles/hw1.dir/Core/Src/syscalls.c.obj
 .debug_macro   0x000319e7       0x1c CMakeFiles/hw1.dir/Core/Src/syscalls.c.obj
 .debug_macro   0x00031a03       0x10 CMakeFiles/hw1.dir/Core/Src/syscalls.c.obj
 .debug_macro   0x00031a13       0x10 CMakeFiles/hw1.dir/Core/Src/syscalls.c.obj
 .debug_macro   0x00031a23       0x16 CMakeFiles/hw1.dir/Core/Src/syscalls.c.obj
 .debug_macro   0x00031a39      0x170 CMakeFiles/hw1.dir/Core/Src/syscalls.c.obj
 .debug_macro   0x00031ba9      0x18a CMakeFiles/hw1.dir/Core/Src/syscalls.c.obj
 .debug_macro   0x00031d33       0x16 CMakeFiles/hw1.dir/Core/Src/syscalls.c.obj
 .debug_macro   0x00031d49       0xce CMakeFiles/hw1.dir/Core/Src/syscalls.c.obj
 .debug_macro   0x00031e17       0xff CMakeFiles/hw1.dir/Core/Src/sysmem.c.obj
 .debug_macro   0x00031f16      0x23c CMakeFiles/hw1.dir/Core/Src/sysmem.c.obj
 .debug_macro   0x00032152      0x299 CMakeFiles/hw1.dir/Core/Src/system_stm32h7xx.c.obj
 .debug_macro   0x000323eb      0x2ad CMakeFiles/hw1.dir/Core/Src/tim.c.obj
 .debug_macro   0x00032698      0x2ad CMakeFiles/hw1.dir/Core/Src/usart.c.obj
 .debug_macro   0x00032945      0x4ef CMakeFiles/hw1.dir/Resources/Src/CommHostComputer.cpp.obj
 .debug_macro   0x00032e34      0xca0 CMakeFiles/hw1.dir/Resources/Src/CommHostComputer.cpp.obj
 .debug_macro   0x00033ad4       0x1c CMakeFiles/hw1.dir/Resources/Src/CommHostComputer.cpp.obj
 .debug_macro   0x00033af0       0x8e CMakeFiles/hw1.dir/Resources/Src/CommHostComputer.cpp.obj
 .debug_macro   0x00033b7e     0x1305 CMakeFiles/hw1.dir/Resources/Src/CommHostComputer.cpp.obj
 .debug_macro   0x00034e83      0x197 CMakeFiles/hw1.dir/Resources/Src/CommHostComputer.cpp.obj
 .debug_macro   0x0003501a      0x1f2 CMakeFiles/hw1.dir/Resources/Src/CommHostComputer.cpp.obj
 .debug_macro   0x0003520c       0x10 CMakeFiles/hw1.dir/Resources/Src/CommHostComputer.cpp.obj
 .debug_macro   0x0003521c       0xd6 CMakeFiles/hw1.dir/Resources/Src/CommHostComputer.cpp.obj
 .debug_macro   0x000352f2      0x103 CMakeFiles/hw1.dir/Resources/Src/CommHostComputer.cpp.obj
 .debug_macro   0x000353f5      0x361 CMakeFiles/hw1.dir/Resources/Src/CommHostComputer.cpp.obj
 .debug_macro   0x00035756       0x18 CMakeFiles/hw1.dir/Resources/Src/CommHostComputer.cpp.obj
 .debug_macro   0x0003576e       0x34 CMakeFiles/hw1.dir/Resources/Src/CommHostComputer.cpp.obj
 .debug_macro   0x000357a2      0x38c CMakeFiles/hw1.dir/Resources/Src/CommHostComputer.cpp.obj
 .debug_macro   0x00035b2e       0x4a CMakeFiles/hw1.dir/Resources/Src/CommHostComputer.cpp.obj
 .debug_macro   0x00035b78      0x194 CMakeFiles/hw1.dir/Resources/Src/CommHostComputer.cpp.obj
 .debug_macro   0x00035d0c       0x10 CMakeFiles/hw1.dir/Resources/Src/CommHostComputer.cpp.obj
 .debug_macro   0x00035d1c       0x3c CMakeFiles/hw1.dir/Resources/Src/CommHostComputer.cpp.obj
 .debug_macro   0x00035d58       0x10 CMakeFiles/hw1.dir/Resources/Src/CommHostComputer.cpp.obj
 .debug_macro   0x00035d68      0x3d5 CMakeFiles/hw1.dir/Resources/Src/CommHostComputer.cpp.obj
 .debug_macro   0x0003613d       0x16 CMakeFiles/hw1.dir/Resources/Src/CommHostComputer.cpp.obj
 .debug_macro   0x00036153       0x1c CMakeFiles/hw1.dir/Resources/Src/CommHostComputer.cpp.obj
 .debug_macro   0x0003616f       0x4f CMakeFiles/hw1.dir/Resources/Src/CommHostComputer.cpp.obj
 .debug_macro   0x000361be       0xa2 CMakeFiles/hw1.dir/Resources/Src/CommHostComputer.cpp.obj
 .debug_macro   0x00036260       0x25 CMakeFiles/hw1.dir/Resources/Src/CommHostComputer.cpp.obj
 .debug_macro   0x00036285       0x18 CMakeFiles/hw1.dir/Resources/Src/CommHostComputer.cpp.obj
 .debug_macro   0x0003629d       0x10 CMakeFiles/hw1.dir/Resources/Src/CommHostComputer.cpp.obj
 .debug_macro   0x000362ad       0x11 CMakeFiles/hw1.dir/Resources/Src/CommHostComputer.cpp.obj
 .debug_macro   0x000362be       0x17 CMakeFiles/hw1.dir/Resources/Src/CommHostComputer.cpp.obj
 .debug_macro   0x000362d5       0x10 CMakeFiles/hw1.dir/Resources/Src/CommHostComputer.cpp.obj
 .debug_macro   0x000362e5       0x28 CMakeFiles/hw1.dir/Resources/Src/CommHostComputer.cpp.obj
 .debug_macro   0x0003630d       0x2e CMakeFiles/hw1.dir/Resources/Src/CommHostComputer.cpp.obj
 .debug_macro   0x0003633b       0x16 CMakeFiles/hw1.dir/Resources/Src/CommHostComputer.cpp.obj
 .debug_macro   0x00036351       0x19 CMakeFiles/hw1.dir/Resources/Src/CommHostComputer.cpp.obj
 .debug_macro   0x0003636a       0x20 CMakeFiles/hw1.dir/Resources/Src/CommHostComputer.cpp.obj
 .debug_macro   0x0003638a       0x88 CMakeFiles/hw1.dir/Resources/Src/CommHostComputer.cpp.obj
 .debug_macro   0x00036412       0x25 CMakeFiles/hw1.dir/Resources/Src/CommHostComputer.cpp.obj
 .debug_macro   0x00036437       0x19 CMakeFiles/hw1.dir/Resources/Src/CommHostComputer.cpp.obj
 .debug_macro   0x00036450      0x120 CMakeFiles/hw1.dir/Resources/Src/CommHostComputer.cpp.obj
 .debug_macro   0x00036570       0x11 CMakeFiles/hw1.dir/Resources/Src/CommHostComputer.cpp.obj
 .debug_macro   0x00036581       0x17 CMakeFiles/hw1.dir/Resources/Src/CommHostComputer.cpp.obj
 .debug_macro   0x00036598       0x17 CMakeFiles/hw1.dir/Resources/Src/CommHostComputer.cpp.obj
 .debug_macro   0x000365af       0x17 CMakeFiles/hw1.dir/Resources/Src/CommHostComputer.cpp.obj
 .debug_macro   0x000365c6       0x17 CMakeFiles/hw1.dir/Resources/Src/CommHostComputer.cpp.obj
 .debug_macro   0x000365dd       0x17 CMakeFiles/hw1.dir/Resources/Src/CommHostComputer.cpp.obj
 .debug_macro   0x000365f4       0x17 CMakeFiles/hw1.dir/Resources/Src/CommHostComputer.cpp.obj
 .debug_macro   0x0003660b      0x56b CMakeFiles/hw1.dir/Tasks/Src/main_task.cpp.obj
 .debug_macro   0x00036b76       0x1c CMakeFiles/hw1.dir/Tasks/Src/main_task.cpp.obj
 .debug_macro   0x00036b92       0x10 CMakeFiles/hw1.dir/Tasks/Src/main_task.cpp.obj
 .debug_macro   0x00036ba2      0x2c3 libdrivers.a(stm32h7xx_hal.c.obj)
 .debug_macro   0x00036e65      0x299 libdrivers.a(stm32h7xx_hal_cortex.c.obj)
 .debug_macro   0x000370fe      0x2a0 libdrivers.a(stm32h7xx_hal_gpio.c.obj)
 .debug_macro   0x0003739e      0x365 libdrivers.a(stm32h7xx_hal_i2c.c.obj)
 .debug_macro   0x00037703      0x299 libdrivers.a(stm32h7xx_hal_i2c_ex.c.obj)
 .debug_macro   0x0003799c      0x2d2 libdrivers.a(stm32h7xx_hal_pwr_ex.c.obj)
 .debug_macro   0x00037c6e      0x2bd libdrivers.a(stm32h7xx_hal_rcc.c.obj)
 .debug_macro   0x00037f2b      0x2b7 libdrivers.a(stm32h7xx_hal_rcc_ex.c.obj)
 .debug_macro   0x000381e2      0x29a libdrivers.a(stm32h7xx_hal_tim.c.obj)
 .debug_macro   0x0003847c      0x29f libdrivers.a(stm32h7xx_hal_tim_ex.c.obj)
 .debug_macro   0x0003871b      0x2c4 libdrivers.a(stm32h7xx_hal_uart.c.obj)
 .debug_macro   0x000389df      0x2a5 libdrivers.a(stm32h7xx_hal_uart_ex.c.obj)
 .debug_macro   0x00038c84      0x2ed libdrivers.a(stm32h7xx_hal_dma.c.obj)

.debug_line     0x00000000    0x1bdd4
 .debug_line    0x00000000      0x667 CMakeFiles/hw1.dir/Core/Src/gpio.c.obj
 .debug_line    0x00000667      0x6d8 CMakeFiles/hw1.dir/Core/Src/i2c.c.obj
 .debug_line    0x00000d3f      0x784 CMakeFiles/hw1.dir/Core/Src/main.c.obj
 .debug_line    0x000014c3      0x638 CMakeFiles/hw1.dir/Core/Src/stm32h7xx_hal_msp.c.obj
 .debug_line    0x00001afb      0x730 CMakeFiles/hw1.dir/Core/Src/stm32h7xx_it.c.obj
 .debug_line    0x0000222b      0x552 CMakeFiles/hw1.dir/Core/Src/syscalls.c.obj
 .debug_line    0x0000277d      0x22e CMakeFiles/hw1.dir/Core/Src/sysmem.c.obj
 .debug_line    0x000029ab      0x82d CMakeFiles/hw1.dir/Core/Src/system_stm32h7xx.c.obj
 .debug_line    0x000031d8      0x7f7 CMakeFiles/hw1.dir/Core/Src/tim.c.obj
 .debug_line    0x000039cf      0x869 CMakeFiles/hw1.dir/Core/Src/usart.c.obj
 .debug_line    0x00004238      0xd27 CMakeFiles/hw1.dir/Resources/Src/CommHostComputer.cpp.obj
 .debug_line    0x00004f5f      0xd7d CMakeFiles/hw1.dir/Tasks/Src/main_task.cpp.obj
 .debug_line    0x00005cdc       0x7b CMakeFiles/hw1.dir/startup_stm32h723xx.s.obj
 .debug_line    0x00005d57      0xca2 libdrivers.a(stm32h7xx_hal.c.obj)
 .debug_line    0x000069f9      0xbfb libdrivers.a(stm32h7xx_hal_cortex.c.obj)
 .debug_line    0x000075f4      0xa86 libdrivers.a(stm32h7xx_hal_gpio.c.obj)
 .debug_line    0x0000807a     0x3988 libdrivers.a(stm32h7xx_hal_i2c.c.obj)
 .debug_line    0x0000ba02      0x79f libdrivers.a(stm32h7xx_hal_i2c_ex.c.obj)
 .debug_line    0x0000c1a1      0xce0 libdrivers.a(stm32h7xx_hal_pwr_ex.c.obj)
 .debug_line    0x0000ce81     0x121f libdrivers.a(stm32h7xx_hal_rcc.c.obj)
 .debug_line    0x0000e0a0     0x1ad3 libdrivers.a(stm32h7xx_hal_rcc_ex.c.obj)
 .debug_line    0x0000fb73     0x3df1 libdrivers.a(stm32h7xx_hal_tim.c.obj)
 .debug_line    0x00013964     0x1c2f libdrivers.a(stm32h7xx_hal_tim_ex.c.obj)
 .debug_line    0x00015593     0x3705 libdrivers.a(stm32h7xx_hal_uart.c.obj)
 .debug_line    0x00018c98      0xba7 libdrivers.a(stm32h7xx_hal_uart_ex.c.obj)
 .debug_line    0x0001983f     0x2595 libdrivers.a(stm32h7xx_hal_dma.c.obj)

.debug_str      0x00000000   0x1578cd
 .debug_str     0x00000000   0x1578cd CMakeFiles/hw1.dir/Core/Src/gpio.c.obj
                             0x146b62 (size before relaxing)
 .debug_str     0x001578cd   0x1474e2 CMakeFiles/hw1.dir/Core/Src/i2c.c.obj
 .debug_str     0x001578cd   0x146c9a CMakeFiles/hw1.dir/Core/Src/main.c.obj
 .debug_str     0x001578cd   0x146a97 CMakeFiles/hw1.dir/Core/Src/stm32h7xx_hal_msp.c.obj
 .debug_str     0x001578cd   0x146f08 CMakeFiles/hw1.dir/Core/Src/stm32h7xx_it.c.obj
 .debug_str     0x001578cd     0x9505 CMakeFiles/hw1.dir/Core/Src/syscalls.c.obj
 .debug_str     0x001578cd     0x71fe CMakeFiles/hw1.dir/Core/Src/sysmem.c.obj
 .debug_str     0x001578cd   0x146d77 CMakeFiles/hw1.dir/Core/Src/system_stm32h7xx.c.obj
 .debug_str     0x001578cd   0x1473bf CMakeFiles/hw1.dir/Core/Src/tim.c.obj
 .debug_str     0x001578cd   0x147d46 CMakeFiles/hw1.dir/Core/Src/usart.c.obj
 .debug_str     0x001578cd   0x14dd43 CMakeFiles/hw1.dir/Resources/Src/CommHostComputer.cpp.obj
 .debug_str     0x001578cd   0x14ec68 CMakeFiles/hw1.dir/Tasks/Src/main_task.cpp.obj
 .debug_str     0x001578cd       0x8e CMakeFiles/hw1.dir/startup_stm32h723xx.s.obj
 .debug_str     0x001578cd   0x147dc2 libdrivers.a(stm32h7xx_hal.c.obj)
 .debug_str     0x001578cd   0x1476dc libdrivers.a(stm32h7xx_hal_cortex.c.obj)
 .debug_str     0x001578cd   0x146d83 libdrivers.a(stm32h7xx_hal_gpio.c.obj)
 .debug_str     0x001578cd   0x147e22 libdrivers.a(stm32h7xx_hal_i2c.c.obj)
 .debug_str     0x001578cd   0x1471c8 libdrivers.a(stm32h7xx_hal_i2c_ex.c.obj)
 .debug_str     0x001578cd   0x14718b libdrivers.a(stm32h7xx_hal_pwr_ex.c.obj)
 .debug_str     0x001578cd   0x147106 libdrivers.a(stm32h7xx_hal_rcc.c.obj)
 .debug_str     0x001578cd   0x14761e libdrivers.a(stm32h7xx_hal_rcc_ex.c.obj)
 .debug_str     0x001578cd   0x147f04 libdrivers.a(stm32h7xx_hal_tim.c.obj)
 .debug_str     0x001578cd   0x1478b1 libdrivers.a(stm32h7xx_hal_tim_ex.c.obj)
 .debug_str     0x001578cd   0x147ca6 libdrivers.a(stm32h7xx_hal_uart.c.obj)
 .debug_str     0x001578cd   0x147266 libdrivers.a(stm32h7xx_hal_uart_ex.c.obj)
 .debug_str     0x001578cd   0x1474ed libdrivers.a(stm32h7xx_hal_dma.c.obj)

.debug_frame    0x00000000     0x5e4c
 .debug_frame   0x00000000       0x34 CMakeFiles/hw1.dir/Core/Src/gpio.c.obj
 .debug_frame   0x00000034       0x78 CMakeFiles/hw1.dir/Core/Src/i2c.c.obj
 .debug_frame   0x000000ac       0x8c CMakeFiles/hw1.dir/Core/Src/main.c.obj
 .debug_frame   0x00000138       0x38 CMakeFiles/hw1.dir/Core/Src/stm32h7xx_hal_msp.c.obj
 .debug_frame   0x00000170      0x158 CMakeFiles/hw1.dir/Core/Src/stm32h7xx_it.c.obj
 .debug_frame   0x000002c8      0x2ac CMakeFiles/hw1.dir/Core/Src/syscalls.c.obj
 .debug_frame   0x00000574       0x34 CMakeFiles/hw1.dir/Core/Src/sysmem.c.obj
 .debug_frame   0x000005a8       0x78 CMakeFiles/hw1.dir/Core/Src/system_stm32h7xx.c.obj
 .debug_frame   0x00000620       0xcc CMakeFiles/hw1.dir/Core/Src/tim.c.obj
 .debug_frame   0x000006ec       0xb0 CMakeFiles/hw1.dir/Core/Src/usart.c.obj
 .debug_frame   0x0000079c       0x5c CMakeFiles/hw1.dir/Resources/Src/CommHostComputer.cpp.obj
 .debug_frame   0x000007f8      0x16c CMakeFiles/hw1.dir/Tasks/Src/main_task.cpp.obj
 .debug_frame   0x00000964      0x760 libdrivers.a(stm32h7xx_hal.c.obj)
 .debug_frame   0x000010c4      0x508 libdrivers.a(stm32h7xx_hal_cortex.c.obj)
 .debug_frame   0x000015cc      0x14c libdrivers.a(stm32h7xx_hal_gpio.c.obj)
 .debug_frame   0x00001718      0xc40 libdrivers.a(stm32h7xx_hal_i2c.c.obj)
 .debug_frame   0x00002358      0x100 libdrivers.a(stm32h7xx_hal_i2c_ex.c.obj)
 .debug_frame   0x00002458      0x540 libdrivers.a(stm32h7xx_hal_pwr_ex.c.obj)
 .debug_frame   0x00002998      0x1fc libdrivers.a(stm32h7xx_hal_rcc.c.obj)
 .debug_frame   0x00002b94      0x414 libdrivers.a(stm32h7xx_hal_rcc_ex.c.obj)
 .debug_frame   0x00002fa8     0x121c libdrivers.a(stm32h7xx_hal_tim.c.obj)
 .debug_frame   0x000041c4      0x724 libdrivers.a(stm32h7xx_hal_tim_ex.c.obj)
 .debug_frame   0x000048e8      0xa94 libdrivers.a(stm32h7xx_hal_uart.c.obj)
 .debug_frame   0x0000537c      0x2c0 libdrivers.a(stm32h7xx_hal_uart_ex.c.obj)
 .debug_frame   0x0000563c      0x2b4 libdrivers.a(stm32h7xx_hal_dma.c.obj)
 .debug_frame   0x000058f0       0x28 D:/arm-gnu/bin/../lib/gcc/arm-none-eabi/13.3.1/thumb/v7e-m+dp/hard\libstdc++_nano.a(new_op.o)
 .debug_frame   0x00005918       0x30 D:/arm-gnu/bin/../lib/gcc/arm-none-eabi/13.3.1/thumb/v7e-m+dp/hard\libstdc++_nano.a(new_handler.o)
 .debug_frame   0x00005948       0x28 D:/arm-gnu/bin/../lib/gcc/arm-none-eabi/13.3.1/thumb/v7e-m+dp/hard\libc_nano.a(libc_a-abort.o)
 .debug_frame   0x00005970       0x30 D:/arm-gnu/bin/../lib/gcc/arm-none-eabi/13.3.1/thumb/v7e-m+dp/hard\libc_nano.a(libc_a-malloc.o)
 .debug_frame   0x000059a0       0x50 D:/arm-gnu/bin/../lib/gcc/arm-none-eabi/13.3.1/thumb/v7e-m+dp/hard\libc_nano.a(libc_a-mallocr.o)
 .debug_frame   0x000059f0       0x30 D:/arm-gnu/bin/../lib/gcc/arm-none-eabi/13.3.1/thumb/v7e-m+dp/hard\libc_nano.a(libc_a-mlock.o)
 .debug_frame   0x00005a20      0x144 D:/arm-gnu/bin/../lib/gcc/arm-none-eabi/13.3.1/thumb/v7e-m+dp/hard\libc_nano.a(libc_a-findfp.o)
 .debug_frame   0x00005b64       0x20 D:/arm-gnu/bin/../lib/gcc/arm-none-eabi/13.3.1/thumb/v7e-m+dp/hard\libc_nano.a(libc_a-memset.o)
 .debug_frame   0x00005b84       0xcc D:/arm-gnu/bin/../lib/gcc/arm-none-eabi/13.3.1/thumb/v7e-m+dp/hard\libc_nano.a(libc_a-signal.o)
 .debug_frame   0x00005c50       0x38 D:/arm-gnu/bin/../lib/gcc/arm-none-eabi/13.3.1/thumb/v7e-m+dp/hard\libc_nano.a(libc_a-reent.o)
 .debug_frame   0x00005c88       0x3c D:/arm-gnu/bin/../lib/gcc/arm-none-eabi/13.3.1/thumb/v7e-m+dp/hard\libc_nano.a(libc_a-signalr.o)
 .debug_frame   0x00005cc4       0x2c D:/arm-gnu/bin/../lib/gcc/arm-none-eabi/13.3.1/thumb/v7e-m+dp/hard\libc_nano.a(libc_a-sbrkr.o)
 .debug_frame   0x00005cf0       0x20 D:/arm-gnu/bin/../lib/gcc/arm-none-eabi/13.3.1/thumb/v7e-m+dp/hard\libc_nano.a(libc_a-errno.o)
 .debug_frame   0x00005d10       0x2c D:/arm-gnu/bin/../lib/gcc/arm-none-eabi/13.3.1/thumb/v7e-m+dp/hard\libc_nano.a(libc_a-init.o)
 .debug_frame   0x00005d3c       0xb0 D:/arm-gnu/bin/../lib/gcc/arm-none-eabi/13.3.1/thumb/v7e-m+dp/hard\libc_nano.a(libc_a-lock.o)
 .debug_frame   0x00005dec       0x2c D:/arm-gnu/bin/../lib/gcc/arm-none-eabi/13.3.1/thumb/v7e-m+dp/hard\libgcc.a(_aeabi_uldivmod.o)
 .debug_frame   0x00005e18       0x34 D:/arm-gnu/bin/../lib/gcc/arm-none-eabi/13.3.1/thumb/v7e-m+dp/hard\libgcc.a(_udivmoddi4.o)

.debug_line_str
                0x00000000      0x147
 .debug_line_str
                0x00000000      0x147 CMakeFiles/hw1.dir/startup_stm32h723xx.s.obj
                                 0x72 (size before relaxing)
 .debug_line_str
                0x00000147       0xc9 D:/arm-gnu/bin/../lib/gcc/arm-none-eabi/13.3.1/thumb/v7e-m+dp/hard\libgcc.a(_aeabi_uldivmod.o)
 .debug_line_str
                0x00000147       0xcd D:/arm-gnu/bin/../lib/gcc/arm-none-eabi/13.3.1/thumb/v7e-m+dp/hard\libgcc.a(_dvmd_tls.o)
