Archive member included to satisfy reference by file (symbol)

libdrivers.a(stm32h7xx_hal.c.obj)
                              CMakeFiles/hw1.dir/Core/Src/main.c.obj (HAL_Init)
libdrivers.a(stm32h7xx_hal_cortex.c.obj)
                              libdrivers.a(stm32h7xx_hal.c.obj) (HAL_NVIC_SetPriorityGrouping)
libdrivers.a(stm32h7xx_hal_gpio.c.obj)
                              CMakeFiles/hw1.dir/Core/Src/gpio.c.obj (HAL_GPIO_Init)
libdrivers.a(stm32h7xx_hal_i2c.c.obj)
                              CMakeFiles/hw1.dir/Core/Src/i2c.c.obj (HAL_I2C_Init)
libdrivers.a(stm32h7xx_hal_i2c_ex.c.obj)
                              CMakeFiles/hw1.dir/Core/Src/i2c.c.obj (HAL_I2CEx_ConfigAnalogFilter)
libdrivers.a(stm32h7xx_hal_pwr_ex.c.obj)
                              CMakeFiles/hw1.dir/Core/Src/main.c.obj (HAL_PWREx_ConfigSupply)
libdrivers.a(stm32h7xx_hal_rcc.c.obj)
                              CMakeFiles/hw1.dir/Core/Src/main.c.obj (HAL_RCC_OscConfig)
libdrivers.a(stm32h7xx_hal_rcc_ex.c.obj)
                              CMakeFiles/hw1.dir/Core/Src/i2c.c.obj (HAL_RCCEx_PeriphCLKConfig)
libdrivers.a(stm32h7xx_hal_tim.c.obj)
                              CMakeFiles/hw1.dir/Core/Src/tim.c.obj (HAL_TIM_Base_Init)
libdrivers.a(stm32h7xx_hal_tim_ex.c.obj)
                              libdrivers.a(stm32h7xx_hal_tim.c.obj) (TIMEx_DMACommutationCplt)
libdrivers.a(stm32h7xx_hal_uart.c.obj)
                              CMakeFiles/hw1.dir/Core/Src/usart.c.obj (HAL_UART_Init)
libdrivers.a(stm32h7xx_hal_uart_ex.c.obj)
                              libdrivers.a(stm32h7xx_hal_uart.c.obj) (HAL_UARTEx_WakeupCallback)
libdrivers.a(stm32h7xx_hal_dma.c.obj)
                              libdrivers.a(stm32h7xx_hal_i2c.c.obj) (HAL_DMA_Start_IT)
libdrivers.a(stm32h7xx_hal_pwr.c.obj)
                              libdrivers.a(stm32h7xx_hal_pwr_ex.c.obj) (HAL_PWR_PVDCallback)
D:/arm-gnu/bin/../lib/gcc/arm-none-eabi/13.3.1/thumb/v7e-m+dp/hard\libstdc++_nano.a(new_op.o)
                              CMakeFiles/hw1.dir/Tasks/Src/main_task.cpp.obj (operator new(unsigned int))
D:/arm-gnu/bin/../lib/gcc/arm-none-eabi/13.3.1/thumb/v7e-m+dp/hard\libstdc++_nano.a(new_handler.o)
                              D:/arm-gnu/bin/../lib/gcc/arm-none-eabi/13.3.1/thumb/v7e-m+dp/hard\libstdc++_nano.a(new_op.o) (std::get_new_handler())
D:/arm-gnu/bin/../lib/gcc/arm-none-eabi/13.3.1/thumb/v7e-m+dp/hard\libc_nano.a(libc_a-abort.o)
                              D:/arm-gnu/bin/../lib/gcc/arm-none-eabi/13.3.1/thumb/v7e-m+dp/hard\libstdc++_nano.a(new_op.o) (abort)
D:/arm-gnu/bin/../lib/gcc/arm-none-eabi/13.3.1/thumb/v7e-m+dp/hard\libc_nano.a(libc_a-exit.o)
                              D:/arm-gnu/bin/../lib/gcc/arm-none-eabi/13.3.1/thumb/v7e-m+dp/hard/crt0.o (exit)
D:/arm-gnu/bin/../lib/gcc/arm-none-eabi/13.3.1/thumb/v7e-m+dp/hard\libc_nano.a(libc_a-malloc.o)
                              D:/arm-gnu/bin/../lib/gcc/arm-none-eabi/13.3.1/thumb/v7e-m+dp/hard\libstdc++_nano.a(new_op.o) (malloc)
D:/arm-gnu/bin/../lib/gcc/arm-none-eabi/13.3.1/thumb/v7e-m+dp/hard\libc_nano.a(libc_a-mallocr.o)
                              D:/arm-gnu/bin/../lib/gcc/arm-none-eabi/13.3.1/thumb/v7e-m+dp/hard\libc_nano.a(libc_a-malloc.o) (_malloc_r)
D:/arm-gnu/bin/../lib/gcc/arm-none-eabi/13.3.1/thumb/v7e-m+dp/hard\libc_nano.a(libc_a-mlock.o)
                              D:/arm-gnu/bin/../lib/gcc/arm-none-eabi/13.3.1/thumb/v7e-m+dp/hard\libc_nano.a(libc_a-mallocr.o) (__malloc_lock)
D:/arm-gnu/bin/../lib/gcc/arm-none-eabi/13.3.1/thumb/v7e-m+dp/hard\libc_nano.a(libc_a-findfp.o)
                              D:/arm-gnu/bin/../lib/gcc/arm-none-eabi/13.3.1/thumb/v7e-m+dp/hard\libc_nano.a(libc_a-exit.o) (__stdio_exit_handler)
D:/arm-gnu/bin/../lib/gcc/arm-none-eabi/13.3.1/thumb/v7e-m+dp/hard\libc_nano.a(libc_a-fwalk.o)
                              D:/arm-gnu/bin/../lib/gcc/arm-none-eabi/13.3.1/thumb/v7e-m+dp/hard\libc_nano.a(libc_a-findfp.o) (_fwalk_sglue)
D:/arm-gnu/bin/../lib/gcc/arm-none-eabi/13.3.1/thumb/v7e-m+dp/hard\libc_nano.a(libc_a-stdio.o)
                              D:/arm-gnu/bin/../lib/gcc/arm-none-eabi/13.3.1/thumb/v7e-m+dp/hard\libc_nano.a(libc_a-findfp.o) (__sread)
D:/arm-gnu/bin/../lib/gcc/arm-none-eabi/13.3.1/thumb/v7e-m+dp/hard\libc_nano.a(libc_a-memset.o)
                              D:/arm-gnu/bin/../lib/gcc/arm-none-eabi/13.3.1/thumb/v7e-m+dp/hard/crt0.o (memset)
D:/arm-gnu/bin/../lib/gcc/arm-none-eabi/13.3.1/thumb/v7e-m+dp/hard\libc_nano.a(libc_a-signal.o)
                              D:/arm-gnu/bin/../lib/gcc/arm-none-eabi/13.3.1/thumb/v7e-m+dp/hard\libc_nano.a(libc_a-abort.o) (raise)
D:/arm-gnu/bin/../lib/gcc/arm-none-eabi/13.3.1/thumb/v7e-m+dp/hard\libc_nano.a(libc_a-closer.o)
                              D:/arm-gnu/bin/../lib/gcc/arm-none-eabi/13.3.1/thumb/v7e-m+dp/hard\libc_nano.a(libc_a-stdio.o) (_close_r)
D:/arm-gnu/bin/../lib/gcc/arm-none-eabi/13.3.1/thumb/v7e-m+dp/hard\libc_nano.a(libc_a-reent.o)
[...]
Memory Configuration

Name             Origin             Length             Attributes
DTCMRAM          0x20000000         0x00020000         xrw
RAM              0x24000000         0x00020000         xrw
RAM_D2           0x30000000         0x00008000         xrw
RAM_D3           0x38000000         0x00004000         xrw
ITCMRAM          0x00000000         0x00010000         xrw
FLASH            0x08000000         0x00100000         xr
*default*        0x00000000         0xffffffff

Linker script and memory map

LOAD D:/arm-gnu/bin/../lib/gcc/arm-none-eabi/13.3.1/thumb/v7e-m+dp/hard/crti.o
LOAD D:/arm-gnu/bin/../lib/gcc/arm-none-eabi/13.3.1/thumb/v7e-m+dp/hard/crtbegin.o
LOAD D:/arm-gnu/bin/../lib/gcc/arm-none-eabi/13.3.1/thumb/v7e-m+dp/hard/crt0.o
START GROUP
END GROUP
START GROUP
LOAD D:/arm-gnu/bin/../lib/gcc/arm-none-eabi/13.3.1/thumb/v7e-m+dp/hard\libstdc++_nano.a
LOAD D:/arm-gnu/bin/../lib/gcc/arm-none-eabi/13.3.1/thumb/v7e-m+dp/hard\libsupc++_nano.a
END GROUP
LOAD CMakeFiles/hw1.dir/Core/Src/gpio.c.obj
LOAD CMakeFiles/hw1.dir/Core/Src/i2c.c.obj
LOAD CMakeFiles/hw1.dir/Core/Src/main.c.obj
LOAD CMakeFiles/hw1.dir/Core/Src/memorymap.c.obj
LOAD CMakeFiles/hw1.dir/Core/Src/stm32h7xx_hal_msp.c.obj
LOAD CMakeFiles/hw1.dir/Core/Src/stm32h7xx_it.c.obj
LOAD CMakeFiles/hw1.dir/Core/Src/syscalls.c.obj
LOAD CMakeFiles/hw1.dir/Core/Src/sysmem.c.obj
LOAD CMakeFiles/hw1.dir/Core/Src/system_stm32h7xx.c.obj
LOAD CMakeFiles/hw1.dir/Core/Src/tim.c.obj
LOAD CMakeFiles/hw1.dir/Core/Src/usart.c.obj
LOAD CMakeFiles/hw1.dir/Resources/Src/CommHostComputer.cpp.obj
LOAD CMakeFiles/hw1.dir/Resources/Src/DeepSensor.cpp.obj
LOAD CMakeFiles/hw1.dir/Resources/Src/DistanceSensor.cpp.obj
LOAD CMakeFiles/hw1.dir/Resources/Src/Imu.cpp.obj
LOAD CMakeFiles/hw1.dir/Resources/Src/Motor.cpp.obj
LOAD CMakeFiles/hw1.dir/Resources/Src/PIDController.cpp.obj
LOAD CMakeFiles/hw1.dir/Tasks/Src/main_task.cpp.obj
LOAD CMakeFiles/hw1.dir/Bsp/Src/MS5837.c.obj
LOAD CMakeFiles/hw1.dir/startup_stm32h723xx.s.obj
LOAD libdrivers.a
LOAD D:/arm-gnu/bin/../lib/gcc/arm-none-eabi/13.3.1/thumb/v7e-m+dp/hard\libstdc++_nano.a
LOAD D:/arm-gnu/bin/../lib/gcc/arm-none-eabi/13.3.1/thumb/v7e-m+dp/hard\libm.a
LOAD D:/arm-gnu/bin/../lib/gcc/arm-none-eabi/13.3.1/thumb/v7e-m+dp/hard\libc_nano.a
START GROUP
LOAD D:/arm-gnu/bin/../lib/gcc/arm-none-eabi/13.3.1/thumb/v7e-m+dp/hard\libgcc.a
LOAD D:/arm-gnu/bin/../lib/gcc/arm-none-eabi/13.3.1/thumb/v7e-m+dp/hard\libg_nano.a
LOAD D:/arm-gnu/bin/../lib/gcc/arm-none-eabi/13.3.1/thumb/v7e-m+dp/hard\libc_nano.a
END GROUP
START GROUP
LOAD D:/arm-gnu/bin/../lib/gcc/arm-none-eabi/13.3.1/thumb/v7e-m+dp/hard\libgcc.a
LOAD D:/arm-gnu/bin/../lib/gcc/arm-none-eabi/13.3.1/thumb/v7e-m+dp/hard\libc_nano.a
END GROUP
LOAD D:/arm-gnu/bin/../lib/gcc/arm-none-eabi/13.3.1/thumb/v7e-m+dp/hard/crtend.o
LOAD D:/arm-gnu/bin/../lib/gcc/arm-none-eabi/13.3.1/thumb/v7e-m+dp/hard/crtn.o
                0x20020000                        _estack = (ORIGIN (DTCMRAM) + LENGTH (DTCMRAM))
                0x00000200                        _Min_Heap_Size = 0x200
                0x00000400                        _Min_Stack_Size = 0x400

.isr_vector     0x08000000      0x2cc
                0x08000000                        . = ALIGN (0x4)
 *(.isr_vector)
 .isr_vector    0x08000000      0x2cc CMakeFiles/hw1.dir/startup_stm32h723xx.s.obj
                0x08000000                g_pfnVectors
                0x080002cc                        . = ALIGN (0x4)

.text           0x080002cc     0xb478
                0x080002cc                        . = ALIGN (0x4)
 *(.text)
 .text          0x080002cc       0x30 D:/arm-gnu/bin/../lib/gcc/arm-none-eabi/13.3.1/thumb/v7e-m+dp/hard\libgcc.a(_aeabi_uldivmod.o)
                0x080002cc                __aeabi_uldivmod
 .text          0x080002fc        0x4 D:/arm-gnu/bin/../lib/gcc/arm-none-eabi/13.3.1/thumb/v7e-m+dp/hard\libgcc.a(_dvmd_tls.o)
                0x080002fc                __aeabi_idiv0
                0x080002fc                __aeabi_ldiv0
 *(.text*)
 .text.deregister_tm_clones
                0x08000300       0x1c D:/arm-gnu/bin/../lib/gcc/arm-none-eabi/13.3.1/thumb/v7e-m+dp/hard/crtbegin.o
 .text.register_tm_clones
                0x0800031c       0x24 D:/arm-gnu/bin/../lib/gcc/arm-none-eabi/13.3.1/thumb/v7e-m+dp/hard/crtbegin.o
 .text.__do_global_dtors_aux
                0x08000340       0x28 D:/arm-gnu/bin/../lib/gcc/arm-none-eabi/13.3.1/thumb/v7e-m+dp/hard/crtbegin.o
 .text.frame_dummy
                0x08000368       0x24 D:/arm-gnu/bin/../lib/gcc/arm-none-eabi/13.3.1/thumb/v7e-m+dp/hard/crtbegin.o
 .text.MX_GPIO_Init
                0x0800038c      0x194 CMakeFiles/hw1.dir/Core/Src/gpio.c.obj
                0x0800038c                MX_GPIO_Init
 .text.MX_I2C1_Init
                0x08000520       0x80 CMakeFiles/hw1.dir/Core/Src/i2c.c.obj
                0x08000520                MX_I2C1_Init
 .text.HAL_I2C_MspInit
                0x080005a0       0xd0 CMakeFiles/hw1.dir/Core/Src/i2c.c.obj
                0x080005a0                HAL_I2C_MspInit
 .text.main     0x08000670       0x58 CMakeFiles/hw1.dir/Core/Src/main.c.obj
                0x08000670                main
 .text.SystemClock_Config
                0x080006c8       0xdc CMakeFiles/hw1.dir/Core/Src/main.c.obj
                0x080006c8                SystemClock_Config
 .text.MPU_Config
                0x080007a4       0x58 CMakeFiles/hw1.dir/Core/Src/main.c.obj
 .text.Error_Handler
                0x080007fc        0xc CMakeFiles/hw1.dir/Core/Src/main.c.obj
                0x080007fc                Error_Handler
 .text.HAL_MspInit
                0x08000808       0x34 CMakeFiles/hw1.dir/Core/Src/stm32h7xx_hal_msp.c.obj
                0x08000808                HAL_MspInit
 .text.NMI_Handler
                0x0800083c        0x8 CMakeFiles/hw1.dir/Core/Src/stm32h7xx_it.c.obj
                0x0800083c                NMI_Handler
 .text.HardFault_Handler
                0x08000844        0x8 CMakeFiles/hw1.dir/Core/Src/stm32h7xx_it.c.obj
                0x08000844                HardFault_Handler
 .text.MemManage_Handler
                0x0800084c        0x8 CMakeFiles/hw1.dir/Core/Src/stm32h7xx_it.c.obj
                0x0800084c                MemManage_Handler
 .text.BusFault_Handler
                0x08000854        0x8 CMakeFiles/hw1.dir/Core/Src/stm32h7xx_it.c.obj
                0x08000854                BusFault_Handler
 .text.UsageFault_Handler
                0x0800085c        0x8 CMakeFiles/hw1.dir/Core/Src/stm32h7xx_it.c.obj
                0x0800085c                UsageFault_Handler
 .text.SVC_Handler
                0x08000864        0xe CMakeFiles/hw1.dir/Core/Src/stm32h7xx_it.c.obj
                0x08000864                SVC_Handler
 .text.DebugMon_Handler
                0x08000872        0xe CMakeFiles/hw1.dir/Core/Src/stm32h7xx_it.c.obj
                0x08000872                DebugMon_Handler
 .text.PendSV_Handler
                0x08000880        0xe CMakeFiles/hw1.dir/Core/Src/stm32h7xx_it.c.obj
                0x08000880                PendSV_Handler
 .text.SysTick_Handler
                0x0800088e        0xc CMakeFiles/hw1.dir/Core/Src/stm32h7xx_it.c.obj
                0x0800088e                SysTick_Handler
 *fill*         0x0800089a        0x2 
 .text.USART1_IRQHandler
                0x0800089c       0x14 CMakeFiles/hw1.dir/Core/Src/stm32h7xx_it.c.obj
                0x0800089c                USART1_IRQHandler
 .text.USART2_IRQHandler
                0x080008b0       0x14 CMakeFiles/hw1.dir/Core/Src/stm32h7xx_it.c.obj
                0x080008b0                USART2_IRQHandler
 .text.UART4_IRQHandler
                0x080008c4       0x14 CMakeFiles/hw1.dir/Core/Src/stm32h7xx_it.c.obj
                0x080008c4                UART4_IRQHandler
 .text.UART5_IRQHandler
                0x080008d8       0x14 CMakeFiles/hw1.dir/Core/Src/stm32h7xx_it.c.obj
                0x080008d8                UART5_IRQHandler
 .text.TIM6_DAC_IRQHandler
                0x080008ec       0x14 CMakeFiles/hw1.dir/Core/Src/stm32h7xx_it.c.obj
                0x080008ec                TIM6_DAC_IRQHandler
 .text.USART6_IRQHandler
                0x08000900       0x14 CMakeFiles/hw1.dir/Core/Src/stm32h7xx_it.c.obj
                0x08000900                USART6_IRQHandler
 .text._getpid  0x08000914       0x10 CMakeFiles/hw1.dir/Core/Src/syscalls.c.obj
                0x08000914                _getpid
 .text._kill    0x08000924       0x20 CMakeFiles/hw1.dir/Core/Src/syscalls.c.obj
                0x08000924                _kill
 .text._exit    0x08000944       0x16 CMakeFiles/hw1.dir/Core/Src/syscalls.c.obj
                0x08000944                _exit
 *fill*         0x0800095a        0x2 
 .text._sbrk    0x0800095c       0x6c CMakeFiles/hw1.dir/Core/Src/sysmem.c.obj
                0x0800095c                _sbrk
 .text.SystemInit
                0x080009c8      0x120 CMakeFiles/hw1.dir/Core/Src/system_stm32h7xx.c.obj
                0x080009c8                SystemInit
 .text.ExitRun0Mode
                0x08000ae8       0x30 CMakeFiles/hw1.dir/Core/Src/system_stm32h7xx.c.obj
                0x08000ae8                ExitRun0Mode
 .text.MX_TIM1_Init
                0x08000b18      0x174 CMakeFiles/hw1.dir/Core/Src/tim.c.obj
                0x08000b18                MX_TIM1_Init
 .text.MX_TIM2_Init
                0x08000c8c       0x9c CMakeFiles/hw1.dir/Core/Src/tim.c.obj
                0x08000c8c                MX_TIM2_Init
 .text.MX_TIM3_Init
                0x08000d28       0xf0 CMakeFiles/hw1.dir/Core/Src/tim.c.obj
                0x08000d28                MX_TIM3_Init
 .text.MX_TIM4_Init
                0x08000e18      0x134 CMakeFiles/hw1.dir/Core/Src/tim.c.obj
                0x08000e18                MX_TIM4_Init
 .text.MX_TIM6_Init
                0x08000f4c       0x70 CMakeFiles/hw1.dir/Core/Src/tim.c.obj
                0x08000f4c                MX_TIM6_Init
 .text.MX_TIM24_Init
                0x08000fbc      0x134 CMakeFiles/hw1.dir/Core/Src/tim.c.obj
                0x08000fbc                MX_TIM24_Init
 .text.HAL_TIM_Base_MspInit
                0x080010f0      0x134 CMakeFiles/hw1.dir/Core/Src/tim.c.obj
                0x080010f0                HAL_TIM_Base_MspInit
 .text.HAL_TIM_MspPostInit
                0x08001224      0x170 CMakeFiles/hw1.dir/Core/Src/tim.c.obj
                0x08001224                HAL_TIM_MspPostInit
 .text.MX_UART4_Init
                0x08001394       0x98 CMakeFiles/hw1.dir/Core/Src/usart.c.obj
                0x08001394                MX_UART4_Init
 .text.MX_UART5_Init
                0x0800142c       0x98 CMakeFiles/hw1.dir/Core/Src/usart.c.obj
                0x0800142c                MX_UART5_Init
 .text.MX_USART1_UART_Init
                0x080014c4       0x98 CMakeFiles/hw1.dir/Core/Src/usart.c.obj
                0x080014c4                MX_USART1_UART_Init
 .text.MX_USART2_UART_Init
                0x0800155c       0x98 CMakeFiles/hw1.dir/Core/Src/usart.c.obj
                0x0800155c                MX_USART2_UART_Init
 .text.MX_USART6_UART_Init
                0x080015f4       0x98 CMakeFiles/hw1.dir/Core/Src/usart.c.obj
                0x080015f4                MX_USART6_UART_Init
 .text.HAL_UART_MspInit
                0x0800168c      0x53c CMakeFiles/hw1.dir/Core/Src/usart.c.obj
                0x0800168c                HAL_UART_MspInit
 .text._ZN14DistanceSensor11GetDistanceEv
                0x08001bc8       0x22 CMakeFiles/hw1.dir/Resources/Src/CommHostComputer.cpp.obj
                0x08001bc8                DistanceSensor::GetDistance()
 *fill*         0x08001bea        0x2 
 .text._ZN16CommHostComputer4InitEP20__UART_HandleTypeDef
                0x08001bec       0x40 CMakeFiles/hw1.dir/Resources/Src/CommHostComputer.cpp.obj
                0x08001bec                CommHostComputer::Init(__UART_HandleTypeDef*)
 .text._ZN16CommHostComputer6DecodeEv
                0x08001c2c      0x2b4 CMakeFiles/hw1.dir/Resources/Src/CommHostComputer.cpp.obj
                0x08001c2c                CommHostComputer::Decode()
 .text._ZN16CommHostComputer17EncodeAndSendDataEv
                0x08001ee0      0x1a0 CMakeFiles/hw1.dir/Resources/Src/CommHostComputer.cpp.obj
                0x08001ee0                CommHostComputer::EncodeAndSendData()
 .text._ZN10DeepSensor8GetDepthEv
                0x08002080       0x1e CMakeFiles/hw1.dir/Resources/Src/DeepSensor.cpp.obj
                0x08002080                DeepSensor::GetDepth()
 .text._ZN14DistanceSensor4InitEP20__UART_HandleTypeDef
                0x0800209e       0x28 CMakeFiles/hw1.dir/Resources/Src/DistanceSensor.cpp.obj
                0x0800209e                DistanceSensor::Init(__UART_HandleTypeDef*)
 .text._ZN14DistanceSensor6DecodeEv
                0x080020c6       0x98 CMakeFiles/hw1.dir/Resources/Src/DistanceSensor.cpp.obj
                0x080020c6                DistanceSensor::Decode()
 .text._ZSt4fabsf
                0x0800215e       0x20 CMakeFiles/hw1.dir/Resources/Src/Imu.cpp.obj
                0x0800215e                std::fabs(float)
 *fill*         0x0800217e        0x2 
 .text._ZN3Imu4InitEP20__UART_HandleTypeDef
                0x08002180       0x9c CMakeFiles/hw1.dir/Resources/Src/Imu.cpp.obj
                0x08002180                Imu::Init(__UART_HandleTypeDef*)
 .text._ZN3Imu6DecodeEv
                0x0800221c      0x4d8 CMakeFiles/hw1.dir/Resources/Src/Imu.cpp.obj
                0x0800221c                Imu::Decode()
 .text._ZN5Motor4InitEP17TIM_HandleTypeDefiiii
                0x080026f4       0xca CMakeFiles/hw1.dir/Resources/Src/Motor.cpp.obj
                0x080026f4                Motor::Init(TIM_HandleTypeDef*, int, int, int, int)
 .text._ZN5Motor8SetInputEi
                0x080027be       0xf4 CMakeFiles/hw1.dir/Resources/Src/Motor.cpp.obj
                0x080027be                Motor::SetInput(int)
 .text._ZN10DeepSensorC2Ev
                0x080028b2       0x3c CMakeFiles/hw1.dir/Tasks/Src/main_task.cpp.obj
                0x080028b2                DeepSensor::DeepSensor()
                0x080028b2                DeepSensor::DeepSensor()
 .text._ZN14DistanceSensorC2Ev
                0x080028ee       0x2e CMakeFiles/hw1.dir/Tasks/Src/main_task.cpp.obj
                0x080028ee                DistanceSensor::DistanceSensor()
                0x080028ee                DistanceSensor::DistanceSensor()
 .text._ZN3ImuC2Ev
                0x0800291c       0x84 CMakeFiles/hw1.dir/Tasks/Src/main_task.cpp.obj
                0x0800291c                Imu::Imu()
                0x0800291c                Imu::Imu()
 .text._ZN16CommHostComputer13SendDataFrameC2Ev
                0x080029a0       0x46 CMakeFiles/hw1.dir/Tasks/Src/main_task.cpp.obj
                0x080029a0                CommHostComputer::SendDataFrame::SendDataFrame()
                0x080029a0                CommHostComputer::SendDataFrame::SendDataFrame()
 .text._ZN16CommHostComputer3CmdC2Ev
                0x080029e6       0x48 CMakeFiles/hw1.dir/Tasks/Src/main_task.cpp.obj
                0x080029e6                CommHostComputer::Cmd::Cmd()
                0x080029e6                CommHostComputer::Cmd::Cmd()
 .text._ZN16CommHostComputerC2Ev
                0x08002a2e       0x4a CMakeFiles/hw1.dir/Tasks/Src/main_task.cpp.obj
                0x08002a2e                CommHostComputer::CommHostComputer()
                0x08002a2e                CommHostComputer::CommHostComputer()
 .text._ZN16CommHostComputer18RegisterDeepSensorEP10DeepSensor
                0x08002a78       0x1c CMakeFiles/hw1.dir/Tasks/Src/main_task.cpp.obj
                0x08002a78                CommHostComputer::RegisterDeepSensor(DeepSensor*)
 .text._ZN16CommHostComputer23RegisteDistanceSensor_xEP14DistanceSensor
                0x08002a94       0x1c CMakeFiles/hw1.dir/Tasks/Src/main_task.cpp.obj
                0x08002a94                CommHostComputer::RegisteDistanceSensor_x(DistanceSensor*)
 .text._ZN5MotorC2Ev
                0x08002ab0       0x40 CMakeFiles/hw1.dir/Tasks/Src/main_task.cpp.obj
                0x08002ab0                Motor::Motor()
                0x08002ab0                Motor::Motor()
 .text._Z23Start_Timer_Measurementv
                0x08002af0       0x28 CMakeFiles/hw1.dir/Tasks/Src/main_task.cpp.obj
                0x08002af0                Start_Timer_Measurement()
 .text._Z22Stop_Timer_Measurementv
                0x08002b18       0x4c CMakeFiles/hw1.dir/Tasks/Src/main_task.cpp.obj
                0x08002b18                Stop_Timer_Measurement()
 .text.MainInit
                0x08002b64      0x158 CMakeFiles/hw1.dir/Tasks/Src/main_task.cpp.obj
                0x08002b64                MainInit
 .text.MainTask
                0x08002cbc       0x9c CMakeFiles/hw1.dir/Tasks/Src/main_task.cpp.obj
                0x08002cbc                MainTask
 .text.HAL_TIM_PeriodElapsedCallback
                0x08002d58       0x38 CMakeFiles/hw1.dir/Tasks/Src/main_task.cpp.obj
                0x08002d58                HAL_TIM_PeriodElapsedCallback
 .text.HAL_UART_RxCpltCallback
                0x08002d90       0x88 CMakeFiles/hw1.dir/Tasks/Src/main_task.cpp.obj
                0x08002d90                HAL_UART_RxCpltCallback
 .text._Z41__static_initialization_and_destruction_0v
                0x08002e18      0x110 CMakeFiles/hw1.dir/Tasks/Src/main_task.cpp.obj
 .text._GLOBAL__sub_I_main_task_time_cost
                0x08002f28        0xa CMakeFiles/hw1.dir/Tasks/Src/main_task.cpp.obj
 *fill*         0x08002f32        0x2 
 .text.Reset_Handler
                0x08002f34       0x54 CMakeFiles/hw1.dir/startup_stm32h723xx.s.obj
                0x08002f34                Reset_Handler
 .text.Default_Handler
                0x08002f88        0x2 CMakeFiles/hw1.dir/startup_stm32h723xx.s.obj
                0x08002f88                RTC_Alarm_IRQHandler
                0x08002f88                EXTI2_IRQHandler
                0x08002f88                TIM8_CC_IRQHandler
                0x08002f88                UART8_IRQHandler
                0x08002f88                SPI4_IRQHandler
                0x08002f88                FDCAN3_IT0_IRQHandler
                0x08002f88                TIM1_CC_IRQHandler
                0x08002f88                BDMA_Channel6_IRQHandler
                0x08002f88                DMA2_Stream5_IRQHandler
                0x08002f88                DMA1_Stream5_IRQHandler
                0x08002f88                CORDIC_IRQHandler
                0x08002f88                BDMA_Channel1_IRQHandler
                0x08002f88                TAMP_STAMP_IRQHandler
                0x08002f88                EXTI3_IRQHandler
                0x08002f88                LPTIM4_IRQHandler
                0x08002f88                TIM8_TRG_COM_TIM14_IRQHandler
                0x08002f88                LPTIM2_IRQHandler
                0x08002f88                DFSDM1_FLT1_IRQHandler
                0x08002f88                DMAMUX2_OVR_IRQHandler
                0x08002f88                TIM8_UP_TIM13_IRQHandler
                0x08002f88                I2C3_ER_IRQHandler
                0x08002f88                DFSDM1_FLT2_IRQHandler
                0x08002f88                I2C5_EV_IRQHandler
                0x08002f88                USART10_IRQHandler
                0x08002f88                MDMA_IRQHandler
                0x08002f88                LPTIM3_IRQHandler
                0x08002f88                HSEM1_IRQHandler
                0x08002f88                EXTI0_IRQHandler
                0x08002f88                I2C2_EV_IRQHandler
                0x08002f88                DMA1_Stream2_IRQHandler
                0x08002f88                FPU_IRQHandler
                0x08002f88                OTG_HS_WKUP_IRQHandler
                0x08002f88                FDCAN1_IT1_IRQHandler
                0x08002f88                LTDC_ER_IRQHandler
                0x08002f88                DMA2_Stream2_IRQHandler
                0x08002f88                SPI1_IRQHandler
                0x08002f88                OCTOSPI1_IRQHandler
                0x08002f88                DMA2_Stream3_IRQHandler
                0x08002f88                OCTOSPI2_IRQHandler
                0x08002f88                DFSDM1_FLT3_IRQHandler
                0x08002f88                TIM23_IRQHandler
                0x08002f88                TIM17_IRQHandler
                0x08002f88                USART3_IRQHandler
                0x08002f88                BDMA_Channel7_IRQHandler
                0x08002f88                LPTIM5_IRQHandler
                0x08002f88                ADC3_IRQHandler
                0x08002f88                DMA2_Stream0_IRQHandler
                0x08002f88                TIM4_IRQHandler
                0x08002f88                BDMA_Channel2_IRQHandler
                0x08002f88                I2C1_EV_IRQHandler
                0x08002f88                DMA1_Stream6_IRQHandler
                0x08002f88                DMAMUX1_OVR_IRQHandler
                0x08002f88                DMA1_Stream1_IRQHandler
                0x08002f88                TIM16_IRQHandler
                0x08002f88                BDMA_Channel5_IRQHandler
                0x08002f88                TIM3_IRQHandler
                0x08002f88                RCC_IRQHandler
                0x08002f88                UART9_IRQHandler
                0x08002f88                TIM8_BRK_TIM12_IRQHandler
                0x08002f88                TIM1_TRG_COM_IRQHandler
                0x08002f88                Default_Handler
                0x08002f88                ECC_IRQHandler
                0x08002f88                FMAC_IRQHandler
                0x08002f88                CEC_IRQHandler
                0x08002f88                EXTI15_10_IRQHandler
                0x08002f88                BDMA_Channel0_IRQHandler
                0x08002f88                ADC_IRQHandler
                0x08002f88                I2C5_ER_IRQHandler
                0x08002f88                DMA1_Stream7_IRQHandler
                0x08002f88                SPI5_IRQHandler
                0x08002f88                TIM7_IRQHandler
                0x08002f88                FDCAN3_IT1_IRQHandler
                0x08002f88                SDMMC1_IRQHandler
                0x08002f88                TIM5_IRQHandler
                0x08002f88                DMA2_Stream7_IRQHandler
                0x08002f88                TIM15_IRQHandler
                0x08002f88                PVD_AVD_IRQHandler
                0x08002f88                I2C3_EV_IRQHandler
                0x08002f88                EXTI9_5_IRQHandler
                0x08002f88                RTC_WKUP_IRQHandler
                0x08002f88                LTDC_IRQHandler
                0x08002f88                ETH_WKUP_IRQHandler
                0x08002f88                SPDIF_RX_IRQHandler
                0x08002f88                SPI2_IRQHandler
                0x08002f88                OTG_HS_EP1_IN_IRQHandler
                0x08002f88                DMA1_Stream0_IRQHandler
                0x08002f88                TIM24_IRQHandler
                0x08002f88                CRS_IRQHandler
                0x08002f88                EXTI4_IRQHandler
                0x08002f88                RNG_IRQHandler
                0x08002f88                FDCAN2_IT1_IRQHandler
                0x08002f88                ETH_IRQHandler
                0x08002f88                TIM1_UP_IRQHandler
                0x08002f88                BDMA_Channel4_IRQHandler
                0x08002f88                OTG_HS_EP1_OUT_IRQHandler
                0x08002f88                WWDG_IRQHandler
                0x08002f88                SPI6_IRQHandler
                0x08002f88                MDIOS_IRQHandler
                0x08002f88                I2C4_EV_IRQHandler
                0x08002f88                FDCAN2_IT0_IRQHandler
                0x08002f88                LPUART1_IRQHandler
                0x08002f88                FDCAN1_IT0_IRQHandler
                0x08002f88                TIM2_IRQHandler
                0x08002f88                OTG_HS_IRQHandler
                0x08002f88                DMA2D_IRQHandler
                0x08002f88                TIM1_BRK_IRQHandler
                0x08002f88                EXTI1_IRQHandler
                0x08002f88                SDMMC2_IRQHandler
                0x08002f88                BDMA_Channel3_IRQHandler
                0x08002f88                DTS_IRQHandler
                0x08002f88                UART7_IRQHandler
                0x08002f88                MDIOS_WKUP_IRQHandler
                0x08002f88                DFSDM1_FLT0_IRQHandler
                0x08002f88                SAI4_IRQHandler
                0x08002f88                I2C2_ER_IRQHandler
                0x08002f88                DMA2_Stream1_IRQHandler
                0x08002f88                FLASH_IRQHandler
                0x08002f88                DMA2_Stream4_IRQHandler
                0x08002f88                SPI3_IRQHandler
                0x08002f88                WAKEUP_PIN_IRQHandler
                0x08002f88                DMA1_Stream4_IRQHandler
                0x08002f88                I2C1_ER_IRQHandler
                0x08002f88                FMC_IRQHandler
                0x08002f88                FDCAN_CAL_IRQHandler
                0x08002f88                SWPMI1_IRQHandler
                0x08002f88                COMP1_IRQHandler
                0x08002f88                LPTIM1_IRQHandler
                0x08002f88                DCMI_PSSI_IRQHandler
                0x08002f88                I2C4_ER_IRQHandler
                0x08002f88                DMA2_Stream6_IRQHandler
                0x08002f88                SAI1_IRQHandler
                0x08002f88                DMA1_Stream3_IRQHandler
 *fill*         0x08002f8a        0x2 
 .text.HAL_Init
                0x08002f8c       0x78 libdrivers.a(stm32h7xx_hal.c.obj)
                0x08002f8c                HAL_Init
 .text.HAL_InitTick
                0x08003004       0x6c libdrivers.a(stm32h7xx_hal.c.obj)
                0x08003004                HAL_InitTick
 .text.HAL_IncTick
                0x08003070       0x28 libdrivers.a(stm32h7xx_hal.c.obj)
                0x08003070                HAL_IncTick
 .text.HAL_GetTick
                0x08003098       0x18 libdrivers.a(stm32h7xx_hal.c.obj)
                0x08003098                HAL_GetTick
 .text.HAL_Delay
                0x080030b0       0x48 libdrivers.a(stm32h7xx_hal.c.obj)
                0x080030b0                HAL_Delay
 .text.__NVIC_SetPriorityGrouping
                0x080030f8       0x48 libdrivers.a(stm32h7xx_hal_cortex.c.obj)
 .text.__NVIC_GetPriorityGrouping
                0x08003140       0x1c libdrivers.a(stm32h7xx_hal_cortex.c.obj)
 .text.__NVIC_EnableIRQ
                0x0800315c       0x3c libdrivers.a(stm32h7xx_hal_cortex.c.obj)
 .text.__NVIC_SetPriority
                0x08003198       0x54 libdrivers.a(stm32h7xx_hal_cortex.c.obj)
 .text.NVIC_EncodePriority
                0x080031ec       0x66 libdrivers.a(stm32h7xx_hal_cortex.c.obj)
 *fill*         0x08003252        0x2 
 .text.SysTick_Config
                0x08003254       0x44 libdrivers.a(stm32h7xx_hal_cortex.c.obj)
 .text.HAL_NVIC_SetPriorityGrouping
                0x08003298       0x16 libdrivers.a(stm32h7xx_hal_cortex.c.obj)
                0x08003298                HAL_NVIC_SetPriorityGrouping
 .text.HAL_NVIC_SetPriority
                0x080032ae       0x34 libdrivers.a(stm32h7xx_hal_cortex.c.obj)
                0x080032ae                HAL_NVIC_SetPriority
 .text.HAL_NVIC_EnableIRQ
                0x080032e2       0x1c libdrivers.a(stm32h7xx_hal_cortex.c.obj)
                0x080032e2                HAL_NVIC_EnableIRQ
 .text.HAL_SYSTICK_Config
                0x080032fe       0x18 libdrivers.a(stm32h7xx_hal_cortex.c.obj)
                0x080032fe                HAL_SYSTICK_Config
 *fill*         0x08003316        0x2 
 .text.HAL_MPU_Disable
                0x08003318       0x30 libdrivers.a(stm32h7xx_hal_cortex.c.obj)
                0x08003318                HAL_MPU_Disable
 .text.HAL_MPU_Enable
                0x08003348       0x40 libdrivers.a(stm32h7xx_hal_cortex.c.obj)
                0x08003348                HAL_MPU_Enable
 .text.HAL_MPU_ConfigRegion
                0x08003388       0x80 libdrivers.a(stm32h7xx_hal_cortex.c.obj)
                0x08003388                HAL_MPU_ConfigRegion
 .text.HAL_GPIO_Init
                0x08003408      0x350 libdrivers.a(stm32h7xx_hal_gpio.c.obj)
                0x08003408                HAL_GPIO_Init
 .text.HAL_GPIO_WritePin
                0x08003758       0x32 libdrivers.a(stm32h7xx_hal_gpio.c.obj)
                0x08003758                HAL_GPIO_WritePin
 *fill*         0x0800378a        0x2 
 .text.HAL_I2C_Init
                0x0800378c      0x138 libdrivers.a(stm32h7xx_hal_i2c.c.obj)
                0x0800378c                HAL_I2C_Init
 .text.HAL_I2CEx_ConfigAnalogFilter
                0x080038c4       0x96 libdrivers.a(stm32h7xx_hal_i2c_ex.c.obj)
                0x080038c4                HAL_I2CEx_ConfigAnalogFilter
 .text.HAL_I2CEx_ConfigDigitalFilter
                0x0800395a       0x98 libdrivers.a(stm32h7xx_hal_i2c_ex.c.obj)
                0x0800395a                HAL_I2CEx_ConfigDigitalFilter
 *fill*         0x080039f2        0x2 
 .text.HAL_PWREx_ConfigSupply
                0x080039f4       0x74 libdrivers.a(stm32h7xx_hal_pwr_ex.c.obj)
                0x080039f4                HAL_PWREx_ConfigSupply
 .text.HAL_RCC_OscConfig
                0x08003a68      0x7b4 libdrivers.a(stm32h7xx_hal_rcc.c.obj)
                0x08003a68                HAL_RCC_OscConfig
 .text.HAL_RCC_ClockConfig
                0x0800421c      0x36c libdrivers.a(stm32h7xx_hal_rcc.c.obj)
                0x0800421c                HAL_RCC_ClockConfig
 .text.HAL_RCC_GetSysClockFreq
                0x08004588      0x2f4 libdrivers.a(stm32h7xx_hal_rcc.c.obj)
                0x08004588                HAL_RCC_GetSysClockFreq
 .text.HAL_RCC_GetHCLKFreq
                0x0800487c       0x60 libdrivers.a(stm32h7xx_hal_rcc.c.obj)
                0x0800487c                HAL_RCC_GetHCLKFreq
 .text.HAL_RCC_GetPCLK1Freq
                0x080048dc       0x2c libdrivers.a(stm32h7xx_hal_rcc.c.obj)
                0x080048dc                HAL_RCC_GetPCLK1Freq
 .text.HAL_RCC_GetPCLK2Freq
                0x08004908       0x2c libdrivers.a(stm32h7xx_hal_rcc.c.obj)
                0x08004908                HAL_RCC_GetPCLK2Freq
 .text.HAL_RCCEx_PeriphCLKConfig
                0x08004934     0x1340 libdrivers.a(stm32h7xx_hal_rcc_ex.c.obj)
                0x08004934                HAL_RCCEx_PeriphCLKConfig
 .text.HAL_RCCEx_GetD3PCLK1Freq
                0x08005c74       0x2c libdrivers.a(stm32h7xx_hal_rcc_ex.c.obj)
                0x08005c74                HAL_RCCEx_GetD3PCLK1Freq
 .text.HAL_RCCEx_GetPLL2ClockFreq
                0x08005ca0      0x2a8 libdrivers.a(stm32h7xx_hal_rcc_ex.c.obj)
                0x08005ca0                HAL_RCCEx_GetPLL2ClockFreq
 .text.HAL_RCCEx_GetPLL3ClockFreq
                0x08005f48      0x2a8 libdrivers.a(stm32h7xx_hal_rcc_ex.c.obj)
                0x08005f48                HAL_RCCEx_GetPLL3ClockFreq
 .text.RCCEx_PLL2_Config
                0x080061f0      0x164 libdrivers.a(stm32h7xx_hal_rcc_ex.c.obj)
 .text.RCCEx_PLL3_Config
                0x08006354      0x164 libdrivers.a(stm32h7xx_hal_rcc_ex.c.obj)
 .text.HAL_TIM_Base_Init
                0x080064b8       0xae libdrivers.a(stm32h7xx_hal_tim.c.obj)
                0x080064b8                HAL_TIM_Base_Init
 *fill*         0x08006566        0x2 
 .text.HAL_TIM_Base_Start
                0x08006568       0xfc libdrivers.a(stm32h7xx_hal_tim.c.obj)
                0x08006568                HAL_TIM_Base_Start
 .text.HAL_TIM_Base_Stop
                0x08006664       0x4e libdrivers.a(stm32h7xx_hal_tim.c.obj)
                0x08006664                HAL_TIM_Base_Stop
 *fill*         0x080066b2        0x2 
 .text.HAL_TIM_Base_Start_IT
                0x080066b4      0x10c libdrivers.a(stm32h7xx_hal_tim.c.obj)
                0x080066b4                HAL_TIM_Base_Start_IT
 .text.HAL_TIM_PWM_Init
                0x080067c0       0xae libdrivers.a(stm32h7xx_hal_tim.c.obj)
                0x080067c0                HAL_TIM_PWM_Init
 .text.HAL_TIM_PWM_MspInit
                0x0800686e       0x14 libdrivers.a(stm32h7xx_hal_tim.c.obj)
                0x0800686e                HAL_TIM_PWM_MspInit
 *fill*         0x08006882        0x2 
 .text.HAL_TIM_PWM_Start
                0x08006884      0x238 libdrivers.a(stm32h7xx_hal_tim.c.obj)
                0x08006884                HAL_TIM_PWM_Start
 .text.HAL_TIM_IRQHandler
                0x08006abc      0x20e libdrivers.a(stm32h7xx_hal_tim.c.obj)
                0x08006abc                HAL_TIM_IRQHandler
 *fill*         0x08006cca        0x2 
 .text.HAL_TIM_PWM_ConfigChannel
                0x08006ccc      0x228 libdrivers.a(stm32h7xx_hal_tim.c.obj)
                0x08006ccc                HAL_TIM_PWM_ConfigChannel
 .text.HAL_TIM_ConfigClockSource
                0x08006ef4      0x1f0 libdrivers.a(stm32h7xx_hal_tim.c.obj)
                0x08006ef4                HAL_TIM_ConfigClockSource
 .text.HAL_TIM_OC_DelayElapsedCallback
                0x080070e4       0x14 libdrivers.a(stm32h7xx_hal_tim.c.obj)
                0x080070e4                HAL_TIM_OC_DelayElapsedCallback
 .text.HAL_TIM_IC_CaptureCallback
                0x080070f8       0x14 libdrivers.a(stm32h7xx_hal_tim.c.obj)
                0x080070f8                HAL_TIM_IC_CaptureCallback
 .text.HAL_TIM_PWM_PulseFinishedCallback
                0x0800710c       0x14 libdrivers.a(stm32h7xx_hal_tim.c.obj)
                0x0800710c                HAL_TIM_PWM_PulseFinishedCallback
 .text.HAL_TIM_TriggerCallback
                0x08007120       0x14 libdrivers.a(stm32h7xx_hal_tim.c.obj)
                0x08007120                HAL_TIM_TriggerCallback
 .text.TIM_Base_SetConfig
                0x08007134      0x158 libdrivers.a(stm32h7xx_hal_tim.c.obj)
                0x08007134                TIM_Base_SetConfig
 .text.TIM_OC1_SetConfig
                0x0800728c      0x120 libdrivers.a(stm32h7xx_hal_tim.c.obj)
 .text.TIM_OC2_SetConfig
                0x080073ac      0x114 libdrivers.a(stm32h7xx_hal_tim.c.obj)
                0x080073ac                TIM_OC2_SetConfig
 .text.TIM_OC3_SetConfig
                0x080074c0      0x110 libdrivers.a(stm32h7xx_hal_tim.c.obj)
 .text.TIM_OC4_SetConfig
                0x080075d0       0xd4 libdrivers.a(stm32h7xx_hal_tim.c.obj)
 .text.TIM_OC5_SetConfig
                0x080076a4       0xc8 libdrivers.a(stm32h7xx_hal_tim.c.obj)
 .text.TIM_OC6_SetConfig
                0x0800776c       0xcc libdrivers.a(stm32h7xx_hal_tim.c.obj)
 .text.TIM_TI1_ConfigInputStage
                0x08007838       0x5e libdrivers.a(stm32h7xx_hal_tim.c.obj)
 .text.TIM_TI2_ConfigInputStage
                0x08007896       0x60 libdrivers.a(stm32h7xx_hal_tim.c.obj)
 *fill*         0x080078f6        0x2 
 .text.TIM_ITRx_SetConfig
                0x080078f8       0x3c libdrivers.a(stm32h7xx_hal_tim.c.obj)
 .text.TIM_ETR_SetConfig
                0x08007934       0x40 libdrivers.a(stm32h7xx_hal_tim.c.obj)
                0x08007934                TIM_ETR_SetConfig
 .text.TIM_CCxChannelCmd
                0x08007974       0x4a libdrivers.a(stm32h7xx_hal_tim.c.obj)
                0x08007974                TIM_CCxChannelCmd
 *fill*         0x080079be        0x2 
 .text.HAL_TIMEx_MasterConfigSynchronization
                0x080079c0      0x138 libdrivers.a(stm32h7xx_hal_tim_ex.c.obj)
                0x080079c0                HAL_TIMEx_MasterConfigSynchronization
 .text.HAL_TIMEx_ConfigBreakDeadTime
                0x08007af8      0x118 libdrivers.a(stm32h7xx_hal_tim_ex.c.obj)
                0x08007af8                HAL_TIMEx_ConfigBreakDeadTime
 .text.HAL_TIMEx_CommutCallback
                0x08007c10       0x14 libdrivers.a(stm32h7xx_hal_tim_ex.c.obj)
                0x08007c10                HAL_TIMEx_CommutCallback
 .text.HAL_TIMEx_BreakCallback
                0x08007c24       0x14 libdrivers.a(stm32h7xx_hal_tim_ex.c.obj)
                0x08007c24                HAL_TIMEx_BreakCallback
 .text.HAL_TIMEx_Break2Callback
                0x08007c38       0x14 libdrivers.a(stm32h7xx_hal_tim_ex.c.obj)
                0x08007c38                HAL_TIMEx_Break2Callback
 .text.HAL_UART_Init
                0x08007c4c       0xa0 libdrivers.a(stm32h7xx_hal_uart.c.obj)
                0x08007c4c                HAL_UART_Init
 .text.HAL_UART_Transmit
                0x08007cec      0x11c libdrivers.a(stm32h7xx_hal_uart.c.obj)
                0x08007cec                HAL_UART_Transmit
 .text.HAL_UART_Receive_IT
                0x08007e08       0x98 libdrivers.a(stm32h7xx_hal_uart.c.obj)
                0x08007e08                HAL_UART_Receive_IT
 .text.HAL_UART_IRQHandler
                0x08007ea0      0x7ac libdrivers.a(stm32h7xx_hal_uart.c.obj)
                0x08007ea0                HAL_UART_IRQHandler
 .text.HAL_UART_TxCpltCallback
                0x0800864c       0x14 libdrivers.a(stm32h7xx_hal_uart.c.obj)
                0x0800864c                HAL_UART_TxCpltCallback
 .text.HAL_UART_ErrorCallback
                0x08008660       0x14 libdrivers.a(stm32h7xx_hal_uart.c.obj)
                0x08008660                HAL_UART_ErrorCallback
 .text.HAL_UARTEx_RxEventCallback
                0x08008674       0x18 libdrivers.a(stm32h7xx_hal_uart.c.obj)
                0x08008674                HAL_UARTEx_RxEventCallback
 .text.UART_SetConfig
                0x0800868c      0xcd8 libdrivers.a(stm32h7xx_hal_uart.c.obj)
                0x0800868c                UART_SetConfig
 .text.UART_AdvFeatureConfig
                0x08009364      0x144 libdrivers.a(stm32h7xx_hal_uart.c.obj)
                0x08009364                UART_AdvFeatureConfig
 .text.UART_CheckIdleState
                0x080094a8      0x154 libdrivers.a(stm32h7xx_hal_uart.c.obj)
                0x080094a8                UART_CheckIdleState
 .text.UART_WaitOnFlagUntilTimeout
                0x080095fc       0xda libdrivers.a(stm32h7xx_hal_uart.c.obj)
                0x080095fc                UART_WaitOnFlagUntilTimeout
 *fill*         0x080096d6        0x2 
 .text.UART_Start_Receive_IT
                0x080096d8      0x244 libdrivers.a(stm32h7xx_hal_uart.c.obj)
                0x080096d8                UART_Start_Receive_IT
 .text.UART_EndRxTransfer
                0x0800991c       0xcc libdrivers.a(stm32h7xx_hal_uart.c.obj)
 .text.UART_DMAAbortOnError
                0x080099e8       0x24 libdrivers.a(stm32h7xx_hal_uart.c.obj)
 .text.UART_EndTransmit_IT
                0x08009a0c       0x56 libdrivers.a(stm32h7xx_hal_uart.c.obj)
 *fill*         0x08009a62        0x2 
 .text.UART_RxISR_8BIT
                0x08009a64      0x1b8 libdrivers.a(stm32h7xx_hal_uart.c.obj)
 .text.UART_RxISR_16BIT
                0x08009c1c      0x1b8 libdrivers.a(stm32h7xx_hal_uart.c.obj)
 .text.UART_RxISR_8BIT_FIFOEN
                0x08009dd4      0x364 libdrivers.a(stm32h7xx_hal_uart.c.obj)
 .text.UART_RxISR_16BIT_FIFOEN
                0x0800a138      0x36c libdrivers.a(stm32h7xx_hal_uart.c.obj)
 .text.HAL_UARTEx_WakeupCallback
                0x0800a4a4       0x14 libdrivers.a(stm32h7xx_hal_uart_ex.c.obj)
                0x0800a4a4                HAL_UARTEx_WakeupCallback
 .text.HAL_UARTEx_RxFifoFullCallback
                0x0800a4b8       0x14 libdrivers.a(stm32h7xx_hal_uart_ex.c.obj)
                0x0800a4b8                HAL_UARTEx_RxFifoFullCallback
 .text.HAL_UARTEx_TxFifoEmptyCallback
                0x0800a4cc       0x14 libdrivers.a(stm32h7xx_hal_uart_ex.c.obj)
                0x0800a4cc                HAL_UARTEx_TxFifoEmptyCallback
 .text.HAL_UARTEx_DisableFifoMode
                0x0800a4e0       0x72 libdrivers.a(stm32h7xx_hal_uart_ex.c.obj)
                0x0800a4e0                HAL_UARTEx_DisableFifoMode
 .text.HAL_UARTEx_SetTxFifoThreshold
                0x0800a552       0x7c libdrivers.a(stm32h7xx_hal_uart_ex.c.obj)
                0x0800a552                HAL_UARTEx_SetTxFifoThreshold
 .text.HAL_UARTEx_SetRxFifoThreshold
                0x0800a5ce       0x7c libdrivers.a(stm32h7xx_hal_uart_ex.c.obj)
                0x0800a5ce                HAL_UARTEx_SetRxFifoThreshold
 *fill*         0x0800a64a        0x2 
 .text.UARTEx_SetNbDataToProcess
                0x0800a64c       0x9c libdrivers.a(stm32h7xx_hal_uart_ex.c.obj)
 .text.HAL_DMA_Abort
                0x0800a6e8      0x63c libdrivers.a(stm32h7xx_hal_dma.c.obj)
                0x0800a6e8                HAL_DMA_Abort
 .text.HAL_DMA_Abort_IT
                0x0800ad24      0x48c libdrivers.a(stm32h7xx_hal_dma.c.obj)
                0x0800ad24                HAL_DMA_Abort_IT
 .text._Znwj    0x0800b1b0       0x22 D:/arm-gnu/bin/../lib/gcc/arm-none-eabi/13.3.1/thumb/v7e-m+dp/hard\libstdc++_nano.a(new_op.o)
                0x0800b1b0                operator new(unsigned int)
 *fill*         0x0800b1d2        0x2 
 .text._ZSt15get_new_handlerv
                0x0800b1d4       0x10 D:/arm-gnu/bin/../lib/gcc/arm-none-eabi/13.3.1/thumb/v7e-m+dp/hard\libstdc++_nano.a(new_handler.o)
                0x0800b1d4                std::get_new_handler()
 .text.abort    0x0800b1e4        0xe D:/arm-gnu/bin/../lib/gcc/arm-none-eabi/13.3.1/thumb/v7e-m+dp/hard\libc_nano.a(libc_a-abort.o)
                0x0800b1e4                abort
 *fill*         0x0800b1f2        0x2 
 .text.malloc   0x0800b1f4       0x10 D:/arm-gnu/bin/../lib/gcc/arm-none-eabi/13.3.1/thumb/v7e-m+dp/hard\libc_nano.a(libc_a-malloc.o)
                0x0800b1f4                malloc
 .text.sbrk_aligned
                0x0800b204       0x44 D:/arm-gnu/bin/../lib/gcc/arm-none-eabi/13.3.1/thumb/v7e-m+dp/hard\libc_nano.a(libc_a-mallocr.o)
 .text._malloc_r
                0x0800b248      0x100 D:/arm-gnu/bin/../lib/gcc/arm-none-eabi/13.3.1/thumb/v7e-m+dp/hard\libc_nano.a(libc_a-mallocr.o)
                0x0800b248                _malloc_r
 .text.__malloc_lock
                0x0800b348        0xc D:/arm-gnu/bin/../lib/gcc/arm-none-eabi/13.3.1/thumb/v7e-m+dp/hard\libc_nano.a(libc_a-mlock.o)
                0x0800b348                __malloc_lock
 .text.__malloc_unlock
                0x0800b354        0xc D:/arm-gnu/bin/../lib/gcc/arm-none-eabi/13.3.1/thumb/v7e-m+dp/hard\libc_nano.a(libc_a-mlock.o)
                0x0800b354                __malloc_unlock
 .text.memset   0x0800b360       0x10 D:/arm-gnu/bin/../lib/gcc/arm-none-eabi/13.3.1/thumb/v7e-m+dp/hard\libc_nano.a(libc_a-memset.o)
                0x0800b360                memset
 .text._raise_r
                0x0800b370       0x50 D:/arm-gnu/bin/../lib/gcc/arm-none-eabi/13.3.1/thumb/v7e-m+dp/hard\libc_nano.a(libc_a-signal.o)
                0x0800b370                _raise_r
 .text.raise    0x0800b3c0       0x10 D:/arm-gnu/bin/../lib/gcc/arm-none-eabi/13.3.1/thumb/v7e-m+dp/hard\libc_nano.a(libc_a-signal.o)
                0x0800b3c0                raise
 .text._kill_r  0x0800b3d0       0x24 D:/arm-gnu/bin/../lib/gcc/arm-none-eabi/13.3.1/thumb/v7e-m+dp/hard\libc_nano.a(libc_a-signalr.o)
                0x0800b3d0                _kill_r
 .text._getpid_r
                0x0800b3f4        0x4 D:/arm-gnu/bin/../lib/gcc/arm-none-eabi/13.3.1/thumb/v7e-m+dp/hard\libc_nano.a(libc_a-signalr.o)
                0x0800b3f4                _getpid_r
 .text._sbrk_r  0x0800b3f8       0x20 D:/arm-gnu/bin/../lib/gcc/arm-none-eabi/13.3.1/thumb/v7e-m+dp/hard\libc_nano.a(libc_a-sbrkr.o)
                0x0800b3f8                _sbrk_r
 .text.__errno  0x0800b418        0xc D:/arm-gnu/bin/../lib/gcc/arm-none-eabi/13.3.1/thumb/v7e-m+dp/hard\libc_nano.a(libc_a-errno.o)
                0x0800b418                __errno
 .text.__libc_init_array
                0x0800b424       0x48 D:/arm-gnu/bin/../lib/gcc/arm-none-eabi/13.3.1/thumb/v7e-m+dp/hard\libc_nano.a(libc_a-init.o)
                0x0800b424                __libc_init_array
 .text.__retarget_lock_acquire_recursive
                0x0800b46c        0x2 D:/arm-gnu/bin/../lib/gcc/arm-none-eabi/13.3.1/thumb/v7e-m+dp/hard\libc_nano.a(libc_a-lock.o)
                0x0800b46c                __retarget_lock_acquire_recursive
 .text.__retarget_lock_release_recursive
                0x0800b46e        0x2 D:/arm-gnu/bin/../lib/gcc/arm-none-eabi/13.3.1/thumb/v7e-m+dp/hard\libc_nano.a(libc_a-lock.o)
                0x0800b46e                __retarget_lock_release_recursive
 .text.__udivmoddi4
                0x0800b470      0x2bc D:/arm-gnu/bin/../lib/gcc/arm-none-eabi/13.3.1/thumb/v7e-m+dp/hard\libgcc.a(_udivmoddi4.o)
                0x0800b470                __udivmoddi4
 *(.glue_7)
 .glue_7        0x0800b72c        0x0 linker stubs
 *(.glue_7t)
 .glue_7t       0x0800b72c        0x0 linker stubs
 *(.eh_frame)
 .eh_frame      0x0800b72c        0x0 D:/arm-gnu/bin/../lib/gcc/arm-none-eabi/13.3.1/thumb/v7e-m+dp/hard/crtbegin.o
 *(.init)
 .init          0x0800b72c        0x4 D:/arm-gnu/bin/../lib/gcc/arm-none-eabi/13.3.1/thumb/v7e-m+dp/hard/crti.o
                0x0800b72c                _init
 .init          0x0800b730        0x8 D:/arm-gnu/bin/../lib/gcc/arm-none-eabi/13.3.1/thumb/v7e-m+dp/hard/crtn.o
 *(.fini)
 .fini          0x0800b738        0x4 D:/arm-gnu/bin/../lib/gcc/arm-none-eabi/13.3.1/thumb/v7e-m+dp/hard/crti.o
                0x0800b738                _fini
 .fini          0x0800b73c        0x8 D:/arm-gnu/bin/../lib/gcc/arm-none-eabi/13.3.1/thumb/v7e-m+dp/hard/crtn.o
                0x0800b744                        . = ALIGN (0x4)
                0x0800b744                        _etext = .

.vfp11_veneer   0x0800b744        0x0
 .vfp11_veneer  0x0800b744        0x0 linker stubs

.v4_bx          0x0800b744        0x0
 .v4_bx         0x0800b744        0x0 linker stubs

.iplt           0x0800b744        0x0
 .iplt          0x0800b744        0x0 D:/arm-gnu/bin/../lib/gcc/arm-none-eabi/13.3.1/thumb/v7e-m+dp/hard/crtbegin.o

.rodata         0x0800b744       0x40
                0x0800b744                        . = ALIGN (0x4)
 *(.rodata)
 .rodata        0x0800b744        0x5 CMakeFiles/hw1.dir/Resources/Src/Imu.cpp.obj
 *(.rodata*)
 *fill*         0x0800b749        0x3 
 .rodata.D1CorePrescTable
                0x0800b74c       0x10 CMakeFiles/hw1.dir/Core/Src/system_stm32h7xx.c.obj
                0x0800b74c                D1CorePrescTable
 .rodata.UARTPrescTable
                0x0800b75c       0x18 libdrivers.a(stm32h7xx_hal_uart.c.obj)
                0x0800b75c                UARTPrescTable
 .rodata.numerator.1
                0x0800b774        0x8 libdrivers.a(stm32h7xx_hal_uart_ex.c.obj)
 .rodata.denominator.0
                0x0800b77c        0x8 libdrivers.a(stm32h7xx_hal_uart_ex.c.obj)
                0x0800b784                        . = ALIGN (0x4)

.ARM.extab
 *(.ARM.extab* .gnu.linkonce.armextab.*)

.ARM            0x0800b784        0x8
                0x0800b784                        __exidx_start = .
 *(.ARM.exidx*)
 .ARM.exidx.text.__udivmoddi4
                0x0800b784        0x8 D:/arm-gnu/bin/../lib/gcc/arm-none-eabi/13.3.1/thumb/v7e-m+dp/hard\libgcc.a(_udivmoddi4.o)
                0x0800b78c                        __exidx_end = .

.rel.dyn        0x0800b78c        0x0
 .rel.iplt      0x0800b78c        0x0 D:/arm-gnu/bin/../lib/gcc/arm-none-eabi/13.3.1/thumb/v7e-m+dp/hard/crtbegin.o

.preinit_array  0x0800b78c        0x0
                0x0800b78c                        PROVIDE (__preinit_array_start = .)
 *(.preinit_array*)
                0x0800b78c                        PROVIDE (__preinit_array_end = .)

.init_array     0x0800b78c        0x8
                0x0800b78c                        PROVIDE (__init_array_start = .)
 *(SORT_BY_NAME(.init_array.*))
 *(.init_array*)
 .init_array    0x0800b78c        0x4 D:/arm-gnu/bin/../lib/gcc/arm-none-eabi/13.3.1/thumb/v7e-m+dp/hard/crtbegin.o
 .init_array    0x0800b790        0x4 CMakeFiles/hw1.dir/Tasks/Src/main_task.cpp.obj
                0x0800b794                        PROVIDE (__init_array_end = .)

.fini_array     0x0800b794        0x4
                [!provide]                        PROVIDE (__fini_array_start = .)
 *(SORT_BY_NAME(.fini_array.*))
 *(.fini_array*)
 .fini_array    0x0800b794        0x4 D:/arm-gnu/bin/../lib/gcc/arm-none-eabi/13.3.1/thumb/v7e-m+dp/hard/crtbegin.o
                [!provide]                        PROVIDE (__fini_array_end = .)
                0x0800b798                        _sidata = LOADADDR (.data)

.data           0x20000000       0x60 load address 0x0800b798
                0x20000000                        . = ALIGN (0x4)
                0x20000000                        _sdata = .
 *(.data)
 *(.data*)
 .data.SystemCoreClock
                0x20000000        0x4 CMakeFiles/hw1.dir/Core/Src/system_stm32h7xx.c.obj
                0x20000000                SystemCoreClock
 .data.SystemD2Clock
                0x20000004        0x4 CMakeFiles/hw1.dir/Core/Src/system_stm32h7xx.c.obj
                0x20000004                SystemD2Clock
 .data.uwTickPrio
                0x20000008        0x4 libdrivers.a(stm32h7xx_hal.c.obj)
                0x20000008                uwTickPrio
 .data.uwTickFreq
                0x2000000c        0x1 libdrivers.a(stm32h7xx_hal.c.obj)
                0x2000000c                uwTickFreq
 *fill*         0x2000000d        0x3 
 .data._impure_ptr
                0x20000010        0x4 D:/arm-gnu/bin/../lib/gcc/arm-none-eabi/13.3.1/thumb/v7e-m+dp/hard\libc_nano.a(libc_a-impure.o)
                0x20000010                _impure_ptr
 .data._impure_data
                0x20000014       0x4c D:/arm-gnu/bin/../lib/gcc/arm-none-eabi/13.3.1/thumb/v7e-m+dp/hard\libc_nano.a(libc_a-impure.o)
                0x20000014                _impure_data
                0x20000060                        . = ALIGN (0x4)
                0x20000060                        _edata = .

.tm_clone_table
                0x20000060        0x0 load address 0x0800b7f8
 .tm_clone_table
                0x20000060        0x0 D:/arm-gnu/bin/../lib/gcc/arm-none-eabi/13.3.1/thumb/v7e-m+dp/hard/crtbegin.o
 .tm_clone_table
                0x20000060        0x0 D:/arm-gnu/bin/../lib/gcc/arm-none-eabi/13.3.1/thumb/v7e-m+dp/hard/crtend.o

.igot.plt       0x20000060        0x0 load address 0x0800b7f8
 .igot.plt      0x20000060        0x0 D:/arm-gnu/bin/../lib/gcc/arm-none-eabi/13.3.1/thumb/v7e-m+dp/hard/crtbegin.o
                0x20000060                        . = ALIGN (0x4)

.bss            0x20000060      0x6b8 load address 0x0800b7f8
                0x20000060                        _sbss = .
                0x20000060                        __bss_start__ = _sbss
 *(.bss)
 *(.bss*)
 .bss.completed.1
                0x20000060        0x1 D:/arm-gnu/bin/../lib/gcc/arm-none-eabi/13.3.1/thumb/v7e-m+dp/hard/crtbegin.o
 *fill*         0x20000061        0x3 
 .bss.object.0  0x20000064       0x18 D:/arm-gnu/bin/../lib/gcc/arm-none-eabi/13.3.1/thumb/v7e-m+dp/hard/crtbegin.o
 .bss.hi2c1     0x2000007c       0x54 CMakeFiles/hw1.dir/Core/Src/i2c.c.obj
                0x2000007c                hi2c1
 .bss.__sbrk_heap_end
                0x200000d0        0x4 CMakeFiles/hw1.dir/Core/Src/sysmem.c.obj
 .bss.htim1     0x200000d4       0x4c CMakeFiles/hw1.dir/Core/Src/tim.c.obj
                0x200000d4                htim1
 .bss.htim2     0x20000120       0x4c CMakeFiles/hw1.dir/Core/Src/tim.c.obj
                0x20000120                htim2
 .bss.htim3     0x2000016c       0x4c CMakeFiles/hw1.dir/Core/Src/tim.c.obj
                0x2000016c                htim3
 .bss.htim4     0x200001b8       0x4c CMakeFiles/hw1.dir/Core/Src/tim.c.obj
                0x200001b8                htim4
 .bss.htim6     0x20000204       0x4c CMakeFiles/hw1.dir/Core/Src/tim.c.obj
                0x20000204                htim6
 .bss.htim24    0x20000250       0x4c CMakeFiles/hw1.dir/Core/Src/tim.c.obj
                0x20000250                htim24
 .bss.huart4    0x2000029c       0x94 CMakeFiles/hw1.dir/Core/Src/usart.c.obj
                0x2000029c                huart4
 .bss.huart5    0x20000330       0x94 CMakeFiles/hw1.dir/Core/Src/usart.c.obj
                0x20000330                huart5
 .bss.huart1    0x200003c4       0x94 CMakeFiles/hw1.dir/Core/Src/usart.c.obj
                0x200003c4                huart1
 .bss.huart2    0x20000458       0x94 CMakeFiles/hw1.dir/Core/Src/usart.c.obj
                0x20000458                huart2
 .bss.huart6    0x200004ec       0x94 CMakeFiles/hw1.dir/Core/Src/usart.c.obj
                0x200004ec                huart6
 .bss._ZZN3Imu6DecodeEvE18yaw_corrected_flag
                0x20000580        0x4 CMakeFiles/hw1.dir/Resources/Src/Imu.cpp.obj
 .bss._ZZN3Imu6DecodeEvE10pitch_last
                0x20000584        0x4 CMakeFiles/hw1.dir/Resources/Src/Imu.cpp.obj
 .bss._ZZN3Imu6DecodeEvE9roll_last
                0x20000588        0x4 CMakeFiles/hw1.dir/Resources/Src/Imu.cpp.obj
 .bss.main_task_time_cost
                0x2000058c        0x4 CMakeFiles/hw1.dir/Tasks/Src/main_task.cpp.obj
                0x2000058c                main_task_time_cost
 .bss.start_time
                0x20000590        0x4 CMakeFiles/hw1.dir/Tasks/Src/main_task.cpp.obj
                0x20000590                start_time
 .bss.end_time  0x20000594        0x4 CMakeFiles/hw1.dir/Tasks/Src/main_task.cpp.obj
                0x20000594                end_time
 .bss.execution_time_us
                0x20000598        0x4 CMakeFiles/hw1.dir/Tasks/Src/main_task.cpp.obj
                0x20000598                execution_time_us
 .bss.deep_sensor_ptr
                0x2000059c        0x4 CMakeFiles/hw1.dir/Tasks/Src/main_task.cpp.obj
                0x2000059c                deep_sensor_ptr
 .bss.distance_sensor_x_ptr
                0x200005a0        0x4 CMakeFiles/hw1.dir/Tasks/Src/main_task.cpp.obj
                0x200005a0                distance_sensor_x_ptr
 .bss.distance_sensor_y_ptr
                0x200005a4        0x4 CMakeFiles/hw1.dir/Tasks/Src/main_task.cpp.obj
                0x200005a4                distance_sensor_y_ptr
 .bss.imu_ptr   0x200005a8        0x4 CMakeFiles/hw1.dir/Tasks/Src/main_task.cpp.obj
                0x200005a8                imu_ptr
 .bss.motor1_ptr
                0x200005ac        0x4 CMakeFiles/hw1.dir/Tasks/Src/main_task.cpp.obj
                0x200005ac                motor1_ptr
 .bss.motor2_ptr
                0x200005b0        0x4 CMakeFiles/hw1.dir/Tasks/Src/main_task.cpp.obj
                0x200005b0                motor2_ptr
 .bss.motor3_ptr
                0x200005b4        0x4 CMakeFiles/hw1.dir/Tasks/Src/main_task.cpp.obj
                0x200005b4                motor3_ptr
 .bss.motor4_ptr
                0x200005b8        0x4 CMakeFiles/hw1.dir/Tasks/Src/main_task.cpp.obj
                0x200005b8                motor4_ptr
 .bss.motor5_ptr
                0x200005bc        0x4 CMakeFiles/hw1.dir/Tasks/Src/main_task.cpp.obj
                0x200005bc                motor5_ptr
 .bss.motor6_ptr
                0x200005c0        0x4 CMakeFiles/hw1.dir/Tasks/Src/main_task.cpp.obj
                0x200005c0                motor6_ptr
 .bss.lora_ptr  0x200005c4        0x4 CMakeFiles/hw1.dir/Tasks/Src/main_task.cpp.obj
                0x200005c4                lora_ptr
 .bss.uwTick    0x200005c8        0x4 libdrivers.a(stm32h7xx_hal.c.obj)
                0x200005c8                uwTick
 .bss._ZN12_GLOBAL__N_113__new_handlerE
                0x200005cc        0x4 D:/arm-gnu/bin/../lib/gcc/arm-none-eabi/13.3.1/thumb/v7e-m+dp/hard\libstdc++_nano.a(new_handler.o)
 .bss.__malloc_sbrk_start
                0x200005d0        0x4 D:/arm-gnu/bin/../lib/gcc/arm-none-eabi/13.3.1/thumb/v7e-m+dp/hard\libc_nano.a(libc_a-mallocr.o)
                0x200005d0                __malloc_sbrk_start
 .bss.__malloc_free_list
                0x200005d4        0x4 D:/arm-gnu/bin/../lib/gcc/arm-none-eabi/13.3.1/thumb/v7e-m+dp/hard\libc_nano.a(libc_a-mallocr.o)
                0x200005d4                __malloc_free_list
 .bss.__sf      0x200005d8      0x138 D:/arm-gnu/bin/../lib/gcc/arm-none-eabi/13.3.1/thumb/v7e-m+dp/hard\libc_nano.a(libc_a-findfp.o)
                0x200005d8                __sf
 .bss.errno     0x20000710        0x4 D:/arm-gnu/bin/../lib/gcc/arm-none-eabi/13.3.1/thumb/v7e-m+dp/hard\libc_nano.a(libc_a-reent.o)
                0x20000710                errno
 .bss.__lock___malloc_recursive_mutex
                0x20000714        0x1 D:/arm-gnu/bin/../lib/gcc/arm-none-eabi/13.3.1/thumb/v7e-m+dp/hard\libc_nano.a(libc_a-lock.o)
                0x20000714                __lock___malloc_recursive_mutex
 *(COMMON)
                0x20000718                        . = ALIGN (0x4)
 *fill*         0x20000715        0x3 
                0x20000718                        _ebss = .
                0x20000718                        __bss_end__ = _ebss

._user_heap_stack
                0x20000718      0x600 load address 0x0800b7f8
                0x20000718                        . = ALIGN (0x8)
                [!provide]                        PROVIDE (end = .)
                0x20000718                        PROVIDE (_end = .)
                0x20000918                        . = (. + _Min_Heap_Size)
 *fill*         0x20000718      0x200 
                0x20000d18                        . = (. + _Min_Stack_Size)
 *fill*         0x20000918      0x400 
                0x20000d18                        . = ALIGN (0x8)

/DISCARD/
 libc.a(*)
 libm.a(*)
 libgcc.a(*)
OUTPUT(E:\2025UnderWaterRobot\Code\stm32h7test\build\hw1.elf elf32-littlearm)
LOAD linker stubs
LOAD D:/arm-gnu/bin/../lib/gcc/arm-none-eabi/13.3.1/thumb/v7e-m+dp/hard\libc.a
LOAD D:/arm-gnu/bin/../lib/gcc/arm-none-eabi/13.3.1/thumb/v7e-m+dp/hard\libm.a
LOAD D:/arm-gnu/bin/../lib/gcc/arm-none-eabi/13.3.1/thumb/v7e-m+dp/hard\libgcc.a

.ARM.attributes
                0x00000000       0x2e
 .ARM.attributes
                0x00000000       0x20 D:/arm-gnu/bin/../lib/gcc/arm-none-eabi/13.3.1/thumb/v7e-m+dp/hard/crti.o
 .ARM.attributes
                0x00000020       0x32 D:/arm-gnu/bin/../lib/gcc/arm-none-eabi/13.3.1/thumb/v7e-m+dp/hard/crtbegin.o
 .ARM.attributes
                0x00000052       0x32 CMakeFiles/hw1.dir/Core/Src/gpio.c.obj
 .ARM.attributes
                0x00000084       0x32 CMakeFiles/hw1.dir/Core/Src/i2c.c.obj
 .ARM.attributes
                0x000000b6       0x32 CMakeFiles/hw1.dir/Core/Src/main.c.obj
 .ARM.attributes
                0x000000e8       0x32 CMakeFiles/hw1.dir/Core/Src/stm32h7xx_hal_msp.c.obj
 .ARM.attributes
                0x0000011a       0x32 CMakeFiles/hw1.dir/Core/Src/stm32h7xx_it.c.obj
 .ARM.attributes
                0x0000014c       0x32 CMakeFiles/hw1.dir/Core/Src/syscalls.c.obj
 .ARM.attributes
                0x0000017e       0x32 CMakeFiles/hw1.dir/Core/Src/sysmem.c.obj
 .ARM.attributes
                0x000001b0       0x32 CMakeFiles/hw1.dir/Core/Src/system_stm32h7xx.c.obj
 .ARM.attributes
                0x000001e2       0x32 CMakeFiles/hw1.dir/Core/Src/tim.c.obj
 .ARM.attributes
                0x00000214       0x32 CMakeFiles/hw1.dir/Core/Src/usart.c.obj
 .ARM.attributes
                0x00000246       0x32 CMakeFiles/hw1.dir/Resources/Src/CommHostComputer.cpp.obj
 .ARM.attributes
                0x00000278       0x32 CMakeFiles/hw1.dir/Resources/Src/DeepSensor.cpp.obj
 .ARM.attributes
                0x000002aa       0x32 CMakeFiles/hw1.dir/Resources/Src/DistanceSensor.cpp.obj
 .ARM.attributes
                0x000002dc       0x32 CMakeFiles/hw1.dir/Resources/Src/Imu.cpp.obj
 .ARM.attributes
                0x0000030e       0x32 CMakeFiles/hw1.dir/Resources/Src/Motor.cpp.obj
 .ARM.attributes
                0x00000340       0x32 CMakeFiles/hw1.dir/Tasks/Src/main_task.cpp.obj
 .ARM.attributes
                0x00000372       0x21 CMakeFiles/hw1.dir/startup_stm32h723xx.s.obj
 .ARM.attributes
                0x00000393       0x32 libdrivers.a(stm32h7xx_hal.c.obj)
 .ARM.attributes
                0x000003c5       0x32 libdrivers.a(stm32h7xx_hal_cortex.c.obj)
 .ARM.attributes
                0x000003f7       0x32 libdrivers.a(stm32h7xx_hal_gpio.c.obj)
 .ARM.attributes
                0x00000429       0x32 libdrivers.a(stm32h7xx_hal_i2c.c.obj)
 .ARM.attributes
                0x0000045b       0x32 libdrivers.a(stm32h7xx_hal_i2c_ex.c.obj)
 .ARM.attributes
                0x0000048d       0x32 libdrivers.a(stm32h7xx_hal_pwr_ex.c.obj)
 .ARM.attributes
                0x000004bf       0x32 libdrivers.a(stm32h7xx_hal_rcc.c.obj)
 .ARM.attributes
                0x000004f1       0x32 libdrivers.a(stm32h7xx_hal_rcc_ex.c.obj)
 .ARM.attributes
                0x00000523       0x32 libdrivers.a(stm32h7xx_hal_tim.c.obj)
 .ARM.attributes
                0x00000555       0x32 libdrivers.a(stm32h7xx_hal_tim_ex.c.obj)
 .ARM.attributes
                0x00000587       0x32 libdrivers.a(stm32h7xx_hal_uart.c.obj)
 .ARM.attributes
                0x000005b9       0x32 libdrivers.a(stm32h7xx_hal_uart_ex.c.obj)
 .ARM.attributes
                0x000005eb       0x32 libdrivers.a(stm32h7xx_hal_dma.c.obj)
 .ARM.attributes
                0x0000061d       0x32 D:/arm-gnu/bin/../lib/gcc/arm-none-eabi/13.3.1/thumb/v7e-m+dp/hard\libstdc++_nano.a(new_op.o)
 .ARM.attributes
                0x0000064f       0x32 D:/arm-gnu/bin/../lib/gcc/arm-none-eabi/13.3.1/thumb/v7e-m+dp/hard\libstdc++_nano.a(new_handler.o)
 .ARM.attributes
                0x00000681       0x32 D:/arm-gnu/bin/../lib/gcc/arm-none-eabi/13.3.1/thumb/v7e-m+dp/hard\libc_nano.a(libc_a-abort.o)
 .ARM.attributes
                0x000006b3       0x32 D:/arm-gnu/bin/../lib/gcc/arm-none-eabi/13.3.1/thumb/v7e-m+dp/hard\libc_nano.a(libc_a-malloc.o)
 .ARM.attributes
                0x000006e5       0x32 D:/arm-gnu/bin/../lib/gcc/arm-none-eabi/13.3.1/thumb/v7e-m+dp/hard\libc_nano.a(libc_a-mallocr.o)
 .ARM.attributes
                0x00000717       0x32 D:/arm-gnu/bin/../lib/gcc/arm-none-eabi/13.3.1/thumb/v7e-m+dp/hard\libc_nano.a(libc_a-mlock.o)
 .ARM.attributes
                0x00000749       0x32 D:/arm-gnu/bin/../lib/gcc/arm-none-eabi/13.3.1/thumb/v7e-m+dp/hard\libc_nano.a(libc_a-findfp.o)
 .ARM.attributes
                0x0000077b       0x32 D:/arm-gnu/bin/../lib/gcc/arm-none-eabi/13.3.1/thumb/v7e-m+dp/hard\libc_nano.a(libc_a-memset.o)
 .ARM.attributes
                0x000007ad       0x32 D:/arm-gnu/bin/../lib/gcc/arm-none-eabi/13.3.1/thumb/v7e-m+dp/hard\libc_nano.a(libc_a-signal.o)
 .ARM.attributes
                0x000007df       0x32 D:/arm-gnu/bin/../lib/gcc/arm-none-eabi/13.3.1/thumb/v7e-m+dp/hard\libc_nano.a(libc_a-reent.o)
 .ARM.attributes
                0x00000811       0x32 D:/arm-gnu/bin/../lib/gcc/arm-none-eabi/13.3.1/thumb/v7e-m+dp/hard\libc_nano.a(libc_a-impure.o)
 .ARM.attributes
                0x00000843       0x32 D:/arm-gnu/bin/../lib/gcc/arm-none-eabi/13.3.1/thumb/v7e-m+dp/hard\libc_nano.a(libc_a-signalr.o)
 .ARM.attributes
                0x00000875       0x32 D:/arm-gnu/bin/../lib/gcc/arm-none-eabi/13.3.1/thumb/v7e-m+dp/hard\libc_nano.a(libc_a-sbrkr.o)
 .ARM.attributes
                0x000008a7       0x32 D:/arm-gnu/bin/../lib/gcc/arm-none-eabi/13.3.1/thumb/v7e-m+dp/hard\libc_nano.a(libc_a-errno.o)
 .ARM.attributes
                0x000008d9       0x32 D:/arm-gnu/bin/../lib/gcc/arm-none-eabi/13.3.1/thumb/v7e-m+dp/hard\libc_nano.a(libc_a-init.o)
 .ARM.attributes
                0x0000090b       0x32 D:/arm-gnu/bin/../lib/gcc/arm-none-eabi/13.3.1/thumb/v7e-m+dp/hard\libc_nano.a(libc_a-lock.o)
 .ARM.attributes
                0x0000093d       0x20 D:/arm-gnu/bin/../lib/gcc/arm-none-eabi/13.3.1/thumb/v7e-m+dp/hard\libgcc.a(_aeabi_uldivmod.o)
 .ARM.attributes
                0x0000095d       0x32 D:/arm-gnu/bin/../lib/gcc/arm-none-eabi/13.3.1/thumb/v7e-m+dp/hard\libgcc.a(_udivmoddi4.o)
 .ARM.attributes
                0x0000098f       0x20 D:/arm-gnu/bin/../lib/gcc/arm-none-eabi/13.3.1/thumb/v7e-m+dp/hard\libgcc.a(_dvmd_tls.o)
 .ARM.attributes
                0x000009af       0x32 D:/arm-gnu/bin/../lib/gcc/arm-none-eabi/13.3.1/thumb/v7e-m+dp/hard/crtend.o
 .ARM.attributes
                0x000009e1       0x20 D:/arm-gnu/bin/../lib/gcc/arm-none-eabi/13.3.1/thumb/v7e-m+dp/hard/crtn.o

.comment        0x00000000       0x45
 .comment       0x00000000       0x45 CMakeFiles/hw1.dir/Core/Src/gpio.c.obj
                                 0x46 (size before relaxing)
 .comment       0x00000045       0x46 CMakeFiles/hw1.dir/Core/Src/i2c.c.obj
 .comment       0x00000045       0x46 CMakeFiles/hw1.dir/Core/Src/main.c.obj
 .comment       0x00000045       0x46 CMakeFiles/hw1.dir/Core/Src/stm32h7xx_hal_msp.c.obj
 .comment       0x00000045       0x46 CMakeFiles/hw1.dir/Core/Src/stm32h7xx_it.c.obj
 .comment       0x00000045       0x46 CMakeFiles/hw1.dir/Core/Src/syscalls.c.obj
 .comment       0x00000045       0x46 CMakeFiles/hw1.dir/Core/Src/sysmem.c.obj
 .comment       0x00000045       0x46 CMakeFiles/hw1.dir/Core/Src/system_stm32h7xx.c.obj
 .comment       0x00000045       0x46 CMakeFiles/hw1.dir/Core/Src/tim.c.obj
 .comment       0x00000045       0x46 CMakeFiles/hw1.dir/Core/Src/usart.c.obj
 .comment       0x00000045       0x46 CMakeFiles/hw1.dir/Resources/Src/CommHostComputer.cpp.obj
 .comment       0x00000045       0x46 CMakeFiles/hw1.dir/Resources/Src/DeepSensor.cpp.obj
 .comment       0x00000045       0x46 CMakeFiles/hw1.dir/Resources/Src/DistanceSensor.cpp.obj
 .comment       0x00000045       0x46 CMakeFiles/hw1.dir/Resources/Src/Imu.cpp.obj
 .comment       0x00000045       0x46 CMakeFiles/hw1.dir/Resources/Src/Motor.cpp.obj
 .comment       0x00000045       0x46 CMakeFiles/hw1.dir/Tasks/Src/main_task.cpp.obj
 .comment       0x00000045       0x46 libdrivers.a(stm32h7xx_hal.c.obj)
 .comment       0x00000045       0x46 libdrivers.a(stm32h7xx_hal_cortex.c.obj)
 .comment       0x00000045       0x46 libdrivers.a(stm32h7xx_hal_gpio.c.obj)
 .comment       0x00000045       0x46 libdrivers.a(stm32h7xx_hal_i2c.c.obj)
 .comment       0x00000045       0x46 libdrivers.a(stm32h7xx_hal_i2c_ex.c.obj)
 .comment       0x00000045       0x46 libdrivers.a(stm32h7xx_hal_pwr_ex.c.obj)
 .comment       0x00000045       0x46 libdrivers.a(stm32h7xx_hal_rcc.c.obj)
 .comment       0x00000045       0x46 libdrivers.a(stm32h7xx_hal_rcc_ex.c.obj)
 .comment       0x00000045       0x46 libdrivers.a(stm32h7xx_hal_tim.c.obj)
 .comment       0x00000045       0x46 libdrivers.a(stm32h7xx_hal_tim_ex.c.obj)
 .comment       0x00000045       0x46 libdrivers.a(stm32h7xx_hal_uart.c.obj)
 .comment       0x00000045       0x46 libdrivers.a(stm32h7xx_hal_uart_ex.c.obj)
 .comment       0x00000045       0x46 libdrivers.a(stm32h7xx_hal_dma.c.obj)

.debug_info     0x00000000    0x26623
 .debug_info    0x00000000      0x6a4 CMakeFiles/hw1.dir/Core/Src/gpio.c.obj
 .debug_info    0x000006a4      0xfdc CMakeFiles/hw1.dir/Core/Src/i2c.c.obj
 .debug_info    0x00001680      0xc6f CMakeFiles/hw1.dir/Core/Src/main.c.obj
 .debug_info    0x000022ef      0x464 CMakeFiles/hw1.dir/Core/Src/stm32h7xx_hal_msp.c.obj
 .debug_info    0x00002753      0xc6e CMakeFiles/hw1.dir/Core/Src/stm32h7xx_it.c.obj
 .debug_info    0x000033c1      0x6a3 CMakeFiles/hw1.dir/Core/Src/syscalls.c.obj
 .debug_info    0x00003a64      0x168 CMakeFiles/hw1.dir/Core/Src/sysmem.c.obj
 .debug_info    0x00003bcc      0xbf0 CMakeFiles/hw1.dir/Core/Src/system_stm32h7xx.c.obj
 .debug_info    0x000047bc     0x1671 CMakeFiles/hw1.dir/Core/Src/tim.c.obj
 .debug_info    0x00005e2d     0x166f CMakeFiles/hw1.dir/Core/Src/usart.c.obj
 .debug_info    0x0000749c     0x251a CMakeFiles/hw1.dir/Resources/Src/CommHostComputer.cpp.obj
 .debug_info    0x000099b6      0x250 CMakeFiles/hw1.dir/Resources/Src/DeepSensor.cpp.obj
 .debug_info    0x00009c06     0x1f40 CMakeFiles/hw1.dir/Resources/Src/DistanceSensor.cpp.obj
 .debug_info    0x0000bb46     0x20d3 CMakeFiles/hw1.dir/Resources/Src/Imu.cpp.obj
 .debug_info    0x0000dc19     0x1f58 CMakeFiles/hw1.dir/Resources/Src/Motor.cpp.obj
 .debug_info    0x0000fb71     0x2e65 CMakeFiles/hw1.dir/Tasks/Src/main_task.cpp.obj
 .debug_info    0x000129d6       0x30 CMakeFiles/hw1.dir/startup_stm32h723xx.s.obj
 .debug_info    0x00012a06     0x1698 libdrivers.a(stm32h7xx_hal.c.obj)
 .debug_info    0x0001409e     0x10a5 libdrivers.a(stm32h7xx_hal_cortex.c.obj)
 .debug_info    0x00015143      0xc6b libdrivers.a(stm32h7xx_hal_gpio.c.obj)
 .debug_info    0x00015dae     0x22c9 libdrivers.a(stm32h7xx_hal_i2c.c.obj)
 .debug_info    0x00018077      0xd95 libdrivers.a(stm32h7xx_hal_i2c_ex.c.obj)
 .debug_info    0x00018e0c      0xdce libdrivers.a(stm32h7xx_hal_pwr_ex.c.obj)
 .debug_info    0x00019bda      0xd82 libdrivers.a(stm32h7xx_hal_rcc.c.obj)
 .debug_info    0x0001a95c     0x120b libdrivers.a(stm32h7xx_hal_rcc_ex.c.obj)
 .debug_info    0x0001bb67     0x2bae libdrivers.a(stm32h7xx_hal_tim.c.obj)
 .debug_info    0x0001e715     0x18c1 libdrivers.a(stm32h7xx_hal_tim_ex.c.obj)
 .debug_info    0x0001ffd6     0x4b1d libdrivers.a(stm32h7xx_hal_uart.c.obj)
 .debug_info    0x00024af3      0xfbf libdrivers.a(stm32h7xx_hal_uart_ex.c.obj)
 .debug_info    0x00025ab2      0xb71 libdrivers.a(stm32h7xx_hal_dma.c.obj)

.debug_abbrev   0x00000000     0x45db
 .debug_abbrev  0x00000000      0x189 CMakeFiles/hw1.dir/Core/Src/gpio.c.obj
 .debug_abbrev  0x00000189      0x24c CMakeFiles/hw1.dir/Core/Src/i2c.c.obj
 .debug_abbrev  0x000003d5      0x25c CMakeFiles/hw1.dir/Core/Src/main.c.obj
 .debug_abbrev  0x00000631       0xdb CMakeFiles/hw1.dir/Core/Src/stm32h7xx_hal_msp.c.obj
 .debug_abbrev  0x0000070c      0x1b5 CMakeFiles/hw1.dir/Core/Src/stm32h7xx_it.c.obj
 .debug_abbrev  0x000008c1      0x1b6 CMakeFiles/hw1.dir/Core/Src/syscalls.c.obj
 .debug_abbrev  0x00000a77       0xbc CMakeFiles/hw1.dir/Core/Src/sysmem.c.obj
 .debug_abbrev  0x00000b33      0x153 CMakeFiles/hw1.dir/Core/Src/system_stm32h7xx.c.obj
 .debug_abbrev  0x00000c86      0x279 CMakeFiles/hw1.dir/Core/Src/tim.c.obj
 .debug_abbrev  0x00000eff      0x288 CMakeFiles/hw1.dir/Core/Src/usart.c.obj
 .debug_abbrev  0x00001187      0x38a CMakeFiles/hw1.dir/Resources/Src/CommHostComputer.cpp.obj
 .debug_abbrev  0x00001511      0x151 CMakeFiles/hw1.dir/Resources/Src/DeepSensor.cpp.obj
 .debug_abbrev  0x00001662      0x2f3 CMakeFiles/hw1.dir/Resources/Src/DistanceSensor.cpp.obj
 .debug_abbrev  0x00001955      0x350 CMakeFiles/hw1.dir/Resources/Src/Imu.cpp.obj
 .debug_abbrev  0x00001ca5      0x31a CMakeFiles/hw1.dir/Resources/Src/Motor.cpp.obj
 .debug_abbrev  0x00001fbf      0x4b8 CMakeFiles/hw1.dir/Tasks/Src/main_task.cpp.obj
 .debug_abbrev  0x00002477       0x24 CMakeFiles/hw1.dir/startup_stm32h723xx.s.obj
 .debug_abbrev  0x0000249b      0x29e libdrivers.a(stm32h7xx_hal.c.obj)
 .debug_abbrev  0x00002739      0x339 libdrivers.a(stm32h7xx_hal_cortex.c.obj)
 .debug_abbrev  0x00002a72      0x205 libdrivers.a(stm32h7xx_hal_gpio.c.obj)
 .debug_abbrev  0x00002c77      0x25d libdrivers.a(stm32h7xx_hal_i2c.c.obj)
 .debug_abbrev  0x00002ed4      0x1f5 libdrivers.a(stm32h7xx_hal_i2c_ex.c.obj)
 .debug_abbrev  0x000030c9      0x295 libdrivers.a(stm32h7xx_hal_pwr_ex.c.obj)
 .debug_abbrev  0x0000335e      0x2b1 libdrivers.a(stm32h7xx_hal_rcc.c.obj)
 .debug_abbrev  0x0000360f      0x269 libdrivers.a(stm32h7xx_hal_rcc_ex.c.obj)
 .debug_abbrev  0x00003878      0x276 libdrivers.a(stm32h7xx_hal_tim.c.obj)
 .debug_abbrev  0x00003aee      0x296 libdrivers.a(stm32h7xx_hal_tim_ex.c.obj)
 .debug_abbrev  0x00003d84      0x33d libdrivers.a(stm32h7xx_hal_uart.c.obj)
 .debug_abbrev  0x000040c1      0x2d2 libdrivers.a(stm32h7xx_hal_uart_ex.c.obj)
 .debug_abbrev  0x00004393      0x248 libdrivers.a(stm32h7xx_hal_dma.c.obj)

.debug_aranges  0x00000000     0x16b8
 .debug_aranges
                0x00000000       0x20 CMakeFiles/hw1.dir/Core/Src/gpio.c.obj
 .debug_aranges
                0x00000020       0x30 CMakeFiles/hw1.dir/Core/Src/i2c.c.obj
 .debug_aranges
                0x00000050       0x38 CMakeFiles/hw1.dir/Core/Src/main.c.obj
 .debug_aranges
                0x00000088       0x20 CMakeFiles/hw1.dir/Core/Src/stm32h7xx_hal_msp.c.obj
 .debug_aranges
                0x000000a8       0x90 CMakeFiles/hw1.dir/Core/Src/stm32h7xx_it.c.obj
 .debug_aranges
                0x00000138       0xa8 CMakeFiles/hw1.dir/Core/Src/syscalls.c.obj
 .debug_aranges
                0x000001e0       0x20 CMakeFiles/hw1.dir/Core/Src/sysmem.c.obj
 .debug_aranges
                0x00000200       0x30 CMakeFiles/hw1.dir/Core/Src/system_stm32h7xx.c.obj
 .debug_aranges
                0x00000230       0x60 CMakeFiles/hw1.dir/Core/Src/tim.c.obj
 .debug_aranges
                0x00000290       0x50 CMakeFiles/hw1.dir/Core/Src/usart.c.obj
 .debug_aranges
                0x000002e0       0x40 CMakeFiles/hw1.dir/Resources/Src/CommHostComputer.cpp.obj
 .debug_aranges
                0x00000320       0x38 CMakeFiles/hw1.dir/Resources/Src/DeepSensor.cpp.obj
 .debug_aranges
                0x00000358       0x30 CMakeFiles/hw1.dir/Resources/Src/DistanceSensor.cpp.obj
 .debug_aranges
                0x00000388       0x30 CMakeFiles/hw1.dir/Resources/Src/Imu.cpp.obj
 .debug_aranges
                0x000003b8       0x30 CMakeFiles/hw1.dir/Resources/Src/Motor.cpp.obj
 .debug_aranges
                0x000003e8       0xa0 CMakeFiles/hw1.dir/Tasks/Src/main_task.cpp.obj
 .debug_aranges
                0x00000488       0x28 CMakeFiles/hw1.dir/startup_stm32h723xx.s.obj
 .debug_aranges
                0x000004b0      0x1c8 libdrivers.a(stm32h7xx_hal.c.obj)
 .debug_aranges
                0x00000678      0x130 libdrivers.a(stm32h7xx_hal_cortex.c.obj)
 .debug_aranges
                0x000007a8       0x58 libdrivers.a(stm32h7xx_hal_gpio.c.obj)
 .debug_aranges
                0x00000800      0x2a0 libdrivers.a(stm32h7xx_hal_i2c.c.obj)
 .debug_aranges
                0x00000aa0       0x48 libdrivers.a(stm32h7xx_hal_i2c_ex.c.obj)
 .debug_aranges
                0x00000ae8      0x148 libdrivers.a(stm32h7xx_hal_pwr_ex.c.obj)
 .debug_aranges
                0x00000c30       0x88 libdrivers.a(stm32h7xx_hal_rcc.c.obj)
 .debug_aranges
                0x00000cb8       0xf8 libdrivers.a(stm32h7xx_hal_rcc_ex.c.obj)
 .debug_aranges
                0x00000db0      0x3e0 libdrivers.a(stm32h7xx_hal_tim.c.obj)
 .debug_aranges
                0x00001190      0x198 libdrivers.a(stm32h7xx_hal_tim_ex.c.obj)
 .debug_aranges
                0x00001328      0x248 libdrivers.a(stm32h7xx_hal_uart.c.obj)
 .debug_aranges
                0x00001570       0xa8 libdrivers.a(stm32h7xx_hal_uart_ex.c.obj)
 .debug_aranges
                0x00001618       0xa0 libdrivers.a(stm32h7xx_hal_dma.c.obj)

.debug_rnglists
                0x00000000     0x11b1
 .debug_rnglists
                0x00000000       0x14 CMakeFiles/hw1.dir/Core/Src/gpio.c.obj
 .debug_rnglists
                0x00000014       0x21 CMakeFiles/hw1.dir/Core/Src/i2c.c.obj
 .debug_rnglists
                0x00000035       0x26 CMakeFiles/hw1.dir/Core/Src/main.c.obj
 .debug_rnglists
                0x0000005b       0x13 CMakeFiles/hw1.dir/Core/Src/stm32h7xx_hal_msp.c.obj
 .debug_rnglists
                0x0000006e       0x67 CMakeFiles/hw1.dir/Core/Src/stm32h7xx_it.c.obj
 .debug_rnglists
                0x000000d5       0x79 CMakeFiles/hw1.dir/Core/Src/syscalls.c.obj
 .debug_rnglists
                0x0000014e       0x13 CMakeFiles/hw1.dir/Core/Src/sysmem.c.obj
 .debug_rnglists
                0x00000161       0x21 CMakeFiles/hw1.dir/Core/Src/system_stm32h7xx.c.obj
 .debug_rnglists
                0x00000182       0x4b CMakeFiles/hw1.dir/Core/Src/tim.c.obj
 .debug_rnglists
                0x000001cd       0x3e CMakeFiles/hw1.dir/Core/Src/usart.c.obj
 .debug_rnglists
                0x0000020b       0x2d CMakeFiles/hw1.dir/Resources/Src/CommHostComputer.cpp.obj
 .debug_rnglists
                0x00000238       0x25 CMakeFiles/hw1.dir/Resources/Src/DeepSensor.cpp.obj
 .debug_rnglists
                0x0000025d       0x20 CMakeFiles/hw1.dir/Resources/Src/DistanceSensor.cpp.obj
 .debug_rnglists
                0x0000027d       0x21 CMakeFiles/hw1.dir/Resources/Src/Imu.cpp.obj
 .debug_rnglists
                0x0000029e       0x22 CMakeFiles/hw1.dir/Resources/Src/Motor.cpp.obj
 .debug_rnglists
                0x000002c0       0x78 CMakeFiles/hw1.dir/Tasks/Src/main_task.cpp.obj
 .debug_rnglists
                0x00000338       0x19 CMakeFiles/hw1.dir/startup_stm32h723xx.s.obj
 .debug_rnglists
                0x00000351      0x155 libdrivers.a(stm32h7xx_hal.c.obj)
 .debug_rnglists
                0x000004a6       0xe0 libdrivers.a(stm32h7xx_hal_cortex.c.obj)
 .debug_rnglists
                0x00000586       0x3f libdrivers.a(stm32h7xx_hal_gpio.c.obj)
 .debug_rnglists
                0x000005c5      0x22a libdrivers.a(stm32h7xx_hal_i2c.c.obj)
 .debug_rnglists
                0x000007ef       0x35 libdrivers.a(stm32h7xx_hal_i2c_ex.c.obj)
 .debug_rnglists
                0x00000824       0xf5 libdrivers.a(stm32h7xx_hal_pwr_ex.c.obj)
 .debug_rnglists
                0x00000919       0x68 libdrivers.a(stm32h7xx_hal_rcc.c.obj)
 .debug_rnglists
                0x00000981       0xc0 libdrivers.a(stm32h7xx_hal_rcc_ex.c.obj)
 .debug_rnglists
                0x00000a41      0x328 libdrivers.a(stm32h7xx_hal_tim.c.obj)
 .debug_rnglists
                0x00000d69      0x14d libdrivers.a(stm32h7xx_hal_tim_ex.c.obj)
 .debug_rnglists
                0x00000eb6      0x1fa libdrivers.a(stm32h7xx_hal_uart.c.obj)
 .debug_rnglists
                0x000010b0       0x7f libdrivers.a(stm32h7xx_hal_uart_ex.c.obj)
 .debug_rnglists
                0x0000112f       0x82 libdrivers.a(stm32h7xx_hal_dma.c.obj)

.debug_macro    0x00000000    0x3a38d
 .debug_macro   0x00000000      0x2ad CMakeFiles/hw1.dir/Core/Src/gpio.c.obj
 .debug_macro   0x000002ad      0xafc CMakeFiles/hw1.dir/Core/Src/gpio.c.obj
 .debug_macro   0x00000da9      0x238 CMakeFiles/hw1.dir/Core/Src/gpio.c.obj
 .debug_macro   0x00000fe1       0x2e CMakeFiles/hw1.dir/Core/Src/gpio.c.obj
 .debug_macro   0x0000100f       0x3b CMakeFiles/hw1.dir/Core/Src/gpio.c.obj
 .debug_macro   0x0000104a       0x22 CMakeFiles/hw1.dir/Core/Src/gpio.c.obj
 .debug_macro   0x0000106c       0x8e CMakeFiles/hw1.dir/Core/Src/gpio.c.obj
 .debug_macro   0x000010fa       0x51 CMakeFiles/hw1.dir/Core/Src/gpio.c.obj
 .debug_macro   0x0000114b      0x103 CMakeFiles/hw1.dir/Core/Src/gpio.c.obj
 .debug_macro   0x0000124e       0x6a CMakeFiles/hw1.dir/Core/Src/gpio.c.obj
 .debug_macro   0x000012b8      0x1df CMakeFiles/hw1.dir/Core/Src/gpio.c.obj
 .debug_macro   0x00001497       0x1c CMakeFiles/hw1.dir/Core/Src/gpio.c.obj
 .debug_macro   0x000014b3       0x22 CMakeFiles/hw1.dir/Core/Src/gpio.c.obj
 .debug_macro   0x000014d5       0xfb CMakeFiles/hw1.dir/Core/Src/gpio.c.obj
 .debug_macro   0x000015d0     0x1305 CMakeFiles/hw1.dir/Core/Src/gpio.c.obj
 .debug_macro   0x000028d5      0x11f CMakeFiles/hw1.dir/Core/Src/gpio.c.obj
 .debug_macro   0x000029f4       0x27 CMakeFiles/hw1.dir/Core/Src/gpio.c.obj
 .debug_macro   0x00002a1b    0x216c1 CMakeFiles/hw1.dir/Core/Src/gpio.c.obj
 .debug_macro   0x000240dc       0x6d CMakeFiles/hw1.dir/Core/Src/gpio.c.obj
 .debug_macro   0x00024149     0x3d64 CMakeFiles/hw1.dir/Core/Src/gpio.c.obj
 .debug_macro   0x00027ead      0x190 CMakeFiles/hw1.dir/Core/Src/gpio.c.obj
 .debug_macro   0x0002803d       0x7b CMakeFiles/hw1.dir/Core/Src/gpio.c.obj
 .debug_macro   0x000280b8       0x29 CMakeFiles/hw1.dir/Core/Src/gpio.c.obj
 .debug_macro   0x000280e1       0x3c CMakeFiles/hw1.dir/Core/Src/gpio.c.obj
 .debug_macro   0x0002811d       0x34 CMakeFiles/hw1.dir/Core/Src/gpio.c.obj
 .debug_macro   0x00028151      0x370 CMakeFiles/hw1.dir/Core/Src/gpio.c.obj
 .debug_macro   0x000284c1       0x16 CMakeFiles/hw1.dir/Core/Src/gpio.c.obj
 .debug_macro   0x000284d7       0x4a CMakeFiles/hw1.dir/Core/Src/gpio.c.obj
 .debug_macro   0x00028521       0x34 CMakeFiles/hw1.dir/Core/Src/gpio.c.obj
 .debug_macro   0x00028555       0x10 CMakeFiles/hw1.dir/Core/Src/gpio.c.obj
 .debug_macro   0x00028565       0x58 CMakeFiles/hw1.dir/Core/Src/gpio.c.obj
 .debug_macro   0x000285bd      0x1e5 CMakeFiles/hw1.dir/Core/Src/gpio.c.obj
 .debug_macro   0x000287a2      0x19b CMakeFiles/hw1.dir/Core/Src/gpio.c.obj
 .debug_macro   0x0002893d       0x5d CMakeFiles/hw1.dir/Core/Src/gpio.c.obj
 .debug_macro   0x0002899a     0x2462 CMakeFiles/hw1.dir/Core/Src/gpio.c.obj
 .debug_macro   0x0002adfc     0x1079 CMakeFiles/hw1.dir/Core/Src/gpio.c.obj
 .debug_macro   0x0002be75      0x154 CMakeFiles/hw1.dir/Core/Src/gpio.c.obj
 .debug_macro   0x0002bfc9      0x114 CMakeFiles/hw1.dir/Core/Src/gpio.c.obj
 .debug_macro   0x0002c0dd      0x3fc CMakeFiles/hw1.dir/Core/Src/gpio.c.obj
 .debug_macro   0x0002c4d9       0xac CMakeFiles/hw1.dir/Core/Src/gpio.c.obj
 .debug_macro   0x0002c585      0x788 CMakeFiles/hw1.dir/Core/Src/gpio.c.obj
 .debug_macro   0x0002cd0d      0x228 CMakeFiles/hw1.dir/Core/Src/gpio.c.obj
 .debug_macro   0x0002cf35       0x66 CMakeFiles/hw1.dir/Core/Src/gpio.c.obj
 .debug_macro   0x0002cf9b      0x3a6 CMakeFiles/hw1.dir/Core/Src/gpio.c.obj
 .debug_macro   0x0002d341      0x3f9 CMakeFiles/hw1.dir/Core/Src/gpio.c.obj
 .debug_macro   0x0002d73a      0x275 CMakeFiles/hw1.dir/Core/Src/gpio.c.obj
 .debug_macro   0x0002d9af      0x3ca CMakeFiles/hw1.dir/Core/Src/gpio.c.obj
 .debug_macro   0x0002dd79      0x45c CMakeFiles/hw1.dir/Core/Src/gpio.c.obj
 .debug_macro   0x0002e1d5       0x3c CMakeFiles/hw1.dir/Core/Src/gpio.c.obj
 .debug_macro   0x0002e211       0x4a CMakeFiles/hw1.dir/Core/Src/gpio.c.obj
 .debug_macro   0x0002e25b      0x22c CMakeFiles/hw1.dir/Core/Src/gpio.c.obj
 .debug_macro   0x0002e487       0x67 CMakeFiles/hw1.dir/Core/Src/gpio.c.obj
 .debug_macro   0x0002e4ee       0xa5 CMakeFiles/hw1.dir/Core/Src/gpio.c.obj
 .debug_macro   0x0002e593      0x1c4 CMakeFiles/hw1.dir/Core/Src/gpio.c.obj
 .debug_macro   0x0002e757      0x22a CMakeFiles/hw1.dir/Core/Src/gpio.c.obj
 .debug_macro   0x0002e981       0x35 CMakeFiles/hw1.dir/Core/Src/gpio.c.obj
 .debug_macro   0x0002e9b6      0xb24 CMakeFiles/hw1.dir/Core/Src/gpio.c.obj
 .debug_macro   0x0002f4da      0x29f CMakeFiles/hw1.dir/Core/Src/gpio.c.obj
 .debug_macro   0x0002f779      0x693 CMakeFiles/hw1.dir/Core/Src/gpio.c.obj
 .debug_macro   0x0002fe0c       0xa6 CMakeFiles/hw1.dir/Core/Src/gpio.c.obj
 .debug_macro   0x0002feb2      0x5f2 CMakeFiles/hw1.dir/Core/Src/gpio.c.obj
 .debug_macro   0x000304a4      0x2ad CMakeFiles/hw1.dir/Core/Src/i2c.c.obj
 .debug_macro   0x00030751      0x2e3 CMakeFiles/hw1.dir/Core/Src/main.c.obj
 .debug_macro   0x00030a34      0x2a3 CMakeFiles/hw1.dir/Core/Src/stm32h7xx_hal_msp.c.obj
 .debug_macro   0x00030cd7      0x2ad CMakeFiles/hw1.dir/Core/Src/stm32h7xx_it.c.obj
 .debug_macro   0x00030f84      0x265 CMakeFiles/hw1.dir/Core/Src/syscalls.c.obj
 .debug_macro   0x000311e9       0x75 CMakeFiles/hw1.dir/Core/Src/syscalls.c.obj
 .debug_macro   0x0003125e       0x94 CMakeFiles/hw1.dir/Core/Src/syscalls.c.obj
 .debug_macro   0x000312f2       0x57 CMakeFiles/hw1.dir/Core/Src/syscalls.c.obj
 .debug_macro   0x00031349       0x10 CMakeFiles/hw1.dir/Core/Src/syscalls.c.obj
 .debug_macro   0x00031359       0x3c CMakeFiles/hw1.dir/Core/Src/syscalls.c.obj
 .debug_macro   0x00031395       0x10 CMakeFiles/hw1.dir/Core/Src/syscalls.c.obj
 .debug_macro   0x000313a5       0x10 CMakeFiles/hw1.dir/Core/Src/syscalls.c.obj
 .debug_macro   0x000313b5       0x10 CMakeFiles/hw1.dir/Core/Src/syscalls.c.obj
 .debug_macro   0x000313c5       0x1c CMakeFiles/hw1.dir/Core/Src/syscalls.c.obj
 .debug_macro   0x000313e1       0x52 CMakeFiles/hw1.dir/Core/Src/syscalls.c.obj
 .debug_macro   0x00031433       0x22 CMakeFiles/hw1.dir/Core/Src/syscalls.c.obj
 .debug_macro   0x00031455       0x10 CMakeFiles/hw1.dir/Core/Src/syscalls.c.obj
 .debug_macro   0x00031465       0x52 CMakeFiles/hw1.dir/Core/Src/syscalls.c.obj
 .debug_macro   0x000314b7       0xcf CMakeFiles/hw1.dir/Core/Src/syscalls.c.obj
 .debug_macro   0x00031586       0x1c CMakeFiles/hw1.dir/Core/Src/syscalls.c.obj
 .debug_macro   0x000315a2       0x3d CMakeFiles/hw1.dir/Core/Src/syscalls.c.obj
 .debug_macro   0x000315df       0x35 CMakeFiles/hw1.dir/Core/Src/syscalls.c.obj
 .debug_macro   0x00031614      0x12c CMakeFiles/hw1.dir/Core/Src/syscalls.c.obj
 .debug_macro   0x00031740       0x16 CMakeFiles/hw1.dir/Core/Src/syscalls.c.obj
 .debug_macro   0x00031756       0x16 CMakeFiles/hw1.dir/Core/Src/syscalls.c.obj
 .debug_macro   0x0003176c       0x29 CMakeFiles/hw1.dir/Core/Src/syscalls.c.obj
 .debug_macro   0x00031795       0x10 CMakeFiles/hw1.dir/Core/Src/syscalls.c.obj
 .debug_macro   0x000317a5      0x242 CMakeFiles/hw1.dir/Core/Src/syscalls.c.obj
 .debug_macro   0x000319e7       0x1c CMakeFiles/hw1.dir/Core/Src/syscalls.c.obj
 .debug_macro   0x00031a03       0x10 CMakeFiles/hw1.dir/Core/Src/syscalls.c.obj
 .debug_macro   0x00031a13       0x10 CMakeFiles/hw1.dir/Core/Src/syscalls.c.obj
 .debug_macro   0x00031a23       0x16 CMakeFiles/hw1.dir/Core/Src/syscalls.c.obj
 .debug_macro   0x00031a39      0x170 CMakeFiles/hw1.dir/Core/Src/syscalls.c.obj
 .debug_macro   0x00031ba9      0x18a CMakeFiles/hw1.dir/Core/Src/syscalls.c.obj
 .debug_macro   0x00031d33       0x16 CMakeFiles/hw1.dir/Core/Src/syscalls.c.obj
 .debug_macro   0x00031d49       0xce CMakeFiles/hw1.dir/Core/Src/syscalls.c.obj
 .debug_macro   0x00031e17       0xff CMakeFiles/hw1.dir/Core/Src/sysmem.c.obj
 .debug_macro   0x00031f16      0x23c CMakeFiles/hw1.dir/Core/Src/sysmem.c.obj
 .debug_macro   0x00032152      0x299 CMakeFiles/hw1.dir/Core/Src/system_stm32h7xx.c.obj
 .debug_macro   0x000323eb      0x2ad CMakeFiles/hw1.dir/Core/Src/tim.c.obj
 .debug_macro   0x00032698      0x2ad CMakeFiles/hw1.dir/Core/Src/usart.c.obj
 .debug_macro   0x00032945      0x503 CMakeFiles/hw1.dir/Resources/Src/CommHostComputer.cpp.obj
 .debug_macro   0x00032e48      0xca0 CMakeFiles/hw1.dir/Resources/Src/CommHostComputer.cpp.obj
 .debug_macro   0x00033ae8       0x1c CMakeFiles/hw1.dir/Resources/Src/CommHostComputer.cpp.obj
 .debug_macro   0x00033b04       0x8e CMakeFiles/hw1.dir/Resources/Src/CommHostComputer.cpp.obj
 .debug_macro   0x00033b92     0x1305 CMakeFiles/hw1.dir/Resources/Src/CommHostComputer.cpp.obj
 .debug_macro   0x00034e97      0x197 CMakeFiles/hw1.dir/Resources/Src/CommHostComputer.cpp.obj
 .debug_macro   0x0003502e      0x1f2 CMakeFiles/hw1.dir/Resources/Src/CommHostComputer.cpp.obj
 .debug_macro   0x00035220       0x10 CMakeFiles/hw1.dir/Resources/Src/CommHostComputer.cpp.obj
 .debug_macro   0x00035230       0xd6 CMakeFiles/hw1.dir/Resources/Src/CommHostComputer.cpp.obj
 .debug_macro   0x00035306      0x103 CMakeFiles/hw1.dir/Resources/Src/CommHostComputer.cpp.obj
 .debug_macro   0x00035409      0x361 CMakeFiles/hw1.dir/Resources/Src/CommHostComputer.cpp.obj
 .debug_macro   0x0003576a       0x18 CMakeFiles/hw1.dir/Resources/Src/CommHostComputer.cpp.obj
 .debug_macro   0x00035782       0x34 CMakeFiles/hw1.dir/Resources/Src/CommHostComputer.cpp.obj
 .debug_macro   0x000357b6      0x38c CMakeFiles/hw1.dir/Resources/Src/CommHostComputer.cpp.obj
 .debug_macro   0x00035b42       0x4a CMakeFiles/hw1.dir/Resources/Src/CommHostComputer.cpp.obj
 .debug_macro   0x00035b8c      0x194 CMakeFiles/hw1.dir/Resources/Src/CommHostComputer.cpp.obj
 .debug_macro   0x00035d20       0x10 CMakeFiles/hw1.dir/Resources/Src/CommHostComputer.cpp.obj
 .debug_macro   0x00035d30       0x3c CMakeFiles/hw1.dir/Resources/Src/CommHostComputer.cpp.obj
 .debug_macro   0x00035d6c       0x10 CMakeFiles/hw1.dir/Resources/Src/CommHostComputer.cpp.obj
 .debug_macro   0x00035d7c      0x3d5 CMakeFiles/hw1.dir/Resources/Src/CommHostComputer.cpp.obj
 .debug_macro   0x00036151       0x16 CMakeFiles/hw1.dir/Resources/Src/CommHostComputer.cpp.obj
 .debug_macro   0x00036167       0x1c CMakeFiles/hw1.dir/Resources/Src/CommHostComputer.cpp.obj
 .debug_macro   0x00036183       0x4f CMakeFiles/hw1.dir/Resources/Src/CommHostComputer.cpp.obj
 .debug_macro   0x000361d2       0xa2 CMakeFiles/hw1.dir/Resources/Src/CommHostComputer.cpp.obj
 .debug_macro   0x00036274       0x25 CMakeFiles/hw1.dir/Resources/Src/CommHostComputer.cpp.obj
 .debug_macro   0x00036299       0x18 CMakeFiles/hw1.dir/Resources/Src/CommHostComputer.cpp.obj
 .debug_macro   0x000362b1       0x10 CMakeFiles/hw1.dir/Resources/Src/CommHostComputer.cpp.obj
 .debug_macro   0x000362c1       0x11 CMakeFiles/hw1.dir/Resources/Src/CommHostComputer.cpp.obj
 .debug_macro   0x000362d2       0x17 CMakeFiles/hw1.dir/Resources/Src/CommHostComputer.cpp.obj
 .debug_macro   0x000362e9       0x10 CMakeFiles/hw1.dir/Resources/Src/CommHostComputer.cpp.obj
 .debug_macro   0x000362f9       0x28 CMakeFiles/hw1.dir/Resources/Src/CommHostComputer.cpp.obj
 .debug_macro   0x00036321       0x2e CMakeFiles/hw1.dir/Resources/Src/CommHostComputer.cpp.obj
 .debug_macro   0x0003634f       0x16 CMakeFiles/hw1.dir/Resources/Src/CommHostComputer.cpp.obj
 .debug_macro   0x00036365       0x19 CMakeFiles/hw1.dir/Resources/Src/CommHostComputer.cpp.obj
 .debug_macro   0x0003637e       0x20 CMakeFiles/hw1.dir/Resources/Src/CommHostComputer.cpp.obj
 .debug_macro   0x0003639e       0x88 CMakeFiles/hw1.dir/Resources/Src/CommHostComputer.cpp.obj
 .debug_macro   0x00036426       0x25 CMakeFiles/hw1.dir/Resources/Src/CommHostComputer.cpp.obj
 .debug_macro   0x0003644b       0x19 CMakeFiles/hw1.dir/Resources/Src/CommHostComputer.cpp.obj
 .debug_macro   0x00036464      0x120 CMakeFiles/hw1.dir/Resources/Src/CommHostComputer.cpp.obj
 .debug_macro   0x00036584       0x11 CMakeFiles/hw1.dir/Resources/Src/CommHostComputer.cpp.obj
 .debug_macro   0x00036595       0x17 CMakeFiles/hw1.dir/Resources/Src/CommHostComputer.cpp.obj
 .debug_macro   0x000365ac       0x17 CMakeFiles/hw1.dir/Resources/Src/CommHostComputer.cpp.obj
 .debug_macro   0x000365c3       0x17 CMakeFiles/hw1.dir/Resources/Src/CommHostComputer.cpp.obj
 .debug_macro   0x000365da       0x17 CMakeFiles/hw1.dir/Resources/Src/CommHostComputer.cpp.obj
 .debug_macro   0x000365f1       0x17 CMakeFiles/hw1.dir/Resources/Src/CommHostComputer.cpp.obj
 .debug_macro   0x00036608       0x17 CMakeFiles/hw1.dir/Resources/Src/CommHostComputer.cpp.obj
 .debug_macro   0x0003661f      0x149 CMakeFiles/hw1.dir/Resources/Src/DeepSensor.cpp.obj
 .debug_macro   0x00036768       0x94 CMakeFiles/hw1.dir/Resources/Src/DeepSensor.cpp.obj
 .debug_macro   0x000367fc       0x16 CMakeFiles/hw1.dir/Resources/Src/DeepSensor.cpp.obj
 .debug_macro   0x00036812       0x9e CMakeFiles/hw1.dir/Resources/Src/DeepSensor.cpp.obj
 .debug_macro   0x000368b0      0x119 CMakeFiles/hw1.dir/Resources/Src/DeepSensor.cpp.obj
 .debug_macro   0x000369c9       0x16 CMakeFiles/hw1.dir/Resources/Src/DeepSensor.cpp.obj
 .debug_macro   0x000369df      0x138 CMakeFiles/hw1.dir/Resources/Src/DeepSensor.cpp.obj
 .debug_macro   0x00036b17       0x4c CMakeFiles/hw1.dir/Resources/Src/DeepSensor.cpp.obj
 .debug_macro   0x00036b63      0x4e9 CMakeFiles/hw1.dir/Resources/Src/DistanceSensor.cpp.obj
 .debug_macro   0x0003704c      0x4e9 CMakeFiles/hw1.dir/Resources/Src/Imu.cpp.obj
 .debug_macro   0x00037535      0x4e9 CMakeFiles/hw1.dir/Resources/Src/Motor.cpp.obj
 .debug_macro   0x00037a1e      0x584 CMakeFiles/hw1.dir/Tasks/Src/main_task.cpp.obj
 .debug_macro   0x00037fa2       0x1c CMakeFiles/hw1.dir/Tasks/Src/main_task.cpp.obj
 .debug_macro   0x00037fbe      0x2c3 libdrivers.a(stm32h7xx_hal.c.obj)
 .debug_macro   0x00038281      0x299 libdrivers.a(stm32h7xx_hal_cortex.c.obj)
 .debug_macro   0x0003851a      0x2a0 libdrivers.a(stm32h7xx_hal_gpio.c.obj)
 .debug_macro   0x000387ba      0x365 libdrivers.a(stm32h7xx_hal_i2c.c.obj)
 .debug_macro   0x00038b1f      0x299 libdrivers.a(stm32h7xx_hal_i2c_ex.c.obj)
 .debug_macro   0x00038db8      0x2d2 libdrivers.a(stm32h7xx_hal_pwr_ex.c.obj)
 .debug_macro   0x0003908a      0x2bd libdrivers.a(stm32h7xx_hal_rcc.c.obj)
 .debug_macro   0x00039347      0x2b7 libdrivers.a(stm32h7xx_hal_rcc_ex.c.obj)
 .debug_macro   0x000395fe      0x29a libdrivers.a(stm32h7xx_hal_tim.c.obj)
 .debug_macro   0x00039898      0x29f libdrivers.a(stm32h7xx_hal_tim_ex.c.obj)
 .debug_macro   0x00039b37      0x2c4 libdrivers.a(stm32h7xx_hal_uart.c.obj)
 .debug_macro   0x00039dfb      0x2a5 libdrivers.a(stm32h7xx_hal_uart_ex.c.obj)
 .debug_macro   0x0003a0a0      0x2ed libdrivers.a(stm32h7xx_hal_dma.c.obj)

.debug_line     0x00000000    0x1ef70
 .debug_line    0x00000000      0x669 CMakeFiles/hw1.dir/Core/Src/gpio.c.obj
 .debug_line    0x00000669      0x6d8 CMakeFiles/hw1.dir/Core/Src/i2c.c.obj
 .debug_line    0x00000d41      0x787 CMakeFiles/hw1.dir/Core/Src/main.c.obj
 .debug_line    0x000014c8      0x638 CMakeFiles/hw1.dir/Core/Src/stm32h7xx_hal_msp.c.obj
 .debug_line    0x00001b00      0x778 CMakeFiles/hw1.dir/Core/Src/stm32h7xx_it.c.obj
 .debug_line    0x00002278      0x552 CMakeFiles/hw1.dir/Core/Src/syscalls.c.obj
 .debug_line    0x000027ca      0x22e CMakeFiles/hw1.dir/Core/Src/sysmem.c.obj
 .debug_line    0x000029f8      0x82d CMakeFiles/hw1.dir/Core/Src/system_stm32h7xx.c.obj
 .debug_line    0x00003225      0xae0 CMakeFiles/hw1.dir/Core/Src/tim.c.obj
 .debug_line    0x00003d05      0xa0e CMakeFiles/hw1.dir/Core/Src/usart.c.obj
 .debug_line    0x00004713      0xf07 CMakeFiles/hw1.dir/Resources/Src/CommHostComputer.cpp.obj
 .debug_line    0x0000561a      0x32d CMakeFiles/hw1.dir/Resources/Src/DeepSensor.cpp.obj
 .debug_line    0x00005947      0xc09 CMakeFiles/hw1.dir/Resources/Src/DistanceSensor.cpp.obj
 .debug_line    0x00006550      0xd5c CMakeFiles/hw1.dir/Resources/Src/Imu.cpp.obj
 .debug_line    0x000072ac      0xcbd CMakeFiles/hw1.dir/Resources/Src/Motor.cpp.obj
 .debug_line    0x00007f69      0xf0f CMakeFiles/hw1.dir/Tasks/Src/main_task.cpp.obj
 .debug_line    0x00008e78       0x7b CMakeFiles/hw1.dir/startup_stm32h723xx.s.obj
 .debug_line    0x00008ef3      0xca2 libdrivers.a(stm32h7xx_hal.c.obj)
 .debug_line    0x00009b95      0xbfb libdrivers.a(stm32h7xx_hal_cortex.c.obj)
 .debug_line    0x0000a790      0xa86 libdrivers.a(stm32h7xx_hal_gpio.c.obj)
 .debug_line    0x0000b216     0x3988 libdrivers.a(stm32h7xx_hal_i2c.c.obj)
 .debug_line    0x0000eb9e      0x79f libdrivers.a(stm32h7xx_hal_i2c_ex.c.obj)
 .debug_line    0x0000f33d      0xce0 libdrivers.a(stm32h7xx_hal_pwr_ex.c.obj)
 .debug_line    0x0001001d     0x121f libdrivers.a(stm32h7xx_hal_rcc.c.obj)
 .debug_line    0x0001123c     0x1ad3 libdrivers.a(stm32h7xx_hal_rcc_ex.c.obj)
 .debug_line    0x00012d0f     0x3df1 libdrivers.a(stm32h7xx_hal_tim.c.obj)
 .debug_line    0x00016b00     0x1c2f libdrivers.a(stm32h7xx_hal_tim_ex.c.obj)
 .debug_line    0x0001872f     0x3705 libdrivers.a(stm32h7xx_hal_uart.c.obj)
 .debug_line    0x0001be34      0xba7 libdrivers.a(stm32h7xx_hal_uart_ex.c.obj)
 .debug_line    0x0001c9db     0x2595 libdrivers.a(stm32h7xx_hal_dma.c.obj)

.debug_str      0x00000000   0x157fac